Archive member included to satisfy reference by file (symbol)

C:/ST/STM32CubeIDE_1.19.0/STM32CubeIDE/plugins/com.st.stm32cube.ide.mcu.externaltools.gnu-tools-for-stm32.13.3.rel1.win32_1.0.0.202411081344/tools/bin/../lib/gcc/arm-none-eabi/13.3.1/../../../../arm-none-eabi/lib/thumb/v7e-m+dp/hard\libc_nano.a(libc_a-exit.o)
                              C:/ST/STM32CubeIDE_1.19.0/STM32CubeIDE/plugins/com.st.stm32cube.ide.mcu.externaltools.gnu-tools-for-stm32.13.3.rel1.win32_1.0.0.202411081344/tools/bin/../lib/gcc/arm-none-eabi/13.3.1/../../../../arm-none-eabi/lib/thumb/v7e-m+dp/hard/crt0.o (exit)
C:/ST/STM32CubeIDE_1.19.0/STM32CubeIDE/plugins/com.st.stm32cube.ide.mcu.externaltools.gnu-tools-for-stm32.13.3.rel1.win32_1.0.0.202411081344/tools/bin/../lib/gcc/arm-none-eabi/13.3.1/../../../../arm-none-eabi/lib/thumb/v7e-m+dp/hard\libc_nano.a(libc_a-findfp.o)
                              C:/ST/STM32CubeIDE_1.19.0/STM32CubeIDE/plugins/com.st.stm32cube.ide.mcu.externaltools.gnu-tools-for-stm32.13.3.rel1.win32_1.0.0.202411081344/tools/bin/../lib/gcc/arm-none-eabi/13.3.1/../../../../arm-none-eabi/lib/thumb/v7e-m+dp/hard\libc_nano.a(libc_a-exit.o) (__stdio_exit_handler)
C:/ST/STM32CubeIDE_1.19.0/STM32CubeIDE/plugins/com.st.stm32cube.ide.mcu.externaltools.gnu-tools-for-stm32.13.3.rel1.win32_1.0.0.202411081344/tools/bin/../lib/gcc/arm-none-eabi/13.3.1/../../../../arm-none-eabi/lib/thumb/v7e-m+dp/hard\libc_nano.a(libc_a-fwalk.o)
                              C:/ST/STM32CubeIDE_1.19.0/STM32CubeIDE/plugins/com.st.stm32cube.ide.mcu.externaltools.gnu-tools-for-stm32.13.3.rel1.win32_1.0.0.202411081344/tools/bin/../lib/gcc/arm-none-eabi/13.3.1/../../../../arm-none-eabi/lib/thumb/v7e-m+dp/hard\libc_nano.a(libc_a-findfp.o) (_fwalk_sglue)
C:/ST/STM32CubeIDE_1.19.0/STM32CubeIDE/plugins/com.st.stm32cube.ide.mcu.externaltools.gnu-tools-for-stm32.13.3.rel1.win32_1.0.0.202411081344/tools/bin/../lib/gcc/arm-none-eabi/13.3.1/../../../../arm-none-eabi/lib/thumb/v7e-m+dp/hard\libc_nano.a(libc_a-sprintf.o)
                              ./Core/Phoropter/Src/Common.o (sprintf)
C:/ST/STM32CubeIDE_1.19.0/STM32CubeIDE/plugins/com.st.stm32cube.ide.mcu.externaltools.gnu-tools-for-stm32.13.3.rel1.win32_1.0.0.202411081344/tools/bin/../lib/gcc/arm-none-eabi/13.3.1/../../../../arm-none-eabi/lib/thumb/v7e-m+dp/hard\libc_nano.a(libc_a-stdio.o)
                              C:/ST/STM32CubeIDE_1.19.0/STM32CubeIDE/plugins/com.st.stm32cube.ide.mcu.externaltools.gnu-tools-for-stm32.13.3.rel1.win32_1.0.0.202411081344/tools/bin/../lib/gcc/arm-none-eabi/13.3.1/../../../../arm-none-eabi/lib/thumb/v7e-m+dp/hard\libc_nano.a(libc_a-findfp.o) (__sread)
C:/ST/STM32CubeIDE_1.19.0/STM32CubeIDE/plugins/com.st.stm32cube.ide.mcu.externaltools.gnu-tools-for-stm32.13.3.rel1.win32_1.0.0.202411081344/tools/bin/../lib/gcc/arm-none-eabi/13.3.1/../../../../arm-none-eabi/lib/thumb/v7e-m+dp/hard\libc_nano.a(libc_a-memset.o)
                              C:/ST/STM32CubeIDE_1.19.0/STM32CubeIDE/plugins/com.st.stm32cube.ide.mcu.externaltools.gnu-tools-for-stm32.13.3.rel1.win32_1.0.0.202411081344/tools/bin/../lib/gcc/arm-none-eabi/13.3.1/../../../../arm-none-eabi/lib/thumb/v7e-m+dp/hard/crt0.o (memset)
C:/ST/STM32CubeIDE_1.19.0/STM32CubeIDE/plugins/com.st.stm32cube.ide.mcu.externaltools.gnu-tools-for-stm32.13.3.rel1.win32_1.0.0.202411081344/tools/bin/../lib/gcc/arm-none-eabi/13.3.1/../../../../arm-none-eabi/lib/thumb/v7e-m+dp/hard\libc_nano.a(libc_a-closer.o)
                              C:/ST/STM32CubeIDE_1.19.0/STM32CubeIDE/plugins/com.st.stm32cube.ide.mcu.externaltools.gnu-tools-for-stm32.13.3.rel1.win32_1.0.0.202411081344/tools/bin/../lib/gcc/arm-none-eabi/13.3.1/../../../../arm-none-eabi/lib/thumb/v7e-m+dp/hard\libc_nano.a(libc_a-stdio.o) (_close_r)
C:/ST/STM32CubeIDE_1.19.0/STM32CubeIDE/plugins/com.st.stm32cube.ide.mcu.externaltools.gnu-tools-for-stm32.13.3.rel1.win32_1.0.0.202411081344/tools/bin/../lib/gcc/arm-none-eabi/13.3.1/../../../../arm-none-eabi/lib/thumb/v7e-m+dp/hard\libc_nano.a(libc_a-reent.o)
                              C:/ST/STM32CubeIDE_1.19.0/STM32CubeIDE/plugins/com.st.stm32cube.ide.mcu.externaltools.gnu-tools-for-stm32.13.3.rel1.win32_1.0.0.202411081344/tools/bin/../lib/gcc/arm-none-eabi/13.3.1/../../../../arm-none-eabi/lib/thumb/v7e-m+dp/hard\libc_nano.a(libc_a-closer.o) (errno)
C:/ST/STM32CubeIDE_1.19.0/STM32CubeIDE/plugins/com.st.stm32cube.ide.mcu.externaltools.gnu-tools-for-stm32.13.3.rel1.win32_1.0.0.202411081344/tools/bin/../lib/gcc/arm-none-eabi/13.3.1/../../../../arm-none-eabi/lib/thumb/v7e-m+dp/hard\libc_nano.a(libc_a-impure.o)
                              C:/ST/STM32CubeIDE_1.19.0/STM32CubeIDE/plugins/com.st.stm32cube.ide.mcu.externaltools.gnu-tools-for-stm32.13.3.rel1.win32_1.0.0.202411081344/tools/bin/../lib/gcc/arm-none-eabi/13.3.1/../../../../arm-none-eabi/lib/thumb/v7e-m+dp/hard\libc_nano.a(libc_a-sprintf.o) (_impure_ptr)
[...]
Memory Configuration

Name             Origin             Length             Attributes
FLASH            0x08000000         0x00200000         xr
DTCMRAM          0x20000000         0x00020000         xrw
RAM_D1           0x24000000         0x00060000         xrw
RAM_D2           0x30000000         0x00008000         xrw
RAM2_D2          0x30020000         0x00004000         xrw
RAM_D3           0x38000000         0x00010000         xrw
ITCMRAM          0x00000000         0x00010000         xrw
*default*        0x00000000         0xffffffff

Linker script and memory map

LOAD C:/ST/STM32CubeIDE_1.19.0/STM32CubeIDE/plugins/com.st.stm32cube.ide.mcu.externaltools.gnu-tools-for-stm32.13.3.rel1.win32_1.0.0.202411081344/tools/bin/../lib/gcc/arm-none-eabi/13.3.1/thumb/v7e-m+dp/hard/crti.o
LOAD C:/ST/STM32CubeIDE_1.19.0/STM32CubeIDE/plugins/com.st.stm32cube.ide.mcu.externaltools.gnu-tools-for-stm32.13.3.rel1.win32_1.0.0.202411081344/tools/bin/../lib/gcc/arm-none-eabi/13.3.1/thumb/v7e-m+dp/hard/crtbegin.o
LOAD C:/ST/STM32CubeIDE_1.19.0/STM32CubeIDE/plugins/com.st.stm32cube.ide.mcu.externaltools.gnu-tools-for-stm32.13.3.rel1.win32_1.0.0.202411081344/tools/bin/../lib/gcc/arm-none-eabi/13.3.1/../../../../arm-none-eabi/lib/thumb/v7e-m+dp/hard/crt0.o
LOAD ./Core/Phoropter/Src/Common.o
LOAD ./Core/Phoropter/Src/Dc_cmd.o
LOAD ./Core/Phoropter/Src/Disc_cal.o
LOAD ./Core/Phoropter/Src/IO_Expander.o
LOAD ./Core/Phoropter/Src/PD_cmd.o
LOAD ./Core/Phoropter/Src/Prism_hor_cmd.o
LOAD ./Core/Phoropter/Src/Prism_polar2_cmd.o
LOAD ./Core/Phoropter/Src/Prism_polar_cmd.o
LOAD ./Core/Phoropter/Src/Prism_ver_cmd.o
LOAD ./Core/Phoropter/Src/Save_Flash_Values.o
LOAD ./Core/Phoropter/Src/Share_disc_homing.o
LOAD ./Core/Phoropter/Src/Spcl_cmd.o
LOAD ./Core/Phoropter/Src/axis_cmd.o
LOAD ./Core/Phoropter/Src/clear.o
LOAD ./Core/Phoropter/Src/cyl_cmd.o
LOAD ./Core/Phoropter/Src/process_cmd.o
LOAD ./Core/Phoropter/Src/spr_cmd.o
LOAD ./Core/Phoropter/Src/xcyl.o
LOAD ./Core/Src/FLASH_SECTOR_H7.o
LOAD ./Core/Src/main.o
LOAD ./Core/Src/stm32h7xx_hal_msp.o
LOAD ./Core/Src/stm32h7xx_it.o
LOAD ./Core/Src/syscalls.o
LOAD ./Core/Src/sysmem.o
LOAD ./Core/Src/system_stm32h7xx.o
LOAD ./Core/Startup/startup_stm32h742vitx.o
LOAD ./Drivers/STM32H7xx_HAL_Driver/Src/stm32h7xx_hal.o
LOAD ./Drivers/STM32H7xx_HAL_Driver/Src/stm32h7xx_hal_cortex.o
LOAD ./Drivers/STM32H7xx_HAL_Driver/Src/stm32h7xx_hal_dma.o
LOAD ./Drivers/STM32H7xx_HAL_Driver/Src/stm32h7xx_hal_dma_ex.o
LOAD ./Drivers/STM32H7xx_HAL_Driver/Src/stm32h7xx_hal_exti.o
LOAD ./Drivers/STM32H7xx_HAL_Driver/Src/stm32h7xx_hal_flash.o
LOAD ./Drivers/STM32H7xx_HAL_Driver/Src/stm32h7xx_hal_flash_ex.o
LOAD ./Drivers/STM32H7xx_HAL_Driver/Src/stm32h7xx_hal_gpio.o
LOAD ./Drivers/STM32H7xx_HAL_Driver/Src/stm32h7xx_hal_hsem.o
LOAD ./Drivers/STM32H7xx_HAL_Driver/Src/stm32h7xx_hal_i2c.o
LOAD ./Drivers/STM32H7xx_HAL_Driver/Src/stm32h7xx_hal_i2c_ex.o
LOAD ./Drivers/STM32H7xx_HAL_Driver/Src/stm32h7xx_hal_mdma.o
LOAD ./Drivers/STM32H7xx_HAL_Driver/Src/stm32h7xx_hal_pwr.o
LOAD ./Drivers/STM32H7xx_HAL_Driver/Src/stm32h7xx_hal_pwr_ex.o
LOAD ./Drivers/STM32H7xx_HAL_Driver/Src/stm32h7xx_hal_rcc.o
LOAD ./Drivers/STM32H7xx_HAL_Driver/Src/stm32h7xx_hal_rcc_ex.o
LOAD ./Drivers/STM32H7xx_HAL_Driver/Src/stm32h7xx_hal_tim.o
LOAD ./Drivers/STM32H7xx_HAL_Driver/Src/stm32h7xx_hal_tim_ex.o
LOAD ./Drivers/STM32H7xx_HAL_Driver/Src/stm32h7xx_hal_uart.o
LOAD ./Drivers/STM32H7xx_HAL_Driver/Src/stm32h7xx_hal_uart_ex.o
START GROUP
LOAD C:/ST/STM32CubeIDE_1.19.0/STM32CubeIDE/plugins/com.st.stm32cube.ide.mcu.externaltools.gnu-tools-for-stm32.13.3.rel1.win32_1.0.0.202411081344/tools/bin/../lib/gcc/arm-none-eabi/13.3.1/../../../../arm-none-eabi/lib/thumb/v7e-m+dp/hard\libc_nano.a
LOAD C:/ST/STM32CubeIDE_1.19.0/STM32CubeIDE/plugins/com.st.stm32cube.ide.mcu.externaltools.gnu-tools-for-stm32.13.3.rel1.win32_1.0.0.202411081344/tools/bin/../lib/gcc/arm-none-eabi/13.3.1/../../../../arm-none-eabi/lib/thumb/v7e-m+dp/hard\libm.a
END GROUP
START GROUP
LOAD C:/ST/STM32CubeIDE_1.19.0/STM32CubeIDE/plugins/com.st.stm32cube.ide.mcu.externaltools.gnu-tools-for-stm32.13.3.rel1.win32_1.0.0.202411081344/tools/bin/../lib/gcc/arm-none-eabi/13.3.1/thumb/v7e-m+dp/hard\libgcc.a
LOAD C:/ST/STM32CubeIDE_1.19.0/STM32CubeIDE/plugins/com.st.stm32cube.ide.mcu.externaltools.gnu-tools-for-stm32.13.3.rel1.win32_1.0.0.202411081344/tools/bin/../lib/gcc/arm-none-eabi/13.3.1/../../../../arm-none-eabi/lib/thumb/v7e-m+dp/hard\libc_nano.a
END GROUP
START GROUP
LOAD C:/ST/STM32CubeIDE_1.19.0/STM32CubeIDE/plugins/com.st.stm32cube.ide.mcu.externaltools.gnu-tools-for-stm32.13.3.rel1.win32_1.0.0.202411081344/tools/bin/../lib/gcc/arm-none-eabi/13.3.1/thumb/v7e-m+dp/hard\libgcc.a
LOAD C:/ST/STM32CubeIDE_1.19.0/STM32CubeIDE/plugins/com.st.stm32cube.ide.mcu.externaltools.gnu-tools-for-stm32.13.3.rel1.win32_1.0.0.202411081344/tools/bin/../lib/gcc/arm-none-eabi/13.3.1/../../../../arm-none-eabi/lib/thumb/v7e-m+dp/hard\libc_nano.a
LOAD C:/ST/STM32CubeIDE_1.19.0/STM32CubeIDE/plugins/com.st.stm32cube.ide.mcu.externaltools.gnu-tools-for-stm32.13.3.rel1.win32_1.0.0.202411081344/tools/bin/../lib/gcc/arm-none-eabi/13.3.1/../../../../arm-none-eabi/lib/thumb/v7e-m+dp/hard\libnosys.a
END GROUP
START GROUP
LOAD C:/ST/STM32CubeIDE_1.19.0/STM32CubeIDE/plugins/com.st.stm32cube.ide.mcu.externaltools.gnu-tools-for-stm32.13.3.rel1.win32_1.0.0.202411081344/tools/bin/../lib/gcc/arm-none-eabi/13.3.1/thumb/v7e-m+dp/hard\libgcc.a
LOAD C:/ST/STM32CubeIDE_1.19.0/STM32CubeIDE/plugins/com.st.stm32cube.ide.mcu.externaltools.gnu-tools-for-stm32.13.3.rel1.win32_1.0.0.202411081344/tools/bin/../lib/gcc/arm-none-eabi/13.3.1/../../../../arm-none-eabi/lib/thumb/v7e-m+dp/hard\libc_nano.a
LOAD C:/ST/STM32CubeIDE_1.19.0/STM32CubeIDE/plugins/com.st.stm32cube.ide.mcu.externaltools.gnu-tools-for-stm32.13.3.rel1.win32_1.0.0.202411081344/tools/bin/../lib/gcc/arm-none-eabi/13.3.1/../../../../arm-none-eabi/lib/thumb/v7e-m+dp/hard\libnosys.a
END GROUP
LOAD C:/ST/STM32CubeIDE_1.19.0/STM32CubeIDE/plugins/com.st.stm32cube.ide.mcu.externaltools.gnu-tools-for-stm32.13.3.rel1.win32_1.0.0.202411081344/tools/bin/../lib/gcc/arm-none-eabi/13.3.1/thumb/v7e-m+dp/hard/crtend.o
LOAD C:/ST/STM32CubeIDE_1.19.0/STM32CubeIDE/plugins/com.st.stm32cube.ide.mcu.externaltools.gnu-tools-for-stm32.13.3.rel1.win32_1.0.0.202411081344/tools/bin/../lib/gcc/arm-none-eabi/13.3.1/thumb/v7e-m+dp/hard/crtn.o
                0x24060000                        _estack = (ORIGIN (RAM_D1) + LENGTH (RAM_D1))
                0x00000200                        _Min_Heap_Size = 0x200
                0x00000400                        _Min_Stack_Size = 0x400

.isr_vector     0x08000000      0x298
                0x08000000                        . = ALIGN (0x4)
 *(.isr_vector)
 .isr_vector    0x08000000      0x298 ./Core/Startup/startup_stm32h742vitx.o
                0x08000000                g_pfnVectors
                0x08000298                        . = ALIGN (0x4)

.text           0x080002a0    0x23c9c
                0x080002a0                        . = ALIGN (0x4)
 *(.text)
 .text          0x080002a0       0x40 C:/ST/STM32CubeIDE_1.19.0/STM32CubeIDE/plugins/com.st.stm32cube.ide.mcu.externaltools.gnu-tools-for-stm32.13.3.rel1.win32_1.0.0.202411081344/tools/bin/../lib/gcc/arm-none-eabi/13.3.1/thumb/v7e-m+dp/hard/crtbegin.o
 .text          0x080002e0       0x10 C:/ST/STM32CubeIDE_1.19.0/STM32CubeIDE/plugins/com.st.stm32cube.ide.mcu.externaltools.gnu-tools-for-stm32.13.3.rel1.win32_1.0.0.202411081344/tools/bin/../lib/gcc/arm-none-eabi/13.3.1/../../../../arm-none-eabi/lib/thumb/v7e-m+dp/hard\libc_nano.a(libc_a-strlen.o)
                0x080002e0                strlen
 .text          0x080002f0       0xa0 C:/ST/STM32CubeIDE_1.19.0/STM32CubeIDE/plugins/com.st.stm32cube.ide.mcu.externaltools.gnu-tools-for-stm32.13.3.rel1.win32_1.0.0.202411081344/tools/bin/../lib/gcc/arm-none-eabi/13.3.1/../../../../arm-none-eabi/lib/thumb/v7e-m+dp/hard\libc_nano.a(libc_a-memchr.o)
                0x080002f0                memchr
 .text          0x08000390       0x30 C:/ST/STM32CubeIDE_1.19.0/STM32CubeIDE/plugins/com.st.stm32cube.ide.mcu.externaltools.gnu-tools-for-stm32.13.3.rel1.win32_1.0.0.202411081344/tools/bin/../lib/gcc/arm-none-eabi/13.3.1/thumb/v7e-m+dp/hard\libgcc.a(_aeabi_uldivmod.o)
                0x08000390                __aeabi_uldivmod
 .text          0x080003c0      0x2f8 C:/ST/STM32CubeIDE_1.19.0/STM32CubeIDE/plugins/com.st.stm32cube.ide.mcu.externaltools.gnu-tools-for-stm32.13.3.rel1.win32_1.0.0.202411081344/tools/bin/../lib/gcc/arm-none-eabi/13.3.1/thumb/v7e-m+dp/hard\libgcc.a(_udivmoddi4.o)
                0x080003c0                __udivmoddi4
 .text          0x080006b8        0x4 C:/ST/STM32CubeIDE_1.19.0/STM32CubeIDE/plugins/com.st.stm32cube.ide.mcu.externaltools.gnu-tools-for-stm32.13.3.rel1.win32_1.0.0.202411081344/tools/bin/../lib/gcc/arm-none-eabi/13.3.1/thumb/v7e-m+dp/hard\libgcc.a(_dvmd_tls.o)
                0x080006b8                __aeabi_idiv0
                0x080006b8                __aeabi_ldiv0
 *(.text*)
 .text.MBCmdReceivefunc
                0x080006bc      0x1c8 ./Core/Phoropter/Src/Common.o
                0x080006bc                MBCmdReceivefunc
 .text.check_motor_status
                0x08000884      0x174 ./Core/Phoropter/Src/Common.o
                0x08000884                check_motor_status
 .text.Init_PV  0x080009f8       0x5c ./Core/Phoropter/Src/Common.o
                0x080009f8                Init_PV
 .text.Disc1_homing_position
                0x08000a54      0x124 ./Core/Phoropter/Src/Common.o
                0x08000a54                Disc1_homing_position
 .text.Disc2_homing_position
                0x08000b78      0x124 ./Core/Phoropter/Src/Common.o
                0x08000b78                Disc2_homing_position
 *fill*         0x08000c9c        0x4 
 .text.Disc3_homing_position
                0x08000ca0      0x11c ./Core/Phoropter/Src/Common.o
                0x08000ca0                Disc3_homing_position
 *fill*         0x08000dbc        0x4 
 .text.Disc4_homing_position
                0x08000dc0      0x11c ./Core/Phoropter/Src/Common.o
                0x08000dc0                Disc4_homing_position
 *fill*         0x08000edc        0x4 
 .text.Disc5_homing_position
                0x08000ee0      0x110 ./Core/Phoropter/Src/Common.o
                0x08000ee0                Disc5_homing_position
 .text.Disc6_homing_position
                0x08000ff0      0x10c ./Core/Phoropter/Src/Common.o
                0x08000ff0                Disc6_homing_position
 .text.PD_motor
                0x080010fc      0x104 ./Core/Phoropter/Src/Common.o
                0x080010fc                PD_motor
 .text.Axis_motor_homing
                0x08001200      0x3ec ./Core/Phoropter/Src/Common.o
                0x08001200                Axis_motor_homing
 *fill*         0x080015ec        0x4 
 .text.Prism1_motor
                0x080015f0      0x1a0 ./Core/Phoropter/Src/Common.o
                0x080015f0                Prism1_motor
 .text.Prism2_motor
                0x08001790      0x1b8 ./Core/Phoropter/Src/Common.o
                0x08001790                Prism2_motor
 .text.DC_motor_In
                0x08001948       0x70 ./Core/Phoropter/Src/Common.o
                0x08001948                DC_motor_In
 .text.DC_motor_Out
                0x080019b8      0x13c ./Core/Phoropter/Src/Common.o
                0x080019b8                DC_motor_Out
 *fill*         0x08001af4        0x4 
 .text.Disc_Motor_Rotation
                0x08001af8      0x440 ./Core/Phoropter/Src/Common.o
                0x08001af8                Disc_Motor_Rotation
 .text.rotate_disc1
                0x08001f38      0x170 ./Core/Phoropter/Src/Common.o
                0x08001f38                rotate_disc1
 .text.rotate_disc2
                0x080020a8      0x170 ./Core/Phoropter/Src/Common.o
                0x080020a8                rotate_disc2
 .text.rotate_disc3
                0x08002218      0x1b0 ./Core/Phoropter/Src/Common.o
                0x08002218                rotate_disc3
 .text.rotate_disc4
                0x080023c8      0x200 ./Core/Phoropter/Src/Common.o
                0x080023c8                rotate_disc4
 .text.rotate_disc5
                0x080025c8      0x1f8 ./Core/Phoropter/Src/Common.o
                0x080025c8                rotate_disc5
 .text.rotate_disc6
                0x080027c0      0x1d0 ./Core/Phoropter/Src/Common.o
                0x080027c0                rotate_disc6
 .text.Axis_motor_rotation
                0x08002990      0x154 ./Core/Phoropter/Src/Common.o
                0x08002990                Axis_motor_rotation
 .text.Axis_motor_rotation_calibration
                0x08002ae4      0x120 ./Core/Phoropter/Src/Common.o
                0x08002ae4                Axis_motor_rotation_calibration
 .text.axis_xcyl
                0x08002c04      0x1d8 ./Core/Phoropter/Src/Common.o
                0x08002c04                axis_xcyl
 *fill*         0x08002ddc        0x4 
 .text.Prism1_Motor_Rotation
                0x08002de0      0x13c ./Core/Phoropter/Src/Common.o
                0x08002de0                Prism1_Motor_Rotation
 *fill*         0x08002f1c        0x4 
 .text.Prism2_Motor_Rotation
                0x08002f20      0x14c ./Core/Phoropter/Src/Common.o
                0x08002f20                Prism2_Motor_Rotation
 *fill*         0x0800306c        0x4 
 .text.prism_motor_rotation
                0x08003070      0x1b4 ./Core/Phoropter/Src/Common.o
                0x08003070                prism_motor_rotation
 .text.Prism_Polar
                0x08003224       0x60 ./Core/Phoropter/Src/Common.o
                0x08003224                Prism_Polar
 *fill*         0x08003284        0x4 
 .text.Prism_XY
                0x08003288      0x7d8 ./Core/Phoropter/Src/Common.o
                0x08003288                Prism_XY
 .text.prism_function
                0x08003a60       0x58 ./Core/Phoropter/Src/Common.o
                0x08003a60                prism_function
 .text.PD1_motor
                0x08003ab8      0x13c ./Core/Phoropter/Src/Common.o
                0x08003ab8                PD1_motor
 *fill*         0x08003bf4        0x4 
 .text.Disc_motorspeed_cal
                0x08003bf8      0x394 ./Core/Phoropter/Src/Common.o
                0x08003bf8                Disc_motorspeed_cal
 *fill*         0x08003f8c        0x4 
 .text.Axis_motorspeed_cal
                0x08003f90      0x2fc ./Core/Phoropter/Src/Common.o
                0x08003f90                Axis_motorspeed_cal
 .text.PD_motorspeed_cal
                0x0800428c       0x60 ./Core/Phoropter/Src/Common.o
                0x0800428c                PD_motorspeed_cal
 .text.Prism_motorspeed_cal
                0x080042ec       0x60 ./Core/Phoropter/Src/Common.o
                0x080042ec                Prism_motorspeed_cal
 .text.HAL_TIM_PeriodElapsedCallback
                0x0800434c     0x186c ./Core/Phoropter/Src/Common.o
                0x0800434c                HAL_TIM_PeriodElapsedCallback
 .text.Dc_cmd   0x08005bb8       0x78 ./Core/Phoropter/Src/Dc_cmd.o
                0x08005bb8                Dc_cmd
 .text.Dc_SubFun1
                0x08005c30       0x8c ./Core/Phoropter/Src/Dc_cmd.o
                0x08005c30                Dc_SubFun1
 .text.Dc_SubFun2
                0x08005cbc       0x8c ./Core/Phoropter/Src/Dc_cmd.o
                0x08005cbc                Dc_SubFun2
 .text.Disc_cmd
                0x08005d48       0x78 ./Core/Phoropter/Src/Disc_cal.o
                0x08005d48                Disc_cmd
 .text.disc1_inc
                0x08005dc0       0x64 ./Core/Phoropter/Src/Disc_cal.o
                0x08005dc0                disc1_inc
 *fill*         0x08005e24        0x4 
 .text.disc1_dec
                0x08005e28       0x6c ./Core/Phoropter/Src/Disc_cal.o
                0x08005e28                disc1_dec
 .text.disc2_inc
                0x08005e94       0x64 ./Core/Phoropter/Src/Disc_cal.o
                0x08005e94                disc2_inc
 .text.disc2_dec
                0x08005ef8       0x6c ./Core/Phoropter/Src/Disc_cal.o
                0x08005ef8                disc2_dec
 .text.disc3_inc
                0x08005f64       0x6c ./Core/Phoropter/Src/Disc_cal.o
                0x08005f64                disc3_inc
 .text.disc3_dec
                0x08005fd0       0x74 ./Core/Phoropter/Src/Disc_cal.o
                0x08005fd0                disc3_dec
 .text.disc4_inc
                0x08006044       0x6c ./Core/Phoropter/Src/Disc_cal.o
                0x08006044                disc4_inc
 .text.disc4_dec
                0x080060b0       0x74 ./Core/Phoropter/Src/Disc_cal.o
                0x080060b0                disc4_dec
 .text.disc5_inc
                0x08006124       0x6c ./Core/Phoropter/Src/Disc_cal.o
                0x08006124                disc5_inc
 .text.disc5_dec
                0x08006190       0x74 ./Core/Phoropter/Src/Disc_cal.o
                0x08006190                disc5_dec
 .text.disc6_inc
                0x08006204       0x6c ./Core/Phoropter/Src/Disc_cal.o
                0x08006204                disc6_inc
 .text.disc6_dec
                0x08006270       0x74 ./Core/Phoropter/Src/Disc_cal.o
                0x08006270                disc6_dec
 .text.PD_inc   0x080062e4       0x44 ./Core/Phoropter/Src/Disc_cal.o
                0x080062e4                PD_inc
 .text.PD_dec   0x08006328       0x44 ./Core/Phoropter/Src/Disc_cal.o
                0x08006328                PD_dec
 .text.Axis_inc
                0x0800636c       0x38 ./Core/Phoropter/Src/Disc_cal.o
                0x0800636c                Axis_inc
 .text.Axis_dec
                0x080063a4       0x38 ./Core/Phoropter/Src/Disc_cal.o
                0x080063a4                Axis_dec
 .text.prism1_inc
                0x080063dc       0x48 ./Core/Phoropter/Src/Disc_cal.o
                0x080063dc                prism1_inc
 .text.prism1_dec
                0x08006424       0x48 ./Core/Phoropter/Src/Disc_cal.o
                0x08006424                prism1_dec
 .text.prism2_inc
                0x0800646c       0x48 ./Core/Phoropter/Src/Disc_cal.o
                0x0800646c                prism2_inc
 .text.prism2_dec
                0x080064b4       0x48 ./Core/Phoropter/Src/Disc_cal.o
                0x080064b4                prism2_dec
 .text.pca9535_read
                0x080064fc       0x56 ./Core/Phoropter/Src/IO_Expander.o
                0x080064fc                pca9535_read
 *fill*         0x08006552        0x2 
 .text.PD_cmd   0x08006554       0x78 ./Core/Phoropter/Src/PD_cmd.o
                0x08006554                PD_cmd
 .text.PD1_SubFun1
                0x080065cc       0x34 ./Core/Phoropter/Src/PD_cmd.o
                0x080065cc                PD1_SubFun1
 .text.PD1_SubFun2
                0x08006600       0x34 ./Core/Phoropter/Src/PD_cmd.o
                0x08006600                PD1_SubFun2
 .text.PD1_SubFun3
                0x08006634       0x34 ./Core/Phoropter/Src/PD_cmd.o
                0x08006634                PD1_SubFun3
 .text.PD1_SubFun4
                0x08006668       0x34 ./Core/Phoropter/Src/PD_cmd.o
                0x08006668                PD1_SubFun4
 .text.PD1_SubFun5
                0x0800669c       0x34 ./Core/Phoropter/Src/PD_cmd.o
                0x0800669c                PD1_SubFun5
 .text.PD1_SubFun6
                0x080066d0       0x34 ./Core/Phoropter/Src/PD_cmd.o
                0x080066d0                PD1_SubFun6
 .text.PD1_SubFun7
                0x08006704       0x34 ./Core/Phoropter/Src/PD_cmd.o
                0x08006704                PD1_SubFun7
 .text.PD1_SubFun8
                0x08006738       0x34 ./Core/Phoropter/Src/PD_cmd.o
                0x08006738                PD1_SubFun8
 .text.PD1_SubFun9
                0x0800676c       0x34 ./Core/Phoropter/Src/PD_cmd.o
                0x0800676c                PD1_SubFun9
 .text.PD1_SubFun10
                0x080067a0       0x34 ./Core/Phoropter/Src/PD_cmd.o
                0x080067a0                PD1_SubFun10
 .text.PD1_SubFun11
                0x080067d4       0x34 ./Core/Phoropter/Src/PD_cmd.o
                0x080067d4                PD1_SubFun11
 .text.PD1_SubFun12
                0x08006808       0x34 ./Core/Phoropter/Src/PD_cmd.o
                0x08006808                PD1_SubFun12
 .text.PD1_SubFun13
                0x0800683c       0x34 ./Core/Phoropter/Src/PD_cmd.o
                0x0800683c                PD1_SubFun13
 .text.PD1_SubFun14
                0x08006870       0x34 ./Core/Phoropter/Src/PD_cmd.o
                0x08006870                PD1_SubFun14
 .text.PD1_SubFun15
                0x080068a4       0x34 ./Core/Phoropter/Src/PD_cmd.o
                0x080068a4                PD1_SubFun15
 .text.PD1_SubFun16
                0x080068d8       0x34 ./Core/Phoropter/Src/PD_cmd.o
                0x080068d8                PD1_SubFun16
 .text.PD1_SubFun17
                0x0800690c       0x34 ./Core/Phoropter/Src/PD_cmd.o
                0x0800690c                PD1_SubFun17
 .text.PD1_SubFun18
                0x08006940       0x34 ./Core/Phoropter/Src/PD_cmd.o
                0x08006940                PD1_SubFun18
 .text.PD1_SubFun19
                0x08006974       0x34 ./Core/Phoropter/Src/PD_cmd.o
                0x08006974                PD1_SubFun19
 .text.PD1_SubFun20
                0x080069a8       0x34 ./Core/Phoropter/Src/PD_cmd.o
                0x080069a8                PD1_SubFun20
 .text.PD1_SubFun21
                0x080069dc       0x34 ./Core/Phoropter/Src/PD_cmd.o
                0x080069dc                PD1_SubFun21
 .text.PD1_SubFun22
                0x08006a10       0x34 ./Core/Phoropter/Src/PD_cmd.o
                0x08006a10                PD1_SubFun22
 .text.PD1_SubFun23
                0x08006a44       0x34 ./Core/Phoropter/Src/PD_cmd.o
                0x08006a44                PD1_SubFun23
 .text.PD1_SubFun24
                0x08006a78       0x34 ./Core/Phoropter/Src/PD_cmd.o
                0x08006a78                PD1_SubFun24
 .text.PD1_SubFun25
                0x08006aac       0x34 ./Core/Phoropter/Src/PD_cmd.o
                0x08006aac                PD1_SubFun25
 .text.PD1_SubFun26
                0x08006ae0       0x34 ./Core/Phoropter/Src/PD_cmd.o
                0x08006ae0                PD1_SubFun26
 .text.PD1_SubFun27
                0x08006b14       0x34 ./Core/Phoropter/Src/PD_cmd.o
                0x08006b14                PD1_SubFun27
 .text.PD1_SubFun28
                0x08006b48       0x34 ./Core/Phoropter/Src/PD_cmd.o
                0x08006b48                PD1_SubFun28
 .text.PD1_SubFun29
                0x08006b7c       0x34 ./Core/Phoropter/Src/PD_cmd.o
                0x08006b7c                PD1_SubFun29
 .text.PD1_SubFun30
                0x08006bb0       0x34 ./Core/Phoropter/Src/PD_cmd.o
                0x08006bb0                PD1_SubFun30
 .text.PD1_SubFun31
                0x08006be4       0x34 ./Core/Phoropter/Src/PD_cmd.o
                0x08006be4                PD1_SubFun31
 .text.PD1_SubFun32
                0x08006c18       0x34 ./Core/Phoropter/Src/PD_cmd.o
                0x08006c18                PD1_SubFun32
 .text.PD1_SubFun33
                0x08006c4c       0x34 ./Core/Phoropter/Src/PD_cmd.o
                0x08006c4c                PD1_SubFun33
 .text.PD1_SubFun34
                0x08006c80       0x34 ./Core/Phoropter/Src/PD_cmd.o
                0x08006c80                PD1_SubFun34
 .text.PD1_SubFun35
                0x08006cb4       0x34 ./Core/Phoropter/Src/PD_cmd.o
                0x08006cb4                PD1_SubFun35
 .text.PD1_SubFun36
                0x08006ce8       0x34 ./Core/Phoropter/Src/PD_cmd.o
                0x08006ce8                PD1_SubFun36
 .text.PD1_SubFun37
                0x08006d1c       0x34 ./Core/Phoropter/Src/PD_cmd.o
                0x08006d1c                PD1_SubFun37
 .text.PD1_SubFun38
                0x08006d50       0x34 ./Core/Phoropter/Src/PD_cmd.o
                0x08006d50                PD1_SubFun38
 .text.PD1_SubFun39
                0x08006d84       0x34 ./Core/Phoropter/Src/PD_cmd.o
                0x08006d84                PD1_SubFun39
 .text.PD1_SubFun40
                0x08006db8       0x34 ./Core/Phoropter/Src/PD_cmd.o
                0x08006db8                PD1_SubFun40
 .text.PD1_SubFun41
                0x08006dec       0x34 ./Core/Phoropter/Src/PD_cmd.o
                0x08006dec                PD1_SubFun41
 .text.PD1_SubFun42
                0x08006e20       0x34 ./Core/Phoropter/Src/PD_cmd.o
                0x08006e20                PD1_SubFun42
 .text.PD1_SubFun43
                0x08006e54       0x34 ./Core/Phoropter/Src/PD_cmd.o
                0x08006e54                PD1_SubFun43
 .text.PD1_SubFun44
                0x08006e88       0x34 ./Core/Phoropter/Src/PD_cmd.o
                0x08006e88                PD1_SubFun44
 .text.PD1_SubFun45
                0x08006ebc       0x34 ./Core/Phoropter/Src/PD_cmd.o
                0x08006ebc                PD1_SubFun45
 .text.PD1_SubFun46
                0x08006ef0       0x34 ./Core/Phoropter/Src/PD_cmd.o
                0x08006ef0                PD1_SubFun46
 .text.PD1_SubFun47
                0x08006f24       0x34 ./Core/Phoropter/Src/PD_cmd.o
                0x08006f24                PD1_SubFun47
 .text.PD1_SubFun48
                0x08006f58       0x34 ./Core/Phoropter/Src/PD_cmd.o
                0x08006f58                PD1_SubFun48
 .text.PD1_SubFun49
                0x08006f8c       0x34 ./Core/Phoropter/Src/PD_cmd.o
                0x08006f8c                PD1_SubFun49
 .text.PD1_SubFun50
                0x08006fc0       0x34 ./Core/Phoropter/Src/PD_cmd.o
                0x08006fc0                PD1_SubFun50
 .text.PD1_SubFun51
                0x08006ff4       0x34 ./Core/Phoropter/Src/PD_cmd.o
                0x08006ff4                PD1_SubFun51
 .text.PD1_SubFun52
                0x08007028       0x34 ./Core/Phoropter/Src/PD_cmd.o
                0x08007028                PD1_SubFun52
 .text.PD1_SubFun53
                0x0800705c       0x34 ./Core/Phoropter/Src/PD_cmd.o
                0x0800705c                PD1_SubFun53
 .text.PD1_SubFun54
                0x08007090       0x34 ./Core/Phoropter/Src/PD_cmd.o
                0x08007090                PD1_SubFun54
 .text.PD1_SubFun55
                0x080070c4       0x34 ./Core/Phoropter/Src/PD_cmd.o
                0x080070c4                PD1_SubFun55
 .text.PD1_SubFun56
                0x080070f8       0x34 ./Core/Phoropter/Src/PD_cmd.o
                0x080070f8                PD1_SubFun56
 .text.PD1_SubFun57
                0x0800712c       0x34 ./Core/Phoropter/Src/PD_cmd.o
                0x0800712c                PD1_SubFun57
 .text.PD1_SubFun58
                0x08007160       0x34 ./Core/Phoropter/Src/PD_cmd.o
                0x08007160                PD1_SubFun58
 .text.PD1_SubFun59
                0x08007194       0x34 ./Core/Phoropter/Src/PD_cmd.o
                0x08007194                PD1_SubFun59
 .text.PD1_SubFun60
                0x080071c8       0x34 ./Core/Phoropter/Src/PD_cmd.o
                0x080071c8                PD1_SubFun60
 .text.PD1_SubFun61
                0x080071fc       0x48 ./Core/Phoropter/Src/PD_cmd.o
                0x080071fc                PD1_SubFun61
 .text.PD1_SubFun62
                0x08007244       0x48 ./Core/Phoropter/Src/PD_cmd.o
                0x08007244                PD1_SubFun62
 .text.Prism_hor_cmd
                0x0800728c       0x78 ./Core/Phoropter/Src/Prism_hor_cmd.o
                0x0800728c                Prism_hor_cmd
 .text.Prism_hor_SubFun1
                0x08007304       0x28 ./Core/Phoropter/Src/Prism_hor_cmd.o
                0x08007304                Prism_hor_SubFun1
 .text.Prism_hor_SubFun2
                0x0800732c       0x28 ./Core/Phoropter/Src/Prism_hor_cmd.o
                0x0800732c                Prism_hor_SubFun2
 .text.Prism_hor_SubFun3
                0x08007354       0x28 ./Core/Phoropter/Src/Prism_hor_cmd.o
                0x08007354                Prism_hor_SubFun3
 .text.Prism_hor_SubFun4
                0x0800737c       0x28 ./Core/Phoropter/Src/Prism_hor_cmd.o
                0x0800737c                Prism_hor_SubFun4
 .text.Prism_hor_SubFun5
                0x080073a4       0x28 ./Core/Phoropter/Src/Prism_hor_cmd.o
                0x080073a4                Prism_hor_SubFun5
 .text.Prism_hor_SubFun6
                0x080073cc       0x28 ./Core/Phoropter/Src/Prism_hor_cmd.o
                0x080073cc                Prism_hor_SubFun6
 .text.Prism_hor_SubFun7
                0x080073f4       0x28 ./Core/Phoropter/Src/Prism_hor_cmd.o
                0x080073f4                Prism_hor_SubFun7
 .text.Prism_hor_SubFun8
                0x0800741c       0x28 ./Core/Phoropter/Src/Prism_hor_cmd.o
                0x0800741c                Prism_hor_SubFun8
 .text.Prism_hor_SubFun9
                0x08007444       0x28 ./Core/Phoropter/Src/Prism_hor_cmd.o
                0x08007444                Prism_hor_SubFun9
 .text.Prism_hor_SubFun10
                0x0800746c       0x28 ./Core/Phoropter/Src/Prism_hor_cmd.o
                0x0800746c                Prism_hor_SubFun10
 .text.Prism_hor_SubFun11
                0x08007494       0x28 ./Core/Phoropter/Src/Prism_hor_cmd.o
                0x08007494                Prism_hor_SubFun11
 .text.Prism_hor_SubFun12
                0x080074bc       0x28 ./Core/Phoropter/Src/Prism_hor_cmd.o
                0x080074bc                Prism_hor_SubFun12
 .text.Prism_hor_SubFun13
                0x080074e4       0x28 ./Core/Phoropter/Src/Prism_hor_cmd.o
                0x080074e4                Prism_hor_SubFun13
 .text.Prism_hor_SubFun14
                0x0800750c       0x28 ./Core/Phoropter/Src/Prism_hor_cmd.o
                0x0800750c                Prism_hor_SubFun14
 .text.Prism_hor_SubFun15
                0x08007534       0x28 ./Core/Phoropter/Src/Prism_hor_cmd.o
                0x08007534                Prism_hor_SubFun15
 .text.Prism_hor_SubFun16
                0x0800755c       0x28 ./Core/Phoropter/Src/Prism_hor_cmd.o
                0x0800755c                Prism_hor_SubFun16
 .text.Prism_hor_SubFun17
                0x08007584       0x28 ./Core/Phoropter/Src/Prism_hor_cmd.o
                0x08007584                Prism_hor_SubFun17
 .text.Prism_hor_SubFun18
                0x080075ac       0x28 ./Core/Phoropter/Src/Prism_hor_cmd.o
                0x080075ac                Prism_hor_SubFun18
 .text.Prism_hor_SubFun19
                0x080075d4       0x28 ./Core/Phoropter/Src/Prism_hor_cmd.o
                0x080075d4                Prism_hor_SubFun19
 .text.Prism_hor_SubFun20
                0x080075fc       0x28 ./Core/Phoropter/Src/Prism_hor_cmd.o
                0x080075fc                Prism_hor_SubFun20
 .text.Prism_hor_SubFun21
                0x08007624       0x28 ./Core/Phoropter/Src/Prism_hor_cmd.o
                0x08007624                Prism_hor_SubFun21
 .text.Prism_hor_SubFun22
                0x0800764c       0x28 ./Core/Phoropter/Src/Prism_hor_cmd.o
                0x0800764c                Prism_hor_SubFun22
 .text.Prism_hor_SubFun23
                0x08007674       0x28 ./Core/Phoropter/Src/Prism_hor_cmd.o
                0x08007674                Prism_hor_SubFun23
 .text.Prism_hor_SubFun24
                0x0800769c       0x28 ./Core/Phoropter/Src/Prism_hor_cmd.o
                0x0800769c                Prism_hor_SubFun24
 .text.Prism_hor_SubFun25
                0x080076c4       0x28 ./Core/Phoropter/Src/Prism_hor_cmd.o
                0x080076c4                Prism_hor_SubFun25
 .text.Prism_hor_SubFun26
                0x080076ec       0x28 ./Core/Phoropter/Src/Prism_hor_cmd.o
                0x080076ec                Prism_hor_SubFun26
 .text.Prism_hor_SubFun27
                0x08007714       0x28 ./Core/Phoropter/Src/Prism_hor_cmd.o
                0x08007714                Prism_hor_SubFun27
 .text.Prism_hor_SubFun28
                0x0800773c       0x28 ./Core/Phoropter/Src/Prism_hor_cmd.o
                0x0800773c                Prism_hor_SubFun28
 .text.Prism_hor_SubFun29
                0x08007764       0x28 ./Core/Phoropter/Src/Prism_hor_cmd.o
                0x08007764                Prism_hor_SubFun29
 .text.Prism_hor_SubFun30
                0x0800778c       0x28 ./Core/Phoropter/Src/Prism_hor_cmd.o
                0x0800778c                Prism_hor_SubFun30
 .text.Prism_hor_SubFun31
                0x080077b4       0x28 ./Core/Phoropter/Src/Prism_hor_cmd.o
                0x080077b4                Prism_hor_SubFun31
 .text.Prism_hor_SubFun32
                0x080077dc       0x28 ./Core/Phoropter/Src/Prism_hor_cmd.o
                0x080077dc                Prism_hor_SubFun32
 .text.Prism_hor_SubFun33
                0x08007804       0x28 ./Core/Phoropter/Src/Prism_hor_cmd.o
                0x08007804                Prism_hor_SubFun33
 .text.Prism_hor_SubFun34
                0x0800782c       0x28 ./Core/Phoropter/Src/Prism_hor_cmd.o
                0x0800782c                Prism_hor_SubFun34
 .text.Prism_hor_SubFun35
                0x08007854       0x28 ./Core/Phoropter/Src/Prism_hor_cmd.o
                0x08007854                Prism_hor_SubFun35
 .text.Prism_hor_SubFun36
                0x0800787c       0x28 ./Core/Phoropter/Src/Prism_hor_cmd.o
                0x0800787c                Prism_hor_SubFun36
 .text.Prism_hor_SubFun37
                0x080078a4       0x28 ./Core/Phoropter/Src/Prism_hor_cmd.o
                0x080078a4                Prism_hor_SubFun37
 .text.Prism_hor_SubFun38
                0x080078cc       0x28 ./Core/Phoropter/Src/Prism_hor_cmd.o
                0x080078cc                Prism_hor_SubFun38
 .text.Prism_hor_SubFun39
                0x080078f4       0x28 ./Core/Phoropter/Src/Prism_hor_cmd.o
                0x080078f4                Prism_hor_SubFun39
 .text.Prism_hor_SubFun40
                0x0800791c       0x28 ./Core/Phoropter/Src/Prism_hor_cmd.o
                0x0800791c                Prism_hor_SubFun40
 .text.Prism_hor_SubFun41
                0x08007944       0x28 ./Core/Phoropter/Src/Prism_hor_cmd.o
                0x08007944                Prism_hor_SubFun41
 .text.Prism_hor_SubFun42
                0x0800796c       0x28 ./Core/Phoropter/Src/Prism_hor_cmd.o
                0x0800796c                Prism_hor_SubFun42
 .text.Prism_hor_SubFun43
                0x08007994       0x28 ./Core/Phoropter/Src/Prism_hor_cmd.o
                0x08007994                Prism_hor_SubFun43
 .text.Prism_hor_SubFun44
                0x080079bc       0x28 ./Core/Phoropter/Src/Prism_hor_cmd.o
                0x080079bc                Prism_hor_SubFun44
 .text.Prism_hor_SubFun45
                0x080079e4       0x28 ./Core/Phoropter/Src/Prism_hor_cmd.o
                0x080079e4                Prism_hor_SubFun45
 .text.Prism_hor_SubFun46
                0x08007a0c       0x28 ./Core/Phoropter/Src/Prism_hor_cmd.o
                0x08007a0c                Prism_hor_SubFun46
 .text.Prism_hor_SubFun47
                0x08007a34       0x28 ./Core/Phoropter/Src/Prism_hor_cmd.o
                0x08007a34                Prism_hor_SubFun47
 .text.Prism_hor_SubFun48
                0x08007a5c       0x28 ./Core/Phoropter/Src/Prism_hor_cmd.o
                0x08007a5c                Prism_hor_SubFun48
 .text.Prism_hor_SubFun49
                0x08007a84       0x28 ./Core/Phoropter/Src/Prism_hor_cmd.o
                0x08007a84                Prism_hor_SubFun49
 .text.Prism_hor_SubFun50
                0x08007aac       0x28 ./Core/Phoropter/Src/Prism_hor_cmd.o
                0x08007aac                Prism_hor_SubFun50
 .text.Prism_hor_SubFun51
                0x08007ad4       0x28 ./Core/Phoropter/Src/Prism_hor_cmd.o
                0x08007ad4                Prism_hor_SubFun51
 .text.Prism_hor_SubFun52
                0x08007afc       0x28 ./Core/Phoropter/Src/Prism_hor_cmd.o
                0x08007afc                Prism_hor_SubFun52
 .text.Prism_hor_SubFun53
                0x08007b24       0x28 ./Core/Phoropter/Src/Prism_hor_cmd.o
                0x08007b24                Prism_hor_SubFun53
 .text.Prism_hor_SubFun54
                0x08007b4c       0x28 ./Core/Phoropter/Src/Prism_hor_cmd.o
                0x08007b4c                Prism_hor_SubFun54
 .text.Prism_hor_SubFun55
                0x08007b74       0x28 ./Core/Phoropter/Src/Prism_hor_cmd.o
                0x08007b74                Prism_hor_SubFun55
 .text.Prism_hor_SubFun56
                0x08007b9c       0x28 ./Core/Phoropter/Src/Prism_hor_cmd.o
                0x08007b9c                Prism_hor_SubFun56
 .text.Prism_hor_SubFun57
                0x08007bc4       0x28 ./Core/Phoropter/Src/Prism_hor_cmd.o
                0x08007bc4                Prism_hor_SubFun57
 .text.Prism_hor_SubFun58
                0x08007bec       0x28 ./Core/Phoropter/Src/Prism_hor_cmd.o
                0x08007bec                Prism_hor_SubFun58
 .text.Prism_hor_SubFun59
                0x08007c14       0x28 ./Core/Phoropter/Src/Prism_hor_cmd.o
                0x08007c14                Prism_hor_SubFun59
 .text.Prism_hor_SubFun60
                0x08007c3c       0x28 ./Core/Phoropter/Src/Prism_hor_cmd.o
                0x08007c3c                Prism_hor_SubFun60
 .text.Prism_hor_SubFun61
                0x08007c64       0x28 ./Core/Phoropter/Src/Prism_hor_cmd.o
                0x08007c64                Prism_hor_SubFun61
 .text.Prism_hor_SubFun62
                0x08007c8c       0x28 ./Core/Phoropter/Src/Prism_hor_cmd.o
                0x08007c8c                Prism_hor_SubFun62
 .text.Prism_hor_SubFun63
                0x08007cb4       0x28 ./Core/Phoropter/Src/Prism_hor_cmd.o
                0x08007cb4                Prism_hor_SubFun63
 .text.Prism_hor_SubFun64
                0x08007cdc       0x28 ./Core/Phoropter/Src/Prism_hor_cmd.o
                0x08007cdc                Prism_hor_SubFun64
 .text.Prism_hor_SubFun65
                0x08007d04       0x28 ./Core/Phoropter/Src/Prism_hor_cmd.o
                0x08007d04                Prism_hor_SubFun65
 .text.Prism_hor_SubFun66
                0x08007d2c       0x28 ./Core/Phoropter/Src/Prism_hor_cmd.o
                0x08007d2c                Prism_hor_SubFun66
 .text.Prism_hor_SubFun67
                0x08007d54       0x28 ./Core/Phoropter/Src/Prism_hor_cmd.o
                0x08007d54                Prism_hor_SubFun67
 .text.Prism_hor_SubFun68
                0x08007d7c       0x28 ./Core/Phoropter/Src/Prism_hor_cmd.o
                0x08007d7c                Prism_hor_SubFun68
 .text.Prism_hor_SubFun69
                0x08007da4       0x28 ./Core/Phoropter/Src/Prism_hor_cmd.o
                0x08007da4                Prism_hor_SubFun69
 .text.Prism_hor_SubFun70
                0x08007dcc       0x28 ./Core/Phoropter/Src/Prism_hor_cmd.o
                0x08007dcc                Prism_hor_SubFun70
 .text.Prism_hor_SubFun71
                0x08007df4       0x28 ./Core/Phoropter/Src/Prism_hor_cmd.o
                0x08007df4                Prism_hor_SubFun71
 .text.Prism_hor_SubFun72
                0x08007e1c       0x28 ./Core/Phoropter/Src/Prism_hor_cmd.o
                0x08007e1c                Prism_hor_SubFun72
 .text.Prism_hor_SubFun73
                0x08007e44       0x28 ./Core/Phoropter/Src/Prism_hor_cmd.o
                0x08007e44                Prism_hor_SubFun73
 .text.Prism_hor_SubFun74
                0x08007e6c       0x28 ./Core/Phoropter/Src/Prism_hor_cmd.o
                0x08007e6c                Prism_hor_SubFun74
 .text.Prism_hor_SubFun75
                0x08007e94       0x28 ./Core/Phoropter/Src/Prism_hor_cmd.o
                0x08007e94                Prism_hor_SubFun75
 .text.Prism_hor_SubFun76
                0x08007ebc       0x28 ./Core/Phoropter/Src/Prism_hor_cmd.o
                0x08007ebc                Prism_hor_SubFun76
 .text.Prism_hor_SubFun77
                0x08007ee4       0x28 ./Core/Phoropter/Src/Prism_hor_cmd.o
                0x08007ee4                Prism_hor_SubFun77
 .text.Prism_hor_SubFun78
                0x08007f0c       0x28 ./Core/Phoropter/Src/Prism_hor_cmd.o
                0x08007f0c                Prism_hor_SubFun78
 .text.Prism_hor_SubFun79
                0x08007f34       0x28 ./Core/Phoropter/Src/Prism_hor_cmd.o
                0x08007f34                Prism_hor_SubFun79
 .text.Prism_hor_SubFun80
                0x08007f5c       0x28 ./Core/Phoropter/Src/Prism_hor_cmd.o
                0x08007f5c                Prism_hor_SubFun80
 .text.Prism_hor_SubFun81
                0x08007f84       0x2c ./Core/Phoropter/Src/Prism_hor_cmd.o
                0x08007f84                Prism_hor_SubFun81
 .text.Prism_hor_SubFun82
                0x08007fb0       0x2c ./Core/Phoropter/Src/Prism_hor_cmd.o
                0x08007fb0                Prism_hor_SubFun82
 .text.Prism_hor_SubFun83
                0x08007fdc       0x2c ./Core/Phoropter/Src/Prism_hor_cmd.o
                0x08007fdc                Prism_hor_SubFun83
 .text.Prism_hor_SubFun84
                0x08008008       0x2c ./Core/Phoropter/Src/Prism_hor_cmd.o
                0x08008008                Prism_hor_SubFun84
 .text.Prism_hor_SubFun85
                0x08008034       0x2c ./Core/Phoropter/Src/Prism_hor_cmd.o
                0x08008034                Prism_hor_SubFun85
 .text.Prism_hor_SubFun86
                0x08008060       0x2c ./Core/Phoropter/Src/Prism_hor_cmd.o
                0x08008060                Prism_hor_SubFun86
 .text.Prism_hor_SubFun87
                0x0800808c       0x2c ./Core/Phoropter/Src/Prism_hor_cmd.o
                0x0800808c                Prism_hor_SubFun87
 .text.Prism_hor_SubFun88
                0x080080b8       0x2c ./Core/Phoropter/Src/Prism_hor_cmd.o
                0x080080b8                Prism_hor_SubFun88
 .text.Prism_hor_SubFun89
                0x080080e4       0x2c ./Core/Phoropter/Src/Prism_hor_cmd.o
                0x080080e4                Prism_hor_SubFun89
 .text.Prism_hor_SubFun90
                0x08008110       0x2c ./Core/Phoropter/Src/Prism_hor_cmd.o
                0x08008110                Prism_hor_SubFun90
 .text.Prism_hor_SubFun91
                0x0800813c       0x2c ./Core/Phoropter/Src/Prism_hor_cmd.o
                0x0800813c                Prism_hor_SubFun91
 .text.Prism_hor_SubFun92
                0x08008168       0x2c ./Core/Phoropter/Src/Prism_hor_cmd.o
                0x08008168                Prism_hor_SubFun92
 .text.Prism_hor_SubFun93
                0x08008194       0x2c ./Core/Phoropter/Src/Prism_hor_cmd.o
                0x08008194                Prism_hor_SubFun93
 .text.Prism_hor_SubFun94
                0x080081c0       0x2c ./Core/Phoropter/Src/Prism_hor_cmd.o
                0x080081c0                Prism_hor_SubFun94
 .text.Prism_hor_SubFun95
                0x080081ec       0x2c ./Core/Phoropter/Src/Prism_hor_cmd.o
                0x080081ec                Prism_hor_SubFun95
 .text.Prism_hor_SubFun96
                0x08008218       0x2c ./Core/Phoropter/Src/Prism_hor_cmd.o
                0x08008218                Prism_hor_SubFun96
 .text.Prism_hor_SubFun97
                0x08008244       0x2c ./Core/Phoropter/Src/Prism_hor_cmd.o
                0x08008244                Prism_hor_SubFun97
 .text.Prism_hor_SubFun98
                0x08008270       0x2c ./Core/Phoropter/Src/Prism_hor_cmd.o
                0x08008270                Prism_hor_SubFun98
 .text.Prism_hor_SubFun99
                0x0800829c       0x2c ./Core/Phoropter/Src/Prism_hor_cmd.o
                0x0800829c                Prism_hor_SubFun99
 .text.Prism_hor_SubFun100
                0x080082c8       0x2c ./Core/Phoropter/Src/Prism_hor_cmd.o
                0x080082c8                Prism_hor_SubFun100
 .text.Prism_hor_SubFun101
                0x080082f4       0x2c ./Core/Phoropter/Src/Prism_hor_cmd.o
                0x080082f4                Prism_hor_SubFun101
 .text.Prism_hor_SubFun102
                0x08008320       0x2c ./Core/Phoropter/Src/Prism_hor_cmd.o
                0x08008320                Prism_hor_SubFun102
 .text.Prism_hor_SubFun103
                0x0800834c       0x2c ./Core/Phoropter/Src/Prism_hor_cmd.o
                0x0800834c                Prism_hor_SubFun103
 .text.Prism_hor_SubFun104
                0x08008378       0x2c ./Core/Phoropter/Src/Prism_hor_cmd.o
                0x08008378                Prism_hor_SubFun104
 .text.Prism_hor_SubFun105
                0x080083a4       0x2c ./Core/Phoropter/Src/Prism_hor_cmd.o
                0x080083a4                Prism_hor_SubFun105
 .text.Prism_hor_SubFun106
                0x080083d0       0x2c ./Core/Phoropter/Src/Prism_hor_cmd.o
                0x080083d0                Prism_hor_SubFun106
 .text.Prism_hor_SubFun107
                0x080083fc       0x2c ./Core/Phoropter/Src/Prism_hor_cmd.o
                0x080083fc                Prism_hor_SubFun107
 .text.Prism_hor_SubFun108
                0x08008428       0x2c ./Core/Phoropter/Src/Prism_hor_cmd.o
                0x08008428                Prism_hor_SubFun108
 .text.Prism_hor_SubFun109
                0x08008454       0x2c ./Core/Phoropter/Src/Prism_hor_cmd.o
                0x08008454                Prism_hor_SubFun109
 .text.Prism_hor_SubFun110
                0x08008480       0x2c ./Core/Phoropter/Src/Prism_hor_cmd.o
                0x08008480                Prism_hor_SubFun110
 .text.Prism_hor_SubFun111
                0x080084ac       0x2c ./Core/Phoropter/Src/Prism_hor_cmd.o
                0x080084ac                Prism_hor_SubFun111
 .text.Prism_hor_SubFun112
                0x080084d8       0x2c ./Core/Phoropter/Src/Prism_hor_cmd.o
                0x080084d8                Prism_hor_SubFun112
 .text.Prism_hor_SubFun113
                0x08008504       0x2c ./Core/Phoropter/Src/Prism_hor_cmd.o
                0x08008504                Prism_hor_SubFun113
 .text.Prism_hor_SubFun114
                0x08008530       0x2c ./Core/Phoropter/Src/Prism_hor_cmd.o
                0x08008530                Prism_hor_SubFun114
 .text.Prism_hor_SubFun115
                0x0800855c       0x2c ./Core/Phoropter/Src/Prism_hor_cmd.o
                0x0800855c                Prism_hor_SubFun115
 .text.Prism_hor_SubFun116
                0x08008588       0x2c ./Core/Phoropter/Src/Prism_hor_cmd.o
                0x08008588                Prism_hor_SubFun116
 .text.Prism_hor_SubFun117
                0x080085b4       0x2c ./Core/Phoropter/Src/Prism_hor_cmd.o
                0x080085b4                Prism_hor_SubFun117
 .text.Prism_hor_SubFun118
                0x080085e0       0x2c ./Core/Phoropter/Src/Prism_hor_cmd.o
                0x080085e0                Prism_hor_SubFun118
 .text.Prism_hor_SubFun119
                0x0800860c       0x2c ./Core/Phoropter/Src/Prism_hor_cmd.o
                0x0800860c                Prism_hor_SubFun119
 .text.Prism_hor_SubFun120
                0x08008638       0x2c ./Core/Phoropter/Src/Prism_hor_cmd.o
                0x08008638                Prism_hor_SubFun120
 .text.Prism_hor_SubFun121
                0x08008664       0x2c ./Core/Phoropter/Src/Prism_hor_cmd.o
                0x08008664                Prism_hor_SubFun121
 .text.Prism_hor_SubFun122
                0x08008690       0x2c ./Core/Phoropter/Src/Prism_hor_cmd.o
                0x08008690                Prism_hor_SubFun122
 .text.Prism_hor_SubFun123
                0x080086bc       0x2c ./Core/Phoropter/Src/Prism_hor_cmd.o
                0x080086bc                Prism_hor_SubFun123
 .text.Prism_hor_SubFun124
                0x080086e8       0x2c ./Core/Phoropter/Src/Prism_hor_cmd.o
                0x080086e8                Prism_hor_SubFun124
 .text.Prism_hor_SubFun125
                0x08008714       0x2c ./Core/Phoropter/Src/Prism_hor_cmd.o
                0x08008714                Prism_hor_SubFun125
 .text.Prism_hor_SubFun126
                0x08008740       0x2c ./Core/Phoropter/Src/Prism_hor_cmd.o
                0x08008740                Prism_hor_SubFun126
 .text.Prism_hor_SubFun127
                0x0800876c       0x2c ./Core/Phoropter/Src/Prism_hor_cmd.o
                0x0800876c                Prism_hor_SubFun127
 .text.Prism_hor_SubFun128
                0x08008798       0x2c ./Core/Phoropter/Src/Prism_hor_cmd.o
                0x08008798                Prism_hor_SubFun128
 .text.Prism_hor_SubFun129
                0x080087c4       0x2c ./Core/Phoropter/Src/Prism_hor_cmd.o
                0x080087c4                Prism_hor_SubFun129
 .text.Prism_hor_SubFun130
                0x080087f0       0x2c ./Core/Phoropter/Src/Prism_hor_cmd.o
                0x080087f0                Prism_hor_SubFun130
 .text.Prism_hor_SubFun131
                0x0800881c       0x2c ./Core/Phoropter/Src/Prism_hor_cmd.o
                0x0800881c                Prism_hor_SubFun131
 .text.Prism_hor_SubFun132
                0x08008848       0x2c ./Core/Phoropter/Src/Prism_hor_cmd.o
                0x08008848                Prism_hor_SubFun132
 .text.Prism_hor_SubFun133
                0x08008874       0x2c ./Core/Phoropter/Src/Prism_hor_cmd.o
                0x08008874                Prism_hor_SubFun133
 .text.Prism_hor_SubFun134
                0x080088a0       0x2c ./Core/Phoropter/Src/Prism_hor_cmd.o
                0x080088a0                Prism_hor_SubFun134
 .text.Prism_hor_SubFun135
                0x080088cc       0x2c ./Core/Phoropter/Src/Prism_hor_cmd.o
                0x080088cc                Prism_hor_SubFun135
 .text.Prism_hor_SubFun136
                0x080088f8       0x2c ./Core/Phoropter/Src/Prism_hor_cmd.o
                0x080088f8                Prism_hor_SubFun136
 .text.Prism_hor_SubFun137
                0x08008924       0x2c ./Core/Phoropter/Src/Prism_hor_cmd.o
                0x08008924                Prism_hor_SubFun137
 .text.Prism_hor_SubFun138
                0x08008950       0x2c ./Core/Phoropter/Src/Prism_hor_cmd.o
                0x08008950                Prism_hor_SubFun138
 .text.Prism_hor_SubFun139
                0x0800897c       0x2c ./Core/Phoropter/Src/Prism_hor_cmd.o
                0x0800897c                Prism_hor_SubFun139
 .text.Prism_hor_SubFun140
                0x080089a8       0x2c ./Core/Phoropter/Src/Prism_hor_cmd.o
                0x080089a8                Prism_hor_SubFun140
 .text.Prism_hor_SubFun141
                0x080089d4       0x2c ./Core/Phoropter/Src/Prism_hor_cmd.o
                0x080089d4                Prism_hor_SubFun141
 .text.Prism_hor_SubFun142
                0x08008a00       0x2c ./Core/Phoropter/Src/Prism_hor_cmd.o
                0x08008a00                Prism_hor_SubFun142
 .text.Prism_hor_SubFun143
                0x08008a2c       0x2c ./Core/Phoropter/Src/Prism_hor_cmd.o
                0x08008a2c                Prism_hor_SubFun143
 .text.Prism_hor_SubFun144
                0x08008a58       0x2c ./Core/Phoropter/Src/Prism_hor_cmd.o
                0x08008a58                Prism_hor_SubFun144
 .text.Prism_hor_SubFun145
                0x08008a84       0x2c ./Core/Phoropter/Src/Prism_hor_cmd.o
                0x08008a84                Prism_hor_SubFun145
 .text.Prism_hor_SubFun146
                0x08008ab0       0x2c ./Core/Phoropter/Src/Prism_hor_cmd.o
                0x08008ab0                Prism_hor_SubFun146
 .text.Prism_hor_SubFun147
                0x08008adc       0x2c ./Core/Phoropter/Src/Prism_hor_cmd.o
                0x08008adc                Prism_hor_SubFun147
 .text.Prism_hor_SubFun148
                0x08008b08       0x2c ./Core/Phoropter/Src/Prism_hor_cmd.o
                0x08008b08                Prism_hor_SubFun148
 .text.Prism_hor_SubFun149
                0x08008b34       0x2c ./Core/Phoropter/Src/Prism_hor_cmd.o
                0x08008b34                Prism_hor_SubFun149
 .text.Prism_hor_SubFun150
                0x08008b60       0x2c ./Core/Phoropter/Src/Prism_hor_cmd.o
                0x08008b60                Prism_hor_SubFun150
 .text.Prism_hor_SubFun151
                0x08008b8c       0x2c ./Core/Phoropter/Src/Prism_hor_cmd.o
                0x08008b8c                Prism_hor_SubFun151
 .text.Prism_hor_SubFun152
                0x08008bb8       0x2c ./Core/Phoropter/Src/Prism_hor_cmd.o
                0x08008bb8                Prism_hor_SubFun152
 .text.Prism_hor_SubFun153
                0x08008be4       0x2c ./Core/Phoropter/Src/Prism_hor_cmd.o
                0x08008be4                Prism_hor_SubFun153
 .text.Prism_hor_SubFun154
                0x08008c10       0x2c ./Core/Phoropter/Src/Prism_hor_cmd.o
                0x08008c10                Prism_hor_SubFun154
 .text.Prism_hor_SubFun155
                0x08008c3c       0x2c ./Core/Phoropter/Src/Prism_hor_cmd.o
                0x08008c3c                Prism_hor_SubFun155
 .text.Prism_hor_SubFun156
                0x08008c68       0x2c ./Core/Phoropter/Src/Prism_hor_cmd.o
                0x08008c68                Prism_hor_SubFun156
 .text.Prism_hor_SubFun157
                0x08008c94       0x2c ./Core/Phoropter/Src/Prism_hor_cmd.o
                0x08008c94                Prism_hor_SubFun157
 .text.Prism_hor_SubFun158
                0x08008cc0       0x2c ./Core/Phoropter/Src/Prism_hor_cmd.o
                0x08008cc0                Prism_hor_SubFun158
 .text.Prism_hor_SubFun159
                0x08008cec       0x2c ./Core/Phoropter/Src/Prism_hor_cmd.o
                0x08008cec                Prism_hor_SubFun159
 .text.Prism_hor_SubFun160
                0x08008d18       0x2c ./Core/Phoropter/Src/Prism_hor_cmd.o
                0x08008d18                Prism_hor_SubFun160
 .text.Prism_hor_SubFun161
                0x08008d44       0x28 ./Core/Phoropter/Src/Prism_hor_cmd.o
                0x08008d44                Prism_hor_SubFun161
 .text.Prism_hor_SubFun162
                0x08008d6c       0x58 ./Core/Phoropter/Src/Prism_hor_cmd.o
                0x08008d6c                Prism_hor_SubFun162
 .text.Prism_polar2_cmd
                0x08008dc4       0x78 ./Core/Phoropter/Src/Prism_polar2_cmd.o
                0x08008dc4                Prism_polar2_cmd
 .text.Prism_polar2_SubFun1
                0x08008e3c       0x28 ./Core/Phoropter/Src/Prism_polar2_cmd.o
                0x08008e3c                Prism_polar2_SubFun1
 .text.Prism_polar2_SubFun2
                0x08008e64       0x28 ./Core/Phoropter/Src/Prism_polar2_cmd.o
                0x08008e64                Prism_polar2_SubFun2
 .text.Prism_polar2_SubFun3
                0x08008e8c       0x28 ./Core/Phoropter/Src/Prism_polar2_cmd.o
                0x08008e8c                Prism_polar2_SubFun3
 .text.Prism_polar2_SubFun4
                0x08008eb4       0x28 ./Core/Phoropter/Src/Prism_polar2_cmd.o
                0x08008eb4                Prism_polar2_SubFun4
 .text.Prism_polar2_SubFun5
                0x08008edc       0x28 ./Core/Phoropter/Src/Prism_polar2_cmd.o
                0x08008edc                Prism_polar2_SubFun5
 .text.Prism_polar2_SubFun6
                0x08008f04       0x28 ./Core/Phoropter/Src/Prism_polar2_cmd.o
                0x08008f04                Prism_polar2_SubFun6
 .text.Prism_polar2_SubFun7
                0x08008f2c       0x28 ./Core/Phoropter/Src/Prism_polar2_cmd.o
                0x08008f2c                Prism_polar2_SubFun7
 .text.Prism_polar2_SubFun8
                0x08008f54       0x28 ./Core/Phoropter/Src/Prism_polar2_cmd.o
                0x08008f54                Prism_polar2_SubFun8
 .text.Prism_polar2_SubFun9
                0x08008f7c       0x28 ./Core/Phoropter/Src/Prism_polar2_cmd.o
                0x08008f7c                Prism_polar2_SubFun9
 .text.Prism_polar2_SubFun10
                0x08008fa4       0x28 ./Core/Phoropter/Src/Prism_polar2_cmd.o
                0x08008fa4                Prism_polar2_SubFun10
 .text.Prism_polar2_SubFun11
                0x08008fcc       0x28 ./Core/Phoropter/Src/Prism_polar2_cmd.o
                0x08008fcc                Prism_polar2_SubFun11
 .text.Prism_polar2_SubFun12
                0x08008ff4       0x28 ./Core/Phoropter/Src/Prism_polar2_cmd.o
                0x08008ff4                Prism_polar2_SubFun12
 .text.Prism_polar2_SubFun13
                0x0800901c       0x28 ./Core/Phoropter/Src/Prism_polar2_cmd.o
                0x0800901c                Prism_polar2_SubFun13
 .text.Prism_polar2_SubFun14
                0x08009044       0x28 ./Core/Phoropter/Src/Prism_polar2_cmd.o
                0x08009044                Prism_polar2_SubFun14
 .text.Prism_polar2_SubFun15
                0x0800906c       0x28 ./Core/Phoropter/Src/Prism_polar2_cmd.o
                0x0800906c                Prism_polar2_SubFun15
 .text.Prism_polar2_SubFun16
                0x08009094       0x28 ./Core/Phoropter/Src/Prism_polar2_cmd.o
                0x08009094                Prism_polar2_SubFun16
 .text.Prism_polar2_SubFun17
                0x080090bc       0x28 ./Core/Phoropter/Src/Prism_polar2_cmd.o
                0x080090bc                Prism_polar2_SubFun17
 .text.Prism_polar2_SubFun18
                0x080090e4       0x28 ./Core/Phoropter/Src/Prism_polar2_cmd.o
                0x080090e4                Prism_polar2_SubFun18
 .text.Prism_polar2_SubFun19
                0x0800910c       0x28 ./Core/Phoropter/Src/Prism_polar2_cmd.o
                0x0800910c                Prism_polar2_SubFun19
 .text.Prism_polar2_SubFun20
                0x08009134       0x28 ./Core/Phoropter/Src/Prism_polar2_cmd.o
                0x08009134                Prism_polar2_SubFun20
 .text.Prism_polar2_SubFun21
                0x0800915c       0x28 ./Core/Phoropter/Src/Prism_polar2_cmd.o
                0x0800915c                Prism_polar2_SubFun21
 .text.Prism_polar2_SubFun22
                0x08009184       0x28 ./Core/Phoropter/Src/Prism_polar2_cmd.o
                0x08009184                Prism_polar2_SubFun22
 .text.Prism_polar2_SubFun23
                0x080091ac       0x28 ./Core/Phoropter/Src/Prism_polar2_cmd.o
                0x080091ac                Prism_polar2_SubFun23
 .text.Prism_polar2_SubFun24
                0x080091d4       0x28 ./Core/Phoropter/Src/Prism_polar2_cmd.o
                0x080091d4                Prism_polar2_SubFun24
 .text.Prism_polar2_SubFun25
                0x080091fc       0x28 ./Core/Phoropter/Src/Prism_polar2_cmd.o
                0x080091fc                Prism_polar2_SubFun25
 .text.Prism_polar2_SubFun26
                0x08009224       0x28 ./Core/Phoropter/Src/Prism_polar2_cmd.o
                0x08009224                Prism_polar2_SubFun26
 .text.Prism_polar2_SubFun27
                0x0800924c       0x28 ./Core/Phoropter/Src/Prism_polar2_cmd.o
                0x0800924c                Prism_polar2_SubFun27
 .text.Prism_polar2_SubFun28
                0x08009274       0x28 ./Core/Phoropter/Src/Prism_polar2_cmd.o
                0x08009274                Prism_polar2_SubFun28
 .text.Prism_polar2_SubFun29
                0x0800929c       0x28 ./Core/Phoropter/Src/Prism_polar2_cmd.o
                0x0800929c                Prism_polar2_SubFun29
 .text.Prism_polar2_SubFun30
                0x080092c4       0x28 ./Core/Phoropter/Src/Prism_polar2_cmd.o
                0x080092c4                Prism_polar2_SubFun30
 .text.Prism_polar2_SubFun31
                0x080092ec       0x28 ./Core/Phoropter/Src/Prism_polar2_cmd.o
                0x080092ec                Prism_polar2_SubFun31
 .text.Prism_polar2_SubFun32
                0x08009314       0x28 ./Core/Phoropter/Src/Prism_polar2_cmd.o
                0x08009314                Prism_polar2_SubFun32
 .text.Prism_polar2_SubFun33
                0x0800933c       0x28 ./Core/Phoropter/Src/Prism_polar2_cmd.o
                0x0800933c                Prism_polar2_SubFun33
 .text.Prism_polar2_SubFun34
                0x08009364       0x28 ./Core/Phoropter/Src/Prism_polar2_cmd.o
                0x08009364                Prism_polar2_SubFun34
 .text.Prism_polar2_SubFun35
                0x0800938c       0x28 ./Core/Phoropter/Src/Prism_polar2_cmd.o
                0x0800938c                Prism_polar2_SubFun35
 .text.Prism_polar2_SubFun36
                0x080093b4       0x28 ./Core/Phoropter/Src/Prism_polar2_cmd.o
                0x080093b4                Prism_polar2_SubFun36
 .text.Prism_polar2_SubFun37
                0x080093dc       0x28 ./Core/Phoropter/Src/Prism_polar2_cmd.o
                0x080093dc                Prism_polar2_SubFun37
 .text.Prism_polar2_SubFun38
                0x08009404       0x28 ./Core/Phoropter/Src/Prism_polar2_cmd.o
                0x08009404                Prism_polar2_SubFun38
 .text.Prism_polar2_SubFun39
                0x0800942c       0x28 ./Core/Phoropter/Src/Prism_polar2_cmd.o
                0x0800942c                Prism_polar2_SubFun39
 .text.Prism_polar2_SubFun40
                0x08009454       0x28 ./Core/Phoropter/Src/Prism_polar2_cmd.o
                0x08009454                Prism_polar2_SubFun40
 .text.Prism_polar2_SubFun41
                0x0800947c       0x28 ./Core/Phoropter/Src/Prism_polar2_cmd.o
                0x0800947c                Prism_polar2_SubFun41
 .text.Prism_polar2_SubFun42
                0x080094a4       0x28 ./Core/Phoropter/Src/Prism_polar2_cmd.o
                0x080094a4                Prism_polar2_SubFun42
 .text.Prism_polar2_SubFun43
                0x080094cc       0x28 ./Core/Phoropter/Src/Prism_polar2_cmd.o
                0x080094cc                Prism_polar2_SubFun43
 .text.Prism_polar2_SubFun44
                0x080094f4       0x28 ./Core/Phoropter/Src/Prism_polar2_cmd.o
                0x080094f4                Prism_polar2_SubFun44
 .text.Prism_polar2_SubFun45
                0x0800951c       0x28 ./Core/Phoropter/Src/Prism_polar2_cmd.o
                0x0800951c                Prism_polar2_SubFun45
 .text.Prism_polar2_SubFun46
                0x08009544       0x28 ./Core/Phoropter/Src/Prism_polar2_cmd.o
                0x08009544                Prism_polar2_SubFun46
 .text.Prism_polar2_SubFun47
                0x0800956c       0x28 ./Core/Phoropter/Src/Prism_polar2_cmd.o
                0x0800956c                Prism_polar2_SubFun47
 .text.Prism_polar2_SubFun48
                0x08009594       0x28 ./Core/Phoropter/Src/Prism_polar2_cmd.o
                0x08009594                Prism_polar2_SubFun48
 .text.Prism_polar2_SubFun49
                0x080095bc       0x28 ./Core/Phoropter/Src/Prism_polar2_cmd.o
                0x080095bc                Prism_polar2_SubFun49
 .text.Prism_polar2_SubFun50
                0x080095e4       0x28 ./Core/Phoropter/Src/Prism_polar2_cmd.o
                0x080095e4                Prism_polar2_SubFun50
 .text.Prism_polar2_SubFun51
                0x0800960c       0x28 ./Core/Phoropter/Src/Prism_polar2_cmd.o
                0x0800960c                Prism_polar2_SubFun51
 .text.Prism_polar2_SubFun52
                0x08009634       0x28 ./Core/Phoropter/Src/Prism_polar2_cmd.o
                0x08009634                Prism_polar2_SubFun52
 .text.Prism_polar2_SubFun53
                0x0800965c       0x28 ./Core/Phoropter/Src/Prism_polar2_cmd.o
                0x0800965c                Prism_polar2_SubFun53
 .text.Prism_polar2_SubFun54
                0x08009684       0x28 ./Core/Phoropter/Src/Prism_polar2_cmd.o
                0x08009684                Prism_polar2_SubFun54
 .text.Prism_polar2_SubFun55
                0x080096ac       0x28 ./Core/Phoropter/Src/Prism_polar2_cmd.o
                0x080096ac                Prism_polar2_SubFun55
 .text.Prism_polar2_SubFun56
                0x080096d4       0x28 ./Core/Phoropter/Src/Prism_polar2_cmd.o
                0x080096d4                Prism_polar2_SubFun56
 .text.Prism_polar2_SubFun57
                0x080096fc       0x28 ./Core/Phoropter/Src/Prism_polar2_cmd.o
                0x080096fc                Prism_polar2_SubFun57
 .text.Prism_polar2_SubFun58
                0x08009724       0x28 ./Core/Phoropter/Src/Prism_polar2_cmd.o
                0x08009724                Prism_polar2_SubFun58
 .text.Prism_polar2_SubFun59
                0x0800974c       0x28 ./Core/Phoropter/Src/Prism_polar2_cmd.o
                0x0800974c                Prism_polar2_SubFun59
 .text.Prism_polar2_SubFun60
                0x08009774       0x28 ./Core/Phoropter/Src/Prism_polar2_cmd.o
                0x08009774                Prism_polar2_SubFun60
 .text.Prism_polar2_SubFun61
                0x0800979c       0x28 ./Core/Phoropter/Src/Prism_polar2_cmd.o
                0x0800979c                Prism_polar2_SubFun61
 .text.Prism_polar2_SubFun62
                0x080097c4       0x28 ./Core/Phoropter/Src/Prism_polar2_cmd.o
                0x080097c4                Prism_polar2_SubFun62
 .text.Prism_polar2_SubFun63
                0x080097ec       0x28 ./Core/Phoropter/Src/Prism_polar2_cmd.o
                0x080097ec                Prism_polar2_SubFun63
 .text.Prism_polar2_SubFun64
                0x08009814       0x28 ./Core/Phoropter/Src/Prism_polar2_cmd.o
                0x08009814                Prism_polar2_SubFun64
 .text.Prism_polar2_SubFun65
                0x0800983c       0x28 ./Core/Phoropter/Src/Prism_polar2_cmd.o
                0x0800983c                Prism_polar2_SubFun65
 .text.Prism_polar2_SubFun66
                0x08009864       0x28 ./Core/Phoropter/Src/Prism_polar2_cmd.o
                0x08009864                Prism_polar2_SubFun66
 .text.Prism_polar2_SubFun67
                0x0800988c       0x28 ./Core/Phoropter/Src/Prism_polar2_cmd.o
                0x0800988c                Prism_polar2_SubFun67
 .text.Prism_polar2_SubFun68
                0x080098b4       0x28 ./Core/Phoropter/Src/Prism_polar2_cmd.o
                0x080098b4                Prism_polar2_SubFun68
 .text.Prism_polar2_SubFun69
                0x080098dc       0x28 ./Core/Phoropter/Src/Prism_polar2_cmd.o
                0x080098dc                Prism_polar2_SubFun69
 .text.Prism_polar2_SubFun70
                0x08009904       0x28 ./Core/Phoropter/Src/Prism_polar2_cmd.o
                0x08009904                Prism_polar2_SubFun70
 .text.Prism_polar2_SubFun71
                0x0800992c       0x28 ./Core/Phoropter/Src/Prism_polar2_cmd.o
                0x0800992c                Prism_polar2_SubFun71
 .text.Prism_polar2_SubFun72
                0x08009954       0x28 ./Core/Phoropter/Src/Prism_polar2_cmd.o
                0x08009954                Prism_polar2_SubFun72
 .text.Prism_polar2_SubFun73
                0x0800997c       0x28 ./Core/Phoropter/Src/Prism_polar2_cmd.o
                0x0800997c                Prism_polar2_SubFun73
 .text.Prism_polar2_SubFun74
                0x080099a4       0x28 ./Core/Phoropter/Src/Prism_polar2_cmd.o
                0x080099a4                Prism_polar2_SubFun74
 .text.Prism_polar2_SubFun75
                0x080099cc       0x28 ./Core/Phoropter/Src/Prism_polar2_cmd.o
                0x080099cc                Prism_polar2_SubFun75
 .text.Prism_polar2_SubFun76
                0x080099f4       0x2c ./Core/Phoropter/Src/Prism_polar2_cmd.o
                0x080099f4                Prism_polar2_SubFun76
 .text.Prism_polar2_SubFun77
                0x08009a20       0x2c ./Core/Phoropter/Src/Prism_polar2_cmd.o
                0x08009a20                Prism_polar2_SubFun77
 .text.Prism_polar2_SubFun78
                0x08009a4c       0x2c ./Core/Phoropter/Src/Prism_polar2_cmd.o
                0x08009a4c                Prism_polar2_SubFun78
 .text.Prism_polar2_SubFun79
                0x08009a78       0x2c ./Core/Phoropter/Src/Prism_polar2_cmd.o
                0x08009a78                Prism_polar2_SubFun79
 .text.Prism_polar2_SubFun80
                0x08009aa4       0x2c ./Core/Phoropter/Src/Prism_polar2_cmd.o
                0x08009aa4                Prism_polar2_SubFun80
 .text.Prism_polar2_SubFun81
                0x08009ad0       0x2c ./Core/Phoropter/Src/Prism_polar2_cmd.o
                0x08009ad0                Prism_polar2_SubFun81
 .text.Prism_polar2_SubFun82
                0x08009afc       0x2c ./Core/Phoropter/Src/Prism_polar2_cmd.o
                0x08009afc                Prism_polar2_SubFun82
 .text.Prism_polar2_SubFun83
                0x08009b28       0x2c ./Core/Phoropter/Src/Prism_polar2_cmd.o
                0x08009b28                Prism_polar2_SubFun83
 .text.Prism_polar2_SubFun84
                0x08009b54       0x2c ./Core/Phoropter/Src/Prism_polar2_cmd.o
                0x08009b54                Prism_polar2_SubFun84
 .text.Prism_polar2_SubFun85
                0x08009b80       0x2c ./Core/Phoropter/Src/Prism_polar2_cmd.o
                0x08009b80                Prism_polar2_SubFun85
 .text.Prism_polar2_SubFun86
                0x08009bac       0x2c ./Core/Phoropter/Src/Prism_polar2_cmd.o
                0x08009bac                Prism_polar2_SubFun86
 .text.Prism_polar2_SubFun87
                0x08009bd8       0x2c ./Core/Phoropter/Src/Prism_polar2_cmd.o
                0x08009bd8                Prism_polar2_SubFun87
 .text.Prism_polar2_SubFun88
                0x08009c04       0x2c ./Core/Phoropter/Src/Prism_polar2_cmd.o
                0x08009c04                Prism_polar2_SubFun88
 .text.Prism_polar2_SubFun89
                0x08009c30       0x2c ./Core/Phoropter/Src/Prism_polar2_cmd.o
                0x08009c30                Prism_polar2_SubFun89
 .text.Prism_polar2_SubFun90
                0x08009c5c       0x2c ./Core/Phoropter/Src/Prism_polar2_cmd.o
                0x08009c5c                Prism_polar2_SubFun90
 .text.Prism_polar2_SubFun91
                0x08009c88       0x2c ./Core/Phoropter/Src/Prism_polar2_cmd.o
                0x08009c88                Prism_polar2_SubFun91
 .text.Prism_polar2_SubFun92
                0x08009cb4       0x2c ./Core/Phoropter/Src/Prism_polar2_cmd.o
                0x08009cb4                Prism_polar2_SubFun92
 .text.Prism_polar2_SubFun93
                0x08009ce0       0x2c ./Core/Phoropter/Src/Prism_polar2_cmd.o
                0x08009ce0                Prism_polar2_SubFun93
 .text.Prism_polar2_SubFun94
                0x08009d0c       0x2c ./Core/Phoropter/Src/Prism_polar2_cmd.o
                0x08009d0c                Prism_polar2_SubFun94
 .text.Prism_polar2_SubFun95
                0x08009d38       0x2c ./Core/Phoropter/Src/Prism_polar2_cmd.o
                0x08009d38                Prism_polar2_SubFun95
 .text.Prism_polar2_SubFun96
                0x08009d64       0x2c ./Core/Phoropter/Src/Prism_polar2_cmd.o
                0x08009d64                Prism_polar2_SubFun96
 .text.Prism_polar2_SubFun97
                0x08009d90       0x2c ./Core/Phoropter/Src/Prism_polar2_cmd.o
                0x08009d90                Prism_polar2_SubFun97
 .text.Prism_polar2_SubFun98
                0x08009dbc       0x2c ./Core/Phoropter/Src/Prism_polar2_cmd.o
                0x08009dbc                Prism_polar2_SubFun98
 .text.Prism_polar2_SubFun99
                0x08009de8       0x2c ./Core/Phoropter/Src/Prism_polar2_cmd.o
                0x08009de8                Prism_polar2_SubFun99
 .text.Prism_polar2_SubFun100
                0x08009e14       0x2c ./Core/Phoropter/Src/Prism_polar2_cmd.o
                0x08009e14                Prism_polar2_SubFun100
 .text.Prism_polar2_SubFun101
                0x08009e40       0x2c ./Core/Phoropter/Src/Prism_polar2_cmd.o
                0x08009e40                Prism_polar2_SubFun101
 .text.Prism_polar2_SubFun102
                0x08009e6c       0x2c ./Core/Phoropter/Src/Prism_polar2_cmd.o
                0x08009e6c                Prism_polar2_SubFun102
 .text.Prism_polar2_SubFun103
                0x08009e98       0x2c ./Core/Phoropter/Src/Prism_polar2_cmd.o
                0x08009e98                Prism_polar2_SubFun103
 .text.Prism_polar2_SubFun104
                0x08009ec4       0x2c ./Core/Phoropter/Src/Prism_polar2_cmd.o
                0x08009ec4                Prism_polar2_SubFun104
 .text.Prism_polar2_SubFun105
                0x08009ef0       0x2c ./Core/Phoropter/Src/Prism_polar2_cmd.o
                0x08009ef0                Prism_polar2_SubFun105
 .text.Prism_polar2_SubFun106
                0x08009f1c       0x2c ./Core/Phoropter/Src/Prism_polar2_cmd.o
                0x08009f1c                Prism_polar2_SubFun106
 .text.Prism_polar2_SubFun107
                0x08009f48       0x2c ./Core/Phoropter/Src/Prism_polar2_cmd.o
                0x08009f48                Prism_polar2_SubFun107
 .text.Prism_polar2_SubFun108
                0x08009f74       0x2c ./Core/Phoropter/Src/Prism_polar2_cmd.o
                0x08009f74                Prism_polar2_SubFun108
 .text.Prism_polar2_SubFun109
                0x08009fa0       0x2c ./Core/Phoropter/Src/Prism_polar2_cmd.o
                0x08009fa0                Prism_polar2_SubFun109
 .text.Prism_polar2_SubFun110
                0x08009fcc       0x2c ./Core/Phoropter/Src/Prism_polar2_cmd.o
                0x08009fcc                Prism_polar2_SubFun110
 .text.Prism_polar2_SubFun111
                0x08009ff8       0x2c ./Core/Phoropter/Src/Prism_polar2_cmd.o
                0x08009ff8                Prism_polar2_SubFun111
 .text.Prism_polar2_SubFun112
                0x0800a024       0x2c ./Core/Phoropter/Src/Prism_polar2_cmd.o
                0x0800a024                Prism_polar2_SubFun112
 .text.Prism_polar2_SubFun113
                0x0800a050       0x2c ./Core/Phoropter/Src/Prism_polar2_cmd.o
                0x0800a050                Prism_polar2_SubFun113
 .text.Prism_polar2_SubFun114
                0x0800a07c       0x2c ./Core/Phoropter/Src/Prism_polar2_cmd.o
                0x0800a07c                Prism_polar2_SubFun114
 .text.Prism_polar2_SubFun116
                0x0800a0a8       0x2c ./Core/Phoropter/Src/Prism_polar2_cmd.o
                0x0800a0a8                Prism_polar2_SubFun116
 .text.Prism_polar2_SubFun117
                0x0800a0d4       0x2c ./Core/Phoropter/Src/Prism_polar2_cmd.o
                0x0800a0d4                Prism_polar2_SubFun117
 .text.Prism_polar2_SubFun118
                0x0800a100       0x2c ./Core/Phoropter/Src/Prism_polar2_cmd.o
                0x0800a100                Prism_polar2_SubFun118
 .text.Prism_polar2_SubFun119
                0x0800a12c       0x2c ./Core/Phoropter/Src/Prism_polar2_cmd.o
                0x0800a12c                Prism_polar2_SubFun119
 .text.Prism_polar2_SubFun120
                0x0800a158       0x2c ./Core/Phoropter/Src/Prism_polar2_cmd.o
                0x0800a158                Prism_polar2_SubFun120
 .text.Prism_polar2_SubFun121
                0x0800a184       0x2c ./Core/Phoropter/Src/Prism_polar2_cmd.o
                0x0800a184                Prism_polar2_SubFun121
 .text.Prism_polar2_SubFun122
                0x0800a1b0       0x2c ./Core/Phoropter/Src/Prism_polar2_cmd.o
                0x0800a1b0                Prism_polar2_SubFun122
 .text.Prism_polar2_SubFun123
                0x0800a1dc       0x2c ./Core/Phoropter/Src/Prism_polar2_cmd.o
                0x0800a1dc                Prism_polar2_SubFun123
 .text.Prism_polar2_SubFun124
                0x0800a208       0x2c ./Core/Phoropter/Src/Prism_polar2_cmd.o
                0x0800a208                Prism_polar2_SubFun124
 .text.Prism_polar2_SubFun125
                0x0800a234       0x2c ./Core/Phoropter/Src/Prism_polar2_cmd.o
                0x0800a234                Prism_polar2_SubFun125
 .text.Prism_polar2_SubFun126
                0x0800a260       0x2c ./Core/Phoropter/Src/Prism_polar2_cmd.o
                0x0800a260                Prism_polar2_SubFun126
 .text.Prism_polar2_SubFun127
                0x0800a28c       0x2c ./Core/Phoropter/Src/Prism_polar2_cmd.o
                0x0800a28c                Prism_polar2_SubFun127
 .text.Prism_polar2_SubFun128
                0x0800a2b8       0x2c ./Core/Phoropter/Src/Prism_polar2_cmd.o
                0x0800a2b8                Prism_polar2_SubFun128
 .text.Prism_polar2_SubFun129
                0x0800a2e4       0x2c ./Core/Phoropter/Src/Prism_polar2_cmd.o
                0x0800a2e4                Prism_polar2_SubFun129
 .text.Prism_polar2_SubFun130
                0x0800a310       0x2c ./Core/Phoropter/Src/Prism_polar2_cmd.o
                0x0800a310                Prism_polar2_SubFun130
 .text.Prism_polar2_SubFun131
                0x0800a33c       0x2c ./Core/Phoropter/Src/Prism_polar2_cmd.o
                0x0800a33c                Prism_polar2_SubFun131
 .text.Prism_polar2_SubFun132
                0x0800a368       0x2c ./Core/Phoropter/Src/Prism_polar2_cmd.o
                0x0800a368                Prism_polar2_SubFun132
 .text.Prism_polar2_SubFun133
                0x0800a394       0x2c ./Core/Phoropter/Src/Prism_polar2_cmd.o
                0x0800a394                Prism_polar2_SubFun133
 .text.Prism_polar2_SubFun134
                0x0800a3c0       0x2c ./Core/Phoropter/Src/Prism_polar2_cmd.o
                0x0800a3c0                Prism_polar2_SubFun134
 .text.Prism_polar2_SubFun135
                0x0800a3ec       0x2c ./Core/Phoropter/Src/Prism_polar2_cmd.o
                0x0800a3ec                Prism_polar2_SubFun135
 .text.Prism_polar2_SubFun136
                0x0800a418       0x2c ./Core/Phoropter/Src/Prism_polar2_cmd.o
                0x0800a418                Prism_polar2_SubFun136
 .text.Prism_polar2_SubFun137
                0x0800a444       0x2c ./Core/Phoropter/Src/Prism_polar2_cmd.o
                0x0800a444                Prism_polar2_SubFun137
 .text.Prism_polar2_SubFun138
                0x0800a470       0x2c ./Core/Phoropter/Src/Prism_polar2_cmd.o
                0x0800a470                Prism_polar2_SubFun138
 .text.Prism_polar2_SubFun139
                0x0800a49c       0x2c ./Core/Phoropter/Src/Prism_polar2_cmd.o
                0x0800a49c                Prism_polar2_SubFun139
 .text.Prism_polar2_SubFun140
                0x0800a4c8       0x2c ./Core/Phoropter/Src/Prism_polar2_cmd.o
                0x0800a4c8                Prism_polar2_SubFun140
 .text.Prism_polar2_SubFun141
                0x0800a4f4       0x2c ./Core/Phoropter/Src/Prism_polar2_cmd.o
                0x0800a4f4                Prism_polar2_SubFun141
 .text.Prism_polar2_SubFun142
                0x0800a520       0x2c ./Core/Phoropter/Src/Prism_polar2_cmd.o
                0x0800a520                Prism_polar2_SubFun142
 .text.Prism_polar2_SubFun143
                0x0800a54c       0x2c ./Core/Phoropter/Src/Prism_polar2_cmd.o
                0x0800a54c                Prism_polar2_SubFun143
 .text.Prism_polar2_SubFun144
                0x0800a578       0x2c ./Core/Phoropter/Src/Prism_polar2_cmd.o
                0x0800a578                Prism_polar2_SubFun144
 .text.Prism_polar2_SubFun145
                0x0800a5a4       0x2c ./Core/Phoropter/Src/Prism_polar2_cmd.o
                0x0800a5a4                Prism_polar2_SubFun145
 .text.Prism_polar2_SubFun146
                0x0800a5d0       0x2c ./Core/Phoropter/Src/Prism_polar2_cmd.o
                0x0800a5d0                Prism_polar2_SubFun146
 .text.Prism_polar2_SubFun147
                0x0800a5fc       0x2c ./Core/Phoropter/Src/Prism_polar2_cmd.o
                0x0800a5fc                Prism_polar2_SubFun147
 .text.Prism_polar2_SubFun148
                0x0800a628       0x2c ./Core/Phoropter/Src/Prism_polar2_cmd.o
                0x0800a628                Prism_polar2_SubFun148
 .text.Prism_polar2_SubFun149
                0x0800a654       0x2c ./Core/Phoropter/Src/Prism_polar2_cmd.o
                0x0800a654                Prism_polar2_SubFun149
 .text.Prism_polar2_SubFun150
                0x0800a680       0x2c ./Core/Phoropter/Src/Prism_polar2_cmd.o
                0x0800a680                Prism_polar2_SubFun150
 .text.Prism_polar2_SubFun151
                0x0800a6ac       0x2c ./Core/Phoropter/Src/Prism_polar2_cmd.o
                0x0800a6ac                Prism_polar2_SubFun151
 .text.Prism_polar2_SubFun152
                0x0800a6d8       0x2c ./Core/Phoropter/Src/Prism_polar2_cmd.o
                0x0800a6d8                Prism_polar2_SubFun152
 .text.Prism_polar2_SubFun153
                0x0800a704       0x2c ./Core/Phoropter/Src/Prism_polar2_cmd.o
                0x0800a704                Prism_polar2_SubFun153
 .text.Prism_polar2_SubFun154
                0x0800a730       0x2c ./Core/Phoropter/Src/Prism_polar2_cmd.o
                0x0800a730                Prism_polar2_SubFun154
 .text.Prism_polar2_SubFun155
                0x0800a75c       0x2c ./Core/Phoropter/Src/Prism_polar2_cmd.o
                0x0800a75c                Prism_polar2_SubFun155
 .text.Prism_polar2_SubFun156
                0x0800a788       0x2c ./Core/Phoropter/Src/Prism_polar2_cmd.o
                0x0800a788                Prism_polar2_SubFun156
 .text.Prism_polar2_SubFun157
                0x0800a7b4       0x2c ./Core/Phoropter/Src/Prism_polar2_cmd.o
                0x0800a7b4                Prism_polar2_SubFun157
 .text.Prism_polar2_SubFun158
                0x0800a7e0       0x2c ./Core/Phoropter/Src/Prism_polar2_cmd.o
                0x0800a7e0                Prism_polar2_SubFun158
 .text.Prism_polar2_SubFun159
                0x0800a80c       0x2c ./Core/Phoropter/Src/Prism_polar2_cmd.o
                0x0800a80c                Prism_polar2_SubFun159
 .text.Prism_polar2_SubFun160
                0x0800a838       0x2c ./Core/Phoropter/Src/Prism_polar2_cmd.o
                0x0800a838                Prism_polar2_SubFun160
 .text.Prism_polar2_SubFun161
                0x0800a864       0x2c ./Core/Phoropter/Src/Prism_polar2_cmd.o
                0x0800a864                Prism_polar2_SubFun161
 .text.Prism_polar2_SubFun162
                0x0800a890       0x2c ./Core/Phoropter/Src/Prism_polar2_cmd.o
                0x0800a890                Prism_polar2_SubFun162
 .text.Prism_polar2_SubFun163
                0x0800a8bc       0x2c ./Core/Phoropter/Src/Prism_polar2_cmd.o
                0x0800a8bc                Prism_polar2_SubFun163
 .text.Prism_polar2_SubFun164
                0x0800a8e8       0x2c ./Core/Phoropter/Src/Prism_polar2_cmd.o
                0x0800a8e8                Prism_polar2_SubFun164
 .text.Prism_polar2_SubFun165
                0x0800a914       0x2c ./Core/Phoropter/Src/Prism_polar2_cmd.o
                0x0800a914                Prism_polar2_SubFun165
 .text.Prism_polar2_SubFun166
                0x0800a940       0x2c ./Core/Phoropter/Src/Prism_polar2_cmd.o
                0x0800a940                Prism_polar2_SubFun166
 .text.Prism_polar2_SubFun167
                0x0800a96c       0x2c ./Core/Phoropter/Src/Prism_polar2_cmd.o
                0x0800a96c                Prism_polar2_SubFun167
 .text.Prism_polar2_SubFun168
                0x0800a998       0x2c ./Core/Phoropter/Src/Prism_polar2_cmd.o
                0x0800a998                Prism_polar2_SubFun168
 .text.Prism_polar2_SubFun169
                0x0800a9c4       0x2c ./Core/Phoropter/Src/Prism_polar2_cmd.o
                0x0800a9c4                Prism_polar2_SubFun169
 .text.Prism_polar2_SubFun170
                0x0800a9f0       0x2c ./Core/Phoropter/Src/Prism_polar2_cmd.o
                0x0800a9f0                Prism_polar2_SubFun170
 .text.Prism_polar2_SubFun171
                0x0800aa1c       0x2c ./Core/Phoropter/Src/Prism_polar2_cmd.o
                0x0800aa1c                Prism_polar2_SubFun171
 .text.Prism_polar2_SubFun172
                0x0800aa48       0x2c ./Core/Phoropter/Src/Prism_polar2_cmd.o
                0x0800aa48                Prism_polar2_SubFun172
 .text.Prism_polar2_SubFun173
                0x0800aa74       0x2c ./Core/Phoropter/Src/Prism_polar2_cmd.o
                0x0800aa74                Prism_polar2_SubFun173
 .text.Prism_polar2_SubFun174
                0x0800aaa0       0x2c ./Core/Phoropter/Src/Prism_polar2_cmd.o
                0x0800aaa0                Prism_polar2_SubFun174
 .text.Prism_polar2_SubFun176
                0x0800aacc       0x2c ./Core/Phoropter/Src/Prism_polar2_cmd.o
                0x0800aacc                Prism_polar2_SubFun176
 .text.Prism_polar2_SubFun177
                0x0800aaf8       0x2c ./Core/Phoropter/Src/Prism_polar2_cmd.o
                0x0800aaf8                Prism_polar2_SubFun177
 .text.Prism_polar2_SubFun178
                0x0800ab24       0x2c ./Core/Phoropter/Src/Prism_polar2_cmd.o
                0x0800ab24                Prism_polar2_SubFun178
 .text.Prism_polar2_SubFun179
                0x0800ab50       0x2c ./Core/Phoropter/Src/Prism_polar2_cmd.o
                0x0800ab50                Prism_polar2_SubFun179
 .text.Prism_polar2_SubFun180
                0x0800ab7c       0x28 ./Core/Phoropter/Src/Prism_polar2_cmd.o
                0x0800ab7c                Prism_polar2_SubFun180
 .text.Prism_polar_cmd
                0x0800aba4       0x78 ./Core/Phoropter/Src/Prism_polar_cmd.o
                0x0800aba4                Prism_polar_cmd
 .text.Prism_polar_SubFun1
                0x0800ac1c       0x28 ./Core/Phoropter/Src/Prism_polar_cmd.o
                0x0800ac1c                Prism_polar_SubFun1
 .text.Prism_polar_SubFun2
                0x0800ac44       0x28 ./Core/Phoropter/Src/Prism_polar_cmd.o
                0x0800ac44                Prism_polar_SubFun2
 .text.Prism_polar_SubFun3
                0x0800ac6c       0x28 ./Core/Phoropter/Src/Prism_polar_cmd.o
                0x0800ac6c                Prism_polar_SubFun3
 .text.Prism_polar_SubFun4
                0x0800ac94       0x28 ./Core/Phoropter/Src/Prism_polar_cmd.o
                0x0800ac94                Prism_polar_SubFun4
 .text.Prism_polar_SubFun5
                0x0800acbc       0x28 ./Core/Phoropter/Src/Prism_polar_cmd.o
                0x0800acbc                Prism_polar_SubFun5
 .text.Prism_polar_SubFun6
                0x0800ace4       0x28 ./Core/Phoropter/Src/Prism_polar_cmd.o
                0x0800ace4                Prism_polar_SubFun6
 .text.Prism_polar_SubFun7
                0x0800ad0c       0x28 ./Core/Phoropter/Src/Prism_polar_cmd.o
                0x0800ad0c                Prism_polar_SubFun7
 .text.Prism_polar_SubFun8
                0x0800ad34       0x28 ./Core/Phoropter/Src/Prism_polar_cmd.o
                0x0800ad34                Prism_polar_SubFun8
 .text.Prism_polar_SubFun9
                0x0800ad5c       0x28 ./Core/Phoropter/Src/Prism_polar_cmd.o
                0x0800ad5c                Prism_polar_SubFun9
 .text.Prism_polar_SubFun10
                0x0800ad84       0x28 ./Core/Phoropter/Src/Prism_polar_cmd.o
                0x0800ad84                Prism_polar_SubFun10
 .text.Prism_polar_SubFun11
                0x0800adac       0x28 ./Core/Phoropter/Src/Prism_polar_cmd.o
                0x0800adac                Prism_polar_SubFun11
 .text.Prism_polar_SubFun12
                0x0800add4       0x28 ./Core/Phoropter/Src/Prism_polar_cmd.o
                0x0800add4                Prism_polar_SubFun12
 .text.Prism_polar_SubFun13
                0x0800adfc       0x28 ./Core/Phoropter/Src/Prism_polar_cmd.o
                0x0800adfc                Prism_polar_SubFun13
 .text.Prism_polar_SubFun14
                0x0800ae24       0x28 ./Core/Phoropter/Src/Prism_polar_cmd.o
                0x0800ae24                Prism_polar_SubFun14
 .text.Prism_polar_SubFun15
                0x0800ae4c       0x28 ./Core/Phoropter/Src/Prism_polar_cmd.o
                0x0800ae4c                Prism_polar_SubFun15
 .text.Prism_polar_SubFun16
                0x0800ae74       0x28 ./Core/Phoropter/Src/Prism_polar_cmd.o
                0x0800ae74                Prism_polar_SubFun16
 .text.Prism_polar_SubFun17
                0x0800ae9c       0x28 ./Core/Phoropter/Src/Prism_polar_cmd.o
                0x0800ae9c                Prism_polar_SubFun17
 .text.Prism_polar_SubFun18
                0x0800aec4       0x28 ./Core/Phoropter/Src/Prism_polar_cmd.o
                0x0800aec4                Prism_polar_SubFun18
 .text.Prism_polar_SubFun19
                0x0800aeec       0x28 ./Core/Phoropter/Src/Prism_polar_cmd.o
                0x0800aeec                Prism_polar_SubFun19
 .text.Prism_polar_SubFun20
                0x0800af14       0x28 ./Core/Phoropter/Src/Prism_polar_cmd.o
                0x0800af14                Prism_polar_SubFun20
 .text.Prism_polar_SubFun21
                0x0800af3c       0x28 ./Core/Phoropter/Src/Prism_polar_cmd.o
                0x0800af3c                Prism_polar_SubFun21
 .text.Prism_polar_SubFun22
                0x0800af64       0x28 ./Core/Phoropter/Src/Prism_polar_cmd.o
                0x0800af64                Prism_polar_SubFun22
 .text.Prism_polar_SubFun23
                0x0800af8c       0x28 ./Core/Phoropter/Src/Prism_polar_cmd.o
                0x0800af8c                Prism_polar_SubFun23
 .text.Prism_polar_SubFun24
                0x0800afb4       0x28 ./Core/Phoropter/Src/Prism_polar_cmd.o
                0x0800afb4                Prism_polar_SubFun24
 .text.Prism_polar_SubFun25
                0x0800afdc       0x28 ./Core/Phoropter/Src/Prism_polar_cmd.o
                0x0800afdc                Prism_polar_SubFun25
 .text.Prism_polar_SubFun26
                0x0800b004       0x28 ./Core/Phoropter/Src/Prism_polar_cmd.o
                0x0800b004                Prism_polar_SubFun26
 .text.Prism_polar_SubFun27
                0x0800b02c       0x28 ./Core/Phoropter/Src/Prism_polar_cmd.o
                0x0800b02c                Prism_polar_SubFun27
 .text.Prism_polar_SubFun28
                0x0800b054       0x28 ./Core/Phoropter/Src/Prism_polar_cmd.o
                0x0800b054                Prism_polar_SubFun28
 .text.Prism_polar_SubFun29
                0x0800b07c       0x28 ./Core/Phoropter/Src/Prism_polar_cmd.o
                0x0800b07c                Prism_polar_SubFun29
 .text.Prism_polar_SubFun30
                0x0800b0a4       0x28 ./Core/Phoropter/Src/Prism_polar_cmd.o
                0x0800b0a4                Prism_polar_SubFun30
 .text.Prism_polar_SubFun31
                0x0800b0cc       0x28 ./Core/Phoropter/Src/Prism_polar_cmd.o
                0x0800b0cc                Prism_polar_SubFun31
 .text.Prism_polar_SubFun32
                0x0800b0f4       0x28 ./Core/Phoropter/Src/Prism_polar_cmd.o
                0x0800b0f4                Prism_polar_SubFun32
 .text.Prism_polar_SubFun33
                0x0800b11c       0x28 ./Core/Phoropter/Src/Prism_polar_cmd.o
                0x0800b11c                Prism_polar_SubFun33
 .text.Prism_polar_SubFun34
                0x0800b144       0x28 ./Core/Phoropter/Src/Prism_polar_cmd.o
                0x0800b144                Prism_polar_SubFun34
 .text.Prism_polar_SubFun35
                0x0800b16c       0x28 ./Core/Phoropter/Src/Prism_polar_cmd.o
                0x0800b16c                Prism_polar_SubFun35
 .text.Prism_polar_SubFun36
                0x0800b194       0x28 ./Core/Phoropter/Src/Prism_polar_cmd.o
                0x0800b194                Prism_polar_SubFun36
 .text.Prism_polar_SubFun37
                0x0800b1bc       0x28 ./Core/Phoropter/Src/Prism_polar_cmd.o
                0x0800b1bc                Prism_polar_SubFun37
 .text.Prism_polar_SubFun38
                0x0800b1e4       0x28 ./Core/Phoropter/Src/Prism_polar_cmd.o
                0x0800b1e4                Prism_polar_SubFun38
 .text.Prism_polar_SubFun39
                0x0800b20c       0x28 ./Core/Phoropter/Src/Prism_polar_cmd.o
                0x0800b20c                Prism_polar_SubFun39
 .text.Prism_polar_SubFun40
                0x0800b234       0x28 ./Core/Phoropter/Src/Prism_polar_cmd.o
                0x0800b234                Prism_polar_SubFun40
 .text.Prism_polar_SubFun41
                0x0800b25c       0x28 ./Core/Phoropter/Src/Prism_polar_cmd.o
                0x0800b25c                Prism_polar_SubFun41
 .text.Prism_polar_SubFun42
                0x0800b284       0x28 ./Core/Phoropter/Src/Prism_polar_cmd.o
                0x0800b284                Prism_polar_SubFun42
 .text.Prism_polar_SubFun43
                0x0800b2ac       0x28 ./Core/Phoropter/Src/Prism_polar_cmd.o
                0x0800b2ac                Prism_polar_SubFun43
 .text.Prism_polar_SubFun44
                0x0800b2d4       0x28 ./Core/Phoropter/Src/Prism_polar_cmd.o
                0x0800b2d4                Prism_polar_SubFun44
 .text.Prism_polar_SubFun45
                0x0800b2fc       0x28 ./Core/Phoropter/Src/Prism_polar_cmd.o
                0x0800b2fc                Prism_polar_SubFun45
 .text.Prism_polar_SubFun46
                0x0800b324       0x28 ./Core/Phoropter/Src/Prism_polar_cmd.o
                0x0800b324                Prism_polar_SubFun46
 .text.Prism_polar_SubFun47
                0x0800b34c       0x28 ./Core/Phoropter/Src/Prism_polar_cmd.o
                0x0800b34c                Prism_polar_SubFun47
 .text.Prism_polar_SubFun48
                0x0800b374       0x28 ./Core/Phoropter/Src/Prism_polar_cmd.o
                0x0800b374                Prism_polar_SubFun48
 .text.Prism_polar_SubFun49
                0x0800b39c       0x28 ./Core/Phoropter/Src/Prism_polar_cmd.o
                0x0800b39c                Prism_polar_SubFun49
 .text.Prism_polar_SubFun50
                0x0800b3c4       0x28 ./Core/Phoropter/Src/Prism_polar_cmd.o
                0x0800b3c4                Prism_polar_SubFun50
 .text.Prism_polar_SubFun51