Archive member included to satisfy reference by file (symbol)

C:/ST/STM32CubeIDE_1.19.0/STM32CubeIDE/plugins/com.st.stm32cube.ide.mcu.externaltools.gnu-tools-for-stm32.13.3.rel1.win32_1.0.0.202411081344/tools/bin/../lib/gcc/arm-none-eabi/13.3.1/../../../../arm-none-eabi/lib/thumb/v7e-m+dp/hard\libc_nano.a(libc_a-exit.o)
                              C:/ST/STM32CubeIDE_1.19.0/STM32CubeIDE/plugins/com.st.stm32cube.ide.mcu.externaltools.gnu-tools-for-stm32.13.3.rel1.win32_1.0.0.202411081344/tools/bin/../lib/gcc/arm-none-eabi/13.3.1/../../../../arm-none-eabi/lib/thumb/v7e-m+dp/hard/crt0.o (exit)
C:/ST/STM32CubeIDE_1.19.0/STM32CubeIDE/plugins/com.st.stm32cube.ide.mcu.externaltools.gnu-tools-for-stm32.13.3.rel1.win32_1.0.0.202411081344/tools/bin/../lib/gcc/arm-none-eabi/13.3.1/../../../../arm-none-eabi/lib/thumb/v7e-m+dp/hard\libc_nano.a(libc_a-findfp.o)
                              C:/ST/STM32CubeIDE_1.19.0/STM32CubeIDE/plugins/com.st.stm32cube.ide.mcu.externaltools.gnu-tools-for-stm32.13.3.rel1.win32_1.0.0.202411081344/tools/bin/../lib/gcc/arm-none-eabi/13.3.1/../../../../arm-none-eabi/lib/thumb/v7e-m+dp/hard\libc_nano.a(libc_a-exit.o) (__stdio_exit_handler)
C:/ST/STM32CubeIDE_1.19.0/STM32CubeIDE/plugins/com.st.stm32cube.ide.mcu.externaltools.gnu-tools-for-stm32.13.3.rel1.win32_1.0.0.202411081344/tools/bin/../lib/gcc/arm-none-eabi/13.3.1/../../../../arm-none-eabi/lib/thumb/v7e-m+dp/hard\libc_nano.a(libc_a-fwalk.o)
                              C:/ST/STM32CubeIDE_1.19.0/STM32CubeIDE/plugins/com.st.stm32cube.ide.mcu.externaltools.gnu-tools-for-stm32.13.3.rel1.win32_1.0.0.202411081344/tools/bin/../lib/gcc/arm-none-eabi/13.3.1/../../../../arm-none-eabi/lib/thumb/v7e-m+dp/hard\libc_nano.a(libc_a-findfp.o) (_fwalk_sglue)
C:/ST/STM32CubeIDE_1.19.0/STM32CubeIDE/plugins/com.st.stm32cube.ide.mcu.externaltools.gnu-tools-for-stm32.13.3.rel1.win32_1.0.0.202411081344/tools/bin/../lib/gcc/arm-none-eabi/13.3.1/../../../../arm-none-eabi/lib/thumb/v7e-m+dp/hard\libc_nano.a(libc_a-sprintf.o)
                              ./Core/Phoropter/Src/Common.o (sprintf)
C:/ST/STM32CubeIDE_1.19.0/STM32CubeIDE/plugins/com.st.stm32cube.ide.mcu.externaltools.gnu-tools-for-stm32.13.3.rel1.win32_1.0.0.202411081344/tools/bin/../lib/gcc/arm-none-eabi/13.3.1/../../../../arm-none-eabi/lib/thumb/v7e-m+dp/hard\libc_nano.a(libc_a-stdio.o)
                              C:/ST/STM32CubeIDE_1.19.0/STM32CubeIDE/plugins/com.st.stm32cube.ide.mcu.externaltools.gnu-tools-for-stm32.13.3.rel1.win32_1.0.0.202411081344/tools/bin/../lib/gcc/arm-none-eabi/13.3.1/../../../../arm-none-eabi/lib/thumb/v7e-m+dp/hard\libc_nano.a(libc_a-findfp.o) (__sread)
C:/ST/STM32CubeIDE_1.19.0/STM32CubeIDE/plugins/com.st.stm32cube.ide.mcu.externaltools.gnu-tools-for-stm32.13.3.rel1.win32_1.0.0.202411081344/tools/bin/../lib/gcc/arm-none-eabi/13.3.1/../../../../arm-none-eabi/lib/thumb/v7e-m+dp/hard\libc_nano.a(libc_a-memset.o)
                              C:/ST/STM32CubeIDE_1.19.0/STM32CubeIDE/plugins/com.st.stm32cube.ide.mcu.externaltools.gnu-tools-for-stm32.13.3.rel1.win32_1.0.0.202411081344/tools/bin/../lib/gcc/arm-none-eabi/13.3.1/../../../../arm-none-eabi/lib/thumb/v7e-m+dp/hard/crt0.o (memset)
C:/ST/STM32CubeIDE_1.19.0/STM32CubeIDE/plugins/com.st.stm32cube.ide.mcu.externaltools.gnu-tools-for-stm32.13.3.rel1.win32_1.0.0.202411081344/tools/bin/../lib/gcc/arm-none-eabi/13.3.1/../../../../arm-none-eabi/lib/thumb/v7e-m+dp/hard\libc_nano.a(libc_a-closer.o)
                              C:/ST/STM32CubeIDE_1.19.0/STM32CubeIDE/plugins/com.st.stm32cube.ide.mcu.externaltools.gnu-tools-for-stm32.13.3.rel1.win32_1.0.0.202411081344/tools/bin/../lib/gcc/arm-none-eabi/13.3.1/../../../../arm-none-eabi/lib/thumb/v7e-m+dp/hard\libc_nano.a(libc_a-stdio.o) (_close_r)
C:/ST/STM32CubeIDE_1.19.0/STM32CubeIDE/plugins/com.st.stm32cube.ide.mcu.externaltools.gnu-tools-for-stm32.13.3.rel1.win32_1.0.0.202411081344/tools/bin/../lib/gcc/arm-none-eabi/13.3.1/../../../../arm-none-eabi/lib/thumb/v7e-m+dp/hard\libc_nano.a(libc_a-reent.o)
                              C:/ST/STM32CubeIDE_1.19.0/STM32CubeIDE/plugins/com.st.stm32cube.ide.mcu.externaltools.gnu-tools-for-stm32.13.3.rel1.win32_1.0.0.202411081344/tools/bin/../lib/gcc/arm-none-eabi/13.3.1/../../../../arm-none-eabi/lib/thumb/v7e-m+dp/hard\libc_nano.a(libc_a-closer.o) (errno)
C:/ST/STM32CubeIDE_1.19.0/STM32CubeIDE/plugins/com.st.stm32cube.ide.mcu.externaltools.gnu-tools-for-stm32.13.3.rel1.win32_1.0.0.202411081344/tools/bin/../lib/gcc/arm-none-eabi/13.3.1/../../../../arm-none-eabi/lib/thumb/v7e-m+dp/hard\libc_nano.a(libc_a-impure.o)
                              C:/ST/STM32CubeIDE_1.19.0/STM32CubeIDE/plugins/com.st.stm32cube.ide.mcu.externaltools.gnu-tools-for-stm32.13.3.rel1.win32_1.0.0.202411081344/tools/bin/../lib/gcc/arm-none-eabi/13.3.1/../../../../arm-none-eabi/lib/thumb/v7e-m+dp/hard\libc_nano.a(libc_a-sprintf.o) (_impure_ptr)
[...]
Memory Configuration

Name             Origin             Length             Attributes
FLASH            0x08000000         0x00200000         xr
DTCMRAM          0x20000000         0x00020000         xrw
RAM_D1           0x24000000         0x00060000         xrw
RAM_D2           0x30000000         0x00008000         xrw
RAM2_D2          0x30020000         0x00004000         xrw
RAM_D3           0x38000000         0x00010000         xrw
ITCMRAM          0x00000000         0x00010000         xrw
*default*        0x00000000         0xffffffff

Linker script and memory map

LOAD C:/ST/STM32CubeIDE_1.19.0/STM32CubeIDE/plugins/com.st.stm32cube.ide.mcu.externaltools.gnu-tools-for-stm32.13.3.rel1.win32_1.0.0.202411081344/tools/bin/../lib/gcc/arm-none-eabi/13.3.1/thumb/v7e-m+dp/hard/crti.o
LOAD C:/ST/STM32CubeIDE_1.19.0/STM32CubeIDE/plugins/com.st.stm32cube.ide.mcu.externaltools.gnu-tools-for-stm32.13.3.rel1.win32_1.0.0.202411081344/tools/bin/../lib/gcc/arm-none-eabi/13.3.1/thumb/v7e-m+dp/hard/crtbegin.o
LOAD C:/ST/STM32CubeIDE_1.19.0/STM32CubeIDE/plugins/com.st.stm32cube.ide.mcu.externaltools.gnu-tools-for-stm32.13.3.rel1.win32_1.0.0.202411081344/tools/bin/../lib/gcc/arm-none-eabi/13.3.1/../../../../arm-none-eabi/lib/thumb/v7e-m+dp/hard/crt0.o
LOAD ./Core/Phoropter/Src/Common.o
LOAD ./Core/Phoropter/Src/Dc_cmd.o
LOAD ./Core/Phoropter/Src/Disc_cal.o
LOAD ./Core/Phoropter/Src/IO_Expander.o
LOAD ./Core/Phoropter/Src/PD_cmd.o
LOAD ./Core/Phoropter/Src/Prism_hor_cmd.o
LOAD ./Core/Phoropter/Src/Prism_polar2_cmd.o
LOAD ./Core/Phoropter/Src/Prism_polar_cmd.o
LOAD ./Core/Phoropter/Src/Prism_ver_cmd.o
LOAD ./Core/Phoropter/Src/Save_Flash_Values.o
LOAD ./Core/Phoropter/Src/Share_disc_homing.o
LOAD ./Core/Phoropter/Src/Spcl_cmd.o
LOAD ./Core/Phoropter/Src/axis_cmd.o
LOAD ./Core/Phoropter/Src/clear.o
LOAD ./Core/Phoropter/Src/cyl_cmd.o
LOAD ./Core/Phoropter/Src/process_cmd.o
LOAD ./Core/Phoropter/Src/spr_cmd.o
LOAD ./Core/Phoropter/Src/xcyl.o
LOAD ./Core/Src/FLASH_SECTOR_H7.o
LOAD ./Core/Src/main.o
LOAD ./Core/Src/stm32h7xx_hal_msp.o
LOAD ./Core/Src/stm32h7xx_it.o
LOAD ./Core/Src/syscalls.o
LOAD ./Core/Src/sysmem.o
LOAD ./Core/Src/system_stm32h7xx.o
LOAD ./Core/Startup/startup_stm32h742vitx.o
LOAD ./Drivers/STM32H7xx_HAL_Driver/Src/stm32h7xx_hal.o
LOAD ./Drivers/STM32H7xx_HAL_Driver/Src/stm32h7xx_hal_cortex.o
LOAD ./Drivers/STM32H7xx_HAL_Driver/Src/stm32h7xx_hal_dma.o
LOAD ./Drivers/STM32H7xx_HAL_Driver/Src/stm32h7xx_hal_dma_ex.o
LOAD ./Drivers/STM32H7xx_HAL_Driver/Src/stm32h7xx_hal_exti.o
LOAD ./Drivers/STM32H7xx_HAL_Driver/Src/stm32h7xx_hal_flash.o
LOAD ./Drivers/STM32H7xx_HAL_Driver/Src/stm32h7xx_hal_flash_ex.o
LOAD ./Drivers/STM32H7xx_HAL_Driver/Src/stm32h7xx_hal_gpio.o
LOAD ./Drivers/STM32H7xx_HAL_Driver/Src/stm32h7xx_hal_hsem.o
LOAD ./Drivers/STM32H7xx_HAL_Driver/Src/stm32h7xx_hal_i2c.o
LOAD ./Drivers/STM32H7xx_HAL_Driver/Src/stm32h7xx_hal_i2c_ex.o
LOAD ./Drivers/STM32H7xx_HAL_Driver/Src/stm32h7xx_hal_mdma.o
LOAD ./Drivers/STM32H7xx_HAL_Driver/Src/stm32h7xx_hal_pwr.o
LOAD ./Drivers/STM32H7xx_HAL_Driver/Src/stm32h7xx_hal_pwr_ex.o
LOAD ./Drivers/STM32H7xx_HAL_Driver/Src/stm32h7xx_hal_rcc.o
LOAD ./Drivers/STM32H7xx_HAL_Driver/Src/stm32h7xx_hal_rcc_ex.o
LOAD ./Drivers/STM32H7xx_HAL_Driver/Src/stm32h7xx_hal_tim.o
LOAD ./Drivers/STM32H7xx_HAL_Driver/Src/stm32h7xx_hal_tim_ex.o
LOAD ./Drivers/STM32H7xx_HAL_Driver/Src/stm32h7xx_hal_uart.o
LOAD ./Drivers/STM32H7xx_HAL_Driver/Src/stm32h7xx_hal_uart_ex.o
START GROUP
LOAD C:/ST/STM32CubeIDE_1.19.0/STM32CubeIDE/plugins/com.st.stm32cube.ide.mcu.externaltools.gnu-tools-for-stm32.13.3.rel1.win32_1.0.0.202411081344/tools/bin/../lib/gcc/arm-none-eabi/13.3.1/../../../../arm-none-eabi/lib/thumb/v7e-m+dp/hard\libc_nano.a
LOAD C:/ST/STM32CubeIDE_1.19.0/STM32CubeIDE/plugins/com.st.stm32cube.ide.mcu.externaltools.gnu-tools-for-stm32.13.3.rel1.win32_1.0.0.202411081344/tools/bin/../lib/gcc/arm-none-eabi/13.3.1/../../../../arm-none-eabi/lib/thumb/v7e-m+dp/hard\libm.a
END GROUP
START GROUP
LOAD C:/ST/STM32CubeIDE_1.19.0/STM32CubeIDE/plugins/com.st.stm32cube.ide.mcu.externaltools.gnu-tools-for-stm32.13.3.rel1.win32_1.0.0.202411081344/tools/bin/../lib/gcc/arm-none-eabi/13.3.1/thumb/v7e-m+dp/hard\libgcc.a
LOAD C:/ST/STM32CubeIDE_1.19.0/STM32CubeIDE/plugins/com.st.stm32cube.ide.mcu.externaltools.gnu-tools-for-stm32.13.3.rel1.win32_1.0.0.202411081344/tools/bin/../lib/gcc/arm-none-eabi/13.3.1/../../../../arm-none-eabi/lib/thumb/v7e-m+dp/hard\libc_nano.a
END GROUP
START GROUP
LOAD C:/ST/STM32CubeIDE_1.19.0/STM32CubeIDE/plugins/com.st.stm32cube.ide.mcu.externaltools.gnu-tools-for-stm32.13.3.rel1.win32_1.0.0.202411081344/tools/bin/../lib/gcc/arm-none-eabi/13.3.1/thumb/v7e-m+dp/hard\libgcc.a
LOAD C:/ST/STM32CubeIDE_1.19.0/STM32CubeIDE/plugins/com.st.stm32cube.ide.mcu.externaltools.gnu-tools-for-stm32.13.3.rel1.win32_1.0.0.202411081344/tools/bin/../lib/gcc/arm-none-eabi/13.3.1/../../../../arm-none-eabi/lib/thumb/v7e-m+dp/hard\libc_nano.a
LOAD C:/ST/STM32CubeIDE_1.19.0/STM32CubeIDE/plugins/com.st.stm32cube.ide.mcu.externaltools.gnu-tools-for-stm32.13.3.rel1.win32_1.0.0.202411081344/tools/bin/../lib/gcc/arm-none-eabi/13.3.1/../../../../arm-none-eabi/lib/thumb/v7e-m+dp/hard\libnosys.a
END GROUP
START GROUP
LOAD C:/ST/STM32CubeIDE_1.19.0/STM32CubeIDE/plugins/com.st.stm32cube.ide.mcu.externaltools.gnu-tools-for-stm32.13.3.rel1.win32_1.0.0.202411081344/tools/bin/../lib/gcc/arm-none-eabi/13.3.1/thumb/v7e-m+dp/hard\libgcc.a
LOAD C:/ST/STM32CubeIDE_1.19.0/STM32CubeIDE/plugins/com.st.stm32cube.ide.mcu.externaltools.gnu-tools-for-stm32.13.3.rel1.win32_1.0.0.202411081344/tools/bin/../lib/gcc/arm-none-eabi/13.3.1/../../../../arm-none-eabi/lib/thumb/v7e-m+dp/hard\libc_nano.a
LOAD C:/ST/STM32CubeIDE_1.19.0/STM32CubeIDE/plugins/com.st.stm32cube.ide.mcu.externaltools.gnu-tools-for-stm32.13.3.rel1.win32_1.0.0.202411081344/tools/bin/../lib/gcc/arm-none-eabi/13.3.1/../../../../arm-none-eabi/lib/thumb/v7e-m+dp/hard\libnosys.a
END GROUP
LOAD C:/ST/STM32CubeIDE_1.19.0/STM32CubeIDE/plugins/com.st.stm32cube.ide.mcu.externaltools.gnu-tools-for-stm32.13.3.rel1.win32_1.0.0.202411081344/tools/bin/../lib/gcc/arm-none-eabi/13.3.1/thumb/v7e-m+dp/hard/crtend.o
LOAD C:/ST/STM32CubeIDE_1.19.0/STM32CubeIDE/plugins/com.st.stm32cube.ide.mcu.externaltools.gnu-tools-for-stm32.13.3.rel1.win32_1.0.0.202411081344/tools/bin/../lib/gcc/arm-none-eabi/13.3.1/thumb/v7e-m+dp/hard/crtn.o
                0x24060000                        _estack = (ORIGIN (RAM_D1) + LENGTH (RAM_D1))
                0x00000200                        _Min_Heap_Size = 0x200
                0x00000400                        _Min_Stack_Size = 0x400

.isr_vector     0x08000000      0x298
                0x08000000                        . = ALIGN (0x4)
 *(.isr_vector)
 .isr_vector    0x08000000      0x298 ./Core/Startup/startup_stm32h742vitx.o
                0x08000000                g_pfnVectors
                0x08000298                        . = ALIGN (0x4)

.text           0x080002a0    0x23cd4
                0x080002a0                        . = ALIGN (0x4)
 *(.text)
 .text          0x080002a0       0x40 C:/ST/STM32CubeIDE_1.19.0/STM32CubeIDE/plugins/com.st.stm32cube.ide.mcu.externaltools.gnu-tools-for-stm32.13.3.rel1.win32_1.0.0.202411081344/tools/bin/../lib/gcc/arm-none-eabi/13.3.1/thumb/v7e-m+dp/hard/crtbegin.o
 .text          0x080002e0       0x10 C:/ST/STM32CubeIDE_1.19.0/STM32CubeIDE/plugins/com.st.stm32cube.ide.mcu.externaltools.gnu-tools-for-stm32.13.3.rel1.win32_1.0.0.202411081344/tools/bin/../lib/gcc/arm-none-eabi/13.3.1/../../../../arm-none-eabi/lib/thumb/v7e-m+dp/hard\libc_nano.a(libc_a-strlen.o)
                0x080002e0                strlen
 .text          0x080002f0       0xa0 C:/ST/STM32CubeIDE_1.19.0/STM32CubeIDE/plugins/com.st.stm32cube.ide.mcu.externaltools.gnu-tools-for-stm32.13.3.rel1.win32_1.0.0.202411081344/tools/bin/../lib/gcc/arm-none-eabi/13.3.1/../../../../arm-none-eabi/lib/thumb/v7e-m+dp/hard\libc_nano.a(libc_a-memchr.o)
                0x080002f0                memchr
 .text          0x08000390       0x30 C:/ST/STM32CubeIDE_1.19.0/STM32CubeIDE/plugins/com.st.stm32cube.ide.mcu.externaltools.gnu-tools-for-stm32.13.3.rel1.win32_1.0.0.202411081344/tools/bin/../lib/gcc/arm-none-eabi/13.3.1/thumb/v7e-m+dp/hard\libgcc.a(_aeabi_uldivmod.o)
                0x08000390                __aeabi_uldivmod
 .text          0x080003c0      0x2f8 C:/ST/STM32CubeIDE_1.19.0/STM32CubeIDE/plugins/com.st.stm32cube.ide.mcu.externaltools.gnu-tools-for-stm32.13.3.rel1.win32_1.0.0.202411081344/tools/bin/../lib/gcc/arm-none-eabi/13.3.1/thumb/v7e-m+dp/hard\libgcc.a(_udivmoddi4.o)
                0x080003c0                __udivmoddi4
 .text          0x080006b8        0x4 C:/ST/STM32CubeIDE_1.19.0/STM32CubeIDE/plugins/com.st.stm32cube.ide.mcu.externaltools.gnu-tools-for-stm32.13.3.rel1.win32_1.0.0.202411081344/tools/bin/../lib/gcc/arm-none-eabi/13.3.1/thumb/v7e-m+dp/hard\libgcc.a(_dvmd_tls.o)
                0x080006b8                __aeabi_idiv0
                0x080006b8                __aeabi_ldiv0
 *(.text*)
 .text.MBCmdReceivefunc
                0x080006bc      0x1c8 ./Core/Phoropter/Src/Common.o
                0x080006bc                MBCmdReceivefunc
 .text.check_motor_status
                0x08000884      0x174 ./Core/Phoropter/Src/Common.o
                0x08000884                check_motor_status
 .text.Init_PV  0x080009f8       0x5c ./Core/Phoropter/Src/Common.o
                0x080009f8                Init_PV
 *fill*         0x08000a54        0x4 
 .text.Disc1_homing_position
                0x08000a58      0x12c ./Core/Phoropter/Src/Common.o
                0x08000a58                Disc1_homing_position
 .text.Disc2_homing_position
                0x08000b84      0x124 ./Core/Phoropter/Src/Common.o
                0x08000b84                Disc2_homing_position
 .text.Disc3_homing_position
                0x08000ca8      0x11c ./Core/Phoropter/Src/Common.o
                0x08000ca8                Disc3_homing_position
 *fill*         0x08000dc4        0x4 
 .text.Disc4_homing_position
                0x08000dc8      0x11c ./Core/Phoropter/Src/Common.o
                0x08000dc8                Disc4_homing_position
 *fill*         0x08000ee4        0x4 
 .text.Disc5_homing_position
                0x08000ee8      0x10c ./Core/Phoropter/Src/Common.o
                0x08000ee8                Disc5_homing_position
 .text.Disc6_homing_position
                0x08000ff4      0x10c ./Core/Phoropter/Src/Common.o
                0x08000ff4                Disc6_homing_position
 .text.PD_motor
                0x08001100      0x104 ./Core/Phoropter/Src/Common.o
                0x08001100                PD_motor
 .text.Axis_motor_homing
                0x08001204      0x3ec ./Core/Phoropter/Src/Common.o
                0x08001204                Axis_motor_homing
 .text.Prism1_motor
                0x080015f0      0x1a0 ./Core/Phoropter/Src/Common.o
                0x080015f0                Prism1_motor
 .text.Prism2_motor
                0x08001790      0x1b8 ./Core/Phoropter/Src/Common.o
                0x08001790                Prism2_motor
 .text.DC_motor_In
                0x08001948       0x70 ./Core/Phoropter/Src/Common.o
                0x08001948                DC_motor_In
 .text.DC_motor_Out
                0x080019b8      0x13c ./Core/Phoropter/Src/Common.o
                0x080019b8                DC_motor_Out
 *fill*         0x08001af4        0x4 
 .text.Disc_Motor_Rotation
                0x08001af8      0x440 ./Core/Phoropter/Src/Common.o
                0x08001af8                Disc_Motor_Rotation
 .text.rotate_disc1
                0x08001f38      0x170 ./Core/Phoropter/Src/Common.o
                0x08001f38                rotate_disc1
 .text.rotate_disc2
                0x080020a8      0x170 ./Core/Phoropter/Src/Common.o
                0x080020a8                rotate_disc2
 .text.rotate_disc3
                0x08002218      0x1b0 ./Core/Phoropter/Src/Common.o
                0x08002218                rotate_disc3
 .text.rotate_disc4
                0x080023c8      0x200 ./Core/Phoropter/Src/Common.o
                0x080023c8                rotate_disc4
 .text.rotate_disc5
                0x080025c8      0x1f8 ./Core/Phoropter/Src/Common.o
                0x080025c8                rotate_disc5
 .text.rotate_disc6
                0x080027c0      0x1d0 ./Core/Phoropter/Src/Common.o
                0x080027c0                rotate_disc6
 .text.Axis_motor_rotation
                0x08002990      0x154 ./Core/Phoropter/Src/Common.o
                0x08002990                Axis_motor_rotation
 .text.Axis_motor_rotation_calibration
                0x08002ae4      0x120 ./Core/Phoropter/Src/Common.o
                0x08002ae4                Axis_motor_rotation_calibration
 .text.axis_xcyl
                0x08002c04      0x1d8 ./Core/Phoropter/Src/Common.o
                0x08002c04                axis_xcyl
 *fill*         0x08002ddc        0x4 
 .text.Prism1_Motor_Rotation
                0x08002de0      0x13c ./Core/Phoropter/Src/Common.o
                0x08002de0                Prism1_Motor_Rotation
 *fill*         0x08002f1c        0x4 
 .text.Prism2_Motor_Rotation
                0x08002f20      0x14c ./Core/Phoropter/Src/Common.o
                0x08002f20                Prism2_Motor_Rotation
 *fill*         0x0800306c        0x4 
 .text.prism_motor_rotation
                0x08003070      0x27c ./Core/Phoropter/Src/Common.o
                0x08003070                prism_motor_rotation
 .text.Prism_Polar
                0x080032ec       0x60 ./Core/Phoropter/Src/Common.o
                0x080032ec                Prism_Polar
 *fill*         0x0800334c        0x4 
 .text.Prism_XY
                0x08003350      0x700 ./Core/Phoropter/Src/Common.o
                0x08003350                Prism_XY
 .text.prism_function
                0x08003a50       0x58 ./Core/Phoropter/Src/Common.o
                0x08003a50                prism_function
 .text.PD1_motor
                0x08003aa8      0x13c ./Core/Phoropter/Src/Common.o
                0x08003aa8                PD1_motor
 *fill*         0x08003be4        0x4 
 .text.Disc_motorspeed_cal
                0x08003be8      0x394 ./Core/Phoropter/Src/Common.o
                0x08003be8                Disc_motorspeed_cal
 *fill*         0x08003f7c        0x4 
 .text.Axis_motorspeed_cal
                0x08003f80      0x2fc ./Core/Phoropter/Src/Common.o
                0x08003f80                Axis_motorspeed_cal
 .text.PD_motorspeed_cal
                0x0800427c       0x60 ./Core/Phoropter/Src/Common.o
                0x0800427c                PD_motorspeed_cal
 .text.Prism_motorspeed_cal
                0x080042dc       0x60 ./Core/Phoropter/Src/Common.o
                0x080042dc                Prism_motorspeed_cal
 .text.HAL_TIM_PeriodElapsedCallback
                0x0800433c     0x187c ./Core/Phoropter/Src/Common.o
                0x0800433c                HAL_TIM_PeriodElapsedCallback
 .text.Dc_cmd   0x08005bb8       0x78 ./Core/Phoropter/Src/Dc_cmd.o
                0x08005bb8                Dc_cmd
 .text.Dc_SubFun1
                0x08005c30       0x8c ./Core/Phoropter/Src/Dc_cmd.o
                0x08005c30                Dc_SubFun1
 .text.Dc_SubFun2
                0x08005cbc       0x8c ./Core/Phoropter/Src/Dc_cmd.o
                0x08005cbc                Dc_SubFun2
 .text.Disc_cmd
                0x08005d48       0x78 ./Core/Phoropter/Src/Disc_cal.o
                0x08005d48                Disc_cmd
 .text.disc1_inc
                0x08005dc0       0x74 ./Core/Phoropter/Src/Disc_cal.o
                0x08005dc0                disc1_inc
 .text.disc1_dec
                0x08005e34       0x6c ./Core/Phoropter/Src/Disc_cal.o
                0x08005e34                disc1_dec
 .text.disc2_inc
                0x08005ea0       0x74 ./Core/Phoropter/Src/Disc_cal.o
                0x08005ea0                disc2_inc
 .text.disc2_dec
                0x08005f14       0x6c ./Core/Phoropter/Src/Disc_cal.o
                0x08005f14                disc2_dec
 .text.disc3_inc
                0x08005f80       0x7c ./Core/Phoropter/Src/Disc_cal.o
                0x08005f80                disc3_inc
 .text.disc3_dec
                0x08005ffc       0x74 ./Core/Phoropter/Src/Disc_cal.o
                0x08005ffc                disc3_dec
 .text.disc4_inc
                0x08006070       0x7c ./Core/Phoropter/Src/Disc_cal.o
                0x08006070                disc4_inc
 .text.disc4_dec
                0x080060ec       0x74 ./Core/Phoropter/Src/Disc_cal.o
                0x080060ec                disc4_dec
 .text.disc5_inc
                0x08006160       0x7c ./Core/Phoropter/Src/Disc_cal.o
                0x08006160                disc5_inc
 .text.disc5_dec
                0x080061dc       0x74 ./Core/Phoropter/Src/Disc_cal.o
                0x080061dc                disc5_dec
 .text.disc6_inc
                0x08006250       0x7c ./Core/Phoropter/Src/Disc_cal.o
                0x08006250                disc6_inc
 .text.disc6_dec
                0x080062cc       0x74 ./Core/Phoropter/Src/Disc_cal.o
                0x080062cc                disc6_dec
 .text.PD_inc   0x08006340       0x44 ./Core/Phoropter/Src/Disc_cal.o
                0x08006340                PD_inc
 .text.PD_dec   0x08006384       0x44 ./Core/Phoropter/Src/Disc_cal.o
                0x08006384                PD_dec
 .text.Axis_inc
                0x080063c8       0x38 ./Core/Phoropter/Src/Disc_cal.o
                0x080063c8                Axis_inc
 .text.Axis_dec
                0x08006400       0x38 ./Core/Phoropter/Src/Disc_cal.o
                0x08006400                Axis_dec
 .text.prism1_inc
                0x08006438       0x48 ./Core/Phoropter/Src/Disc_cal.o
                0x08006438                prism1_inc
 .text.prism1_dec
                0x08006480       0x48 ./Core/Phoropter/Src/Disc_cal.o
                0x08006480                prism1_dec
 .text.prism2_inc
                0x080064c8       0x48 ./Core/Phoropter/Src/Disc_cal.o
                0x080064c8                prism2_inc
 .text.prism2_dec
                0x08006510       0x48 ./Core/Phoropter/Src/Disc_cal.o
                0x08006510                prism2_dec
 .text.pca9535_read
                0x08006558       0x56 ./Core/Phoropter/Src/IO_Expander.o
                0x08006558                pca9535_read
 *fill*         0x080065ae        0x2 
 .text.PD_cmd   0x080065b0       0x78 ./Core/Phoropter/Src/PD_cmd.o
                0x080065b0                PD_cmd
 .text.PD1_SubFun1
                0x08006628       0x34 ./Core/Phoropter/Src/PD_cmd.o
                0x08006628                PD1_SubFun1
 .text.PD1_SubFun2
                0x0800665c       0x34 ./Core/Phoropter/Src/PD_cmd.o
                0x0800665c                PD1_SubFun2
 .text.PD1_SubFun3
                0x08006690       0x34 ./Core/Phoropter/Src/PD_cmd.o
                0x08006690                PD1_SubFun3
 .text.PD1_SubFun4
                0x080066c4       0x34 ./Core/Phoropter/Src/PD_cmd.o
                0x080066c4                PD1_SubFun4
 .text.PD1_SubFun5
                0x080066f8       0x34 ./Core/Phoropter/Src/PD_cmd.o
                0x080066f8                PD1_SubFun5
 .text.PD1_SubFun6
                0x0800672c       0x34 ./Core/Phoropter/Src/PD_cmd.o
                0x0800672c                PD1_SubFun6
 .text.PD1_SubFun7
                0x08006760       0x34 ./Core/Phoropter/Src/PD_cmd.o
                0x08006760                PD1_SubFun7
 .text.PD1_SubFun8
                0x08006794       0x34 ./Core/Phoropter/Src/PD_cmd.o
                0x08006794                PD1_SubFun8
 .text.PD1_SubFun9
                0x080067c8       0x34 ./Core/Phoropter/Src/PD_cmd.o
                0x080067c8                PD1_SubFun9
 .text.PD1_SubFun10
                0x080067fc       0x34 ./Core/Phoropter/Src/PD_cmd.o
                0x080067fc                PD1_SubFun10
 .text.PD1_SubFun11
                0x08006830       0x34 ./Core/Phoropter/Src/PD_cmd.o
                0x08006830                PD1_SubFun11
 .text.PD1_SubFun12
                0x08006864       0x34 ./Core/Phoropter/Src/PD_cmd.o
                0x08006864                PD1_SubFun12
 .text.PD1_SubFun13
                0x08006898       0x34 ./Core/Phoropter/Src/PD_cmd.o
                0x08006898                PD1_SubFun13
 .text.PD1_SubFun14
                0x080068cc       0x34 ./Core/Phoropter/Src/PD_cmd.o
                0x080068cc                PD1_SubFun14
 .text.PD1_SubFun15
                0x08006900       0x34 ./Core/Phoropter/Src/PD_cmd.o
                0x08006900                PD1_SubFun15
 .text.PD1_SubFun16
                0x08006934       0x34 ./Core/Phoropter/Src/PD_cmd.o
                0x08006934                PD1_SubFun16
 .text.PD1_SubFun17
                0x08006968       0x34 ./Core/Phoropter/Src/PD_cmd.o
                0x08006968                PD1_SubFun17
 .text.PD1_SubFun18
                0x0800699c       0x34 ./Core/Phoropter/Src/PD_cmd.o
                0x0800699c                PD1_SubFun18
 .text.PD1_SubFun19
                0x080069d0       0x34 ./Core/Phoropter/Src/PD_cmd.o
                0x080069d0                PD1_SubFun19
 .text.PD1_SubFun20
                0x08006a04       0x34 ./Core/Phoropter/Src/PD_cmd.o
                0x08006a04                PD1_SubFun20
 .text.PD1_SubFun21
                0x08006a38       0x34 ./Core/Phoropter/Src/PD_cmd.o
                0x08006a38                PD1_SubFun21
 .text.PD1_SubFun22
                0x08006a6c       0x34 ./Core/Phoropter/Src/PD_cmd.o
                0x08006a6c                PD1_SubFun22
 .text.PD1_SubFun23
                0x08006aa0       0x34 ./Core/Phoropter/Src/PD_cmd.o
                0x08006aa0                PD1_SubFun23
 .text.PD1_SubFun24
                0x08006ad4       0x34 ./Core/Phoropter/Src/PD_cmd.o
                0x08006ad4                PD1_SubFun24
 .text.PD1_SubFun25
                0x08006b08       0x34 ./Core/Phoropter/Src/PD_cmd.o
                0x08006b08                PD1_SubFun25
 .text.PD1_SubFun26
                0x08006b3c       0x34 ./Core/Phoropter/Src/PD_cmd.o
                0x08006b3c                PD1_SubFun26
 .text.PD1_SubFun27
                0x08006b70       0x34 ./Core/Phoropter/Src/PD_cmd.o
                0x08006b70                PD1_SubFun27
 .text.PD1_SubFun28
                0x08006ba4       0x34 ./Core/Phoropter/Src/PD_cmd.o
                0x08006ba4                PD1_SubFun28
 .text.PD1_SubFun29
                0x08006bd8       0x34 ./Core/Phoropter/Src/PD_cmd.o
                0x08006bd8                PD1_SubFun29
 .text.PD1_SubFun30
                0x08006c0c       0x34 ./Core/Phoropter/Src/PD_cmd.o
                0x08006c0c                PD1_SubFun30
 .text.PD1_SubFun31
                0x08006c40       0x34 ./Core/Phoropter/Src/PD_cmd.o
                0x08006c40                PD1_SubFun31
 .text.PD1_SubFun32
                0x08006c74       0x34 ./Core/Phoropter/Src/PD_cmd.o
                0x08006c74                PD1_SubFun32
 .text.PD1_SubFun33
                0x08006ca8       0x34 ./Core/Phoropter/Src/PD_cmd.o
                0x08006ca8                PD1_SubFun33
 .text.PD1_SubFun34
                0x08006cdc       0x34 ./Core/Phoropter/Src/PD_cmd.o
                0x08006cdc                PD1_SubFun34
 .text.PD1_SubFun35
                0x08006d10       0x34 ./Core/Phoropter/Src/PD_cmd.o
                0x08006d10                PD1_SubFun35
 .text.PD1_SubFun36
                0x08006d44       0x34 ./Core/Phoropter/Src/PD_cmd.o
                0x08006d44                PD1_SubFun36
 .text.PD1_SubFun37
                0x08006d78       0x34 ./Core/Phoropter/Src/PD_cmd.o
                0x08006d78                PD1_SubFun37
 .text.PD1_SubFun38
                0x08006dac       0x34 ./Core/Phoropter/Src/PD_cmd.o
                0x08006dac                PD1_SubFun38
 .text.PD1_SubFun39
                0x08006de0       0x34 ./Core/Phoropter/Src/PD_cmd.o
                0x08006de0                PD1_SubFun39
 .text.PD1_SubFun40
                0x08006e14       0x34 ./Core/Phoropter/Src/PD_cmd.o
                0x08006e14                PD1_SubFun40
 .text.PD1_SubFun41
                0x08006e48       0x34 ./Core/Phoropter/Src/PD_cmd.o
                0x08006e48                PD1_SubFun41
 .text.PD1_SubFun42
                0x08006e7c       0x34 ./Core/Phoropter/Src/PD_cmd.o
                0x08006e7c                PD1_SubFun42
 .text.PD1_SubFun43
                0x08006eb0       0x34 ./Core/Phoropter/Src/PD_cmd.o
                0x08006eb0                PD1_SubFun43
 .text.PD1_SubFun44
                0x08006ee4       0x34 ./Core/Phoropter/Src/PD_cmd.o
                0x08006ee4                PD1_SubFun44
 .text.PD1_SubFun45
                0x08006f18       0x34 ./Core/Phoropter/Src/PD_cmd.o
                0x08006f18                PD1_SubFun45
 .text.PD1_SubFun46
                0x08006f4c       0x34 ./Core/Phoropter/Src/PD_cmd.o
                0x08006f4c                PD1_SubFun46
 .text.PD1_SubFun47
                0x08006f80       0x34 ./Core/Phoropter/Src/PD_cmd.o
                0x08006f80                PD1_SubFun47
 .text.PD1_SubFun48
                0x08006fb4       0x34 ./Core/Phoropter/Src/PD_cmd.o
                0x08006fb4                PD1_SubFun48
 .text.PD1_SubFun49
                0x08006fe8       0x34 ./Core/Phoropter/Src/PD_cmd.o
                0x08006fe8                PD1_SubFun49
 .text.PD1_SubFun50
                0x0800701c       0x34 ./Core/Phoropter/Src/PD_cmd.o
                0x0800701c                PD1_SubFun50
 .text.PD1_SubFun51
                0x08007050       0x34 ./Core/Phoropter/Src/PD_cmd.o
                0x08007050                PD1_SubFun51
 .text.PD1_SubFun52
                0x08007084       0x34 ./Core/Phoropter/Src/PD_cmd.o
                0x08007084                PD1_SubFun52
 .text.PD1_SubFun53
                0x080070b8       0x34 ./Core/Phoropter/Src/PD_cmd.o
                0x080070b8                PD1_SubFun53
 .text.PD1_SubFun54
                0x080070ec       0x34 ./Core/Phoropter/Src/PD_cmd.o
                0x080070ec                PD1_SubFun54
 .text.PD1_SubFun55
                0x08007120       0x34 ./Core/Phoropter/Src/PD_cmd.o
                0x08007120                PD1_SubFun55
 .text.PD1_SubFun56
                0x08007154       0x34 ./Core/Phoropter/Src/PD_cmd.o
                0x08007154                PD1_SubFun56
 .text.PD1_SubFun57
                0x08007188       0x34 ./Core/Phoropter/Src/PD_cmd.o
                0x08007188                PD1_SubFun57
 .text.PD1_SubFun58
                0x080071bc       0x34 ./Core/Phoropter/Src/PD_cmd.o
                0x080071bc                PD1_SubFun58
 .text.PD1_SubFun59
                0x080071f0       0x34 ./Core/Phoropter/Src/PD_cmd.o
                0x080071f0                PD1_SubFun59
 .text.PD1_SubFun60
                0x08007224       0x34 ./Core/Phoropter/Src/PD_cmd.o
                0x08007224                PD1_SubFun60
 .text.PD1_SubFun61
                0x08007258       0x48 ./Core/Phoropter/Src/PD_cmd.o
                0x08007258                PD1_SubFun61
 .text.PD1_SubFun62
                0x080072a0       0x48 ./Core/Phoropter/Src/PD_cmd.o
                0x080072a0                PD1_SubFun62
 .text.Prism_hor_cmd
                0x080072e8       0x78 ./Core/Phoropter/Src/Prism_hor_cmd.o
                0x080072e8                Prism_hor_cmd
 .text.Prism_hor_SubFun1
                0x08007360       0x28 ./Core/Phoropter/Src/Prism_hor_cmd.o
                0x08007360                Prism_hor_SubFun1
 .text.Prism_hor_SubFun2
                0x08007388       0x28 ./Core/Phoropter/Src/Prism_hor_cmd.o
                0x08007388                Prism_hor_SubFun2
 .text.Prism_hor_SubFun3
                0x080073b0       0x28 ./Core/Phoropter/Src/Prism_hor_cmd.o
                0x080073b0                Prism_hor_SubFun3
 .text.Prism_hor_SubFun4
                0x080073d8       0x28 ./Core/Phoropter/Src/Prism_hor_cmd.o
                0x080073d8                Prism_hor_SubFun4
 .text.Prism_hor_SubFun5
                0x08007400       0x28 ./Core/Phoropter/Src/Prism_hor_cmd.o
                0x08007400                Prism_hor_SubFun5
 .text.Prism_hor_SubFun6
                0x08007428       0x28 ./Core/Phoropter/Src/Prism_hor_cmd.o
                0x08007428                Prism_hor_SubFun6
 .text.Prism_hor_SubFun7
                0x08007450       0x28 ./Core/Phoropter/Src/Prism_hor_cmd.o
                0x08007450                Prism_hor_SubFun7
 .text.Prism_hor_SubFun8
                0x08007478       0x28 ./Core/Phoropter/Src/Prism_hor_cmd.o
                0x08007478                Prism_hor_SubFun8
 .text.Prism_hor_SubFun9
                0x080074a0       0x28 ./Core/Phoropter/Src/Prism_hor_cmd.o
                0x080074a0                Prism_hor_SubFun9
 .text.Prism_hor_SubFun10
                0x080074c8       0x28 ./Core/Phoropter/Src/Prism_hor_cmd.o
                0x080074c8                Prism_hor_SubFun10
 .text.Prism_hor_SubFun11
                0x080074f0       0x28 ./Core/Phoropter/Src/Prism_hor_cmd.o
                0x080074f0                Prism_hor_SubFun11
 .text.Prism_hor_SubFun12
                0x08007518       0x28 ./Core/Phoropter/Src/Prism_hor_cmd.o
                0x08007518                Prism_hor_SubFun12
 .text.Prism_hor_SubFun13
                0x08007540       0x28 ./Core/Phoropter/Src/Prism_hor_cmd.o
                0x08007540                Prism_hor_SubFun13
 .text.Prism_hor_SubFun14
                0x08007568       0x28 ./Core/Phoropter/Src/Prism_hor_cmd.o
                0x08007568                Prism_hor_SubFun14
 .text.Prism_hor_SubFun15
                0x08007590       0x28 ./Core/Phoropter/Src/Prism_hor_cmd.o
                0x08007590                Prism_hor_SubFun15
 .text.Prism_hor_SubFun16
                0x080075b8       0x28 ./Core/Phoropter/Src/Prism_hor_cmd.o
                0x080075b8                Prism_hor_SubFun16
 .text.Prism_hor_SubFun17
                0x080075e0       0x28 ./Core/Phoropter/Src/Prism_hor_cmd.o
                0x080075e0                Prism_hor_SubFun17
 .text.Prism_hor_SubFun18
                0x08007608       0x28 ./Core/Phoropter/Src/Prism_hor_cmd.o
                0x08007608                Prism_hor_SubFun18
 .text.Prism_hor_SubFun19
                0x08007630       0x28 ./Core/Phoropter/Src/Prism_hor_cmd.o
                0x08007630                Prism_hor_SubFun19
 .text.Prism_hor_SubFun20
                0x08007658       0x28 ./Core/Phoropter/Src/Prism_hor_cmd.o
                0x08007658                Prism_hor_SubFun20
 .text.Prism_hor_SubFun21
                0x08007680       0x28 ./Core/Phoropter/Src/Prism_hor_cmd.o
                0x08007680                Prism_hor_SubFun21
 .text.Prism_hor_SubFun22
                0x080076a8       0x28 ./Core/Phoropter/Src/Prism_hor_cmd.o
                0x080076a8                Prism_hor_SubFun22
 .text.Prism_hor_SubFun23
                0x080076d0       0x28 ./Core/Phoropter/Src/Prism_hor_cmd.o
                0x080076d0                Prism_hor_SubFun23
 .text.Prism_hor_SubFun24
                0x080076f8       0x28 ./Core/Phoropter/Src/Prism_hor_cmd.o
                0x080076f8                Prism_hor_SubFun24
 .text.Prism_hor_SubFun25
                0x08007720       0x28 ./Core/Phoropter/Src/Prism_hor_cmd.o
                0x08007720                Prism_hor_SubFun25
 .text.Prism_hor_SubFun26
                0x08007748       0x28 ./Core/Phoropter/Src/Prism_hor_cmd.o
                0x08007748                Prism_hor_SubFun26
 .text.Prism_hor_SubFun27
                0x08007770       0x28 ./Core/Phoropter/Src/Prism_hor_cmd.o
                0x08007770                Prism_hor_SubFun27
 .text.Prism_hor_SubFun28
                0x08007798       0x28 ./Core/Phoropter/Src/Prism_hor_cmd.o
                0x08007798                Prism_hor_SubFun28
 .text.Prism_hor_SubFun29
                0x080077c0       0x28 ./Core/Phoropter/Src/Prism_hor_cmd.o
                0x080077c0                Prism_hor_SubFun29
 .text.Prism_hor_SubFun30
                0x080077e8       0x28 ./Core/Phoropter/Src/Prism_hor_cmd.o
                0x080077e8                Prism_hor_SubFun30
 .text.Prism_hor_SubFun31
                0x08007810       0x28 ./Core/Phoropter/Src/Prism_hor_cmd.o
                0x08007810                Prism_hor_SubFun31
 .text.Prism_hor_SubFun32
                0x08007838       0x28 ./Core/Phoropter/Src/Prism_hor_cmd.o
                0x08007838                Prism_hor_SubFun32
 .text.Prism_hor_SubFun33
                0x08007860       0x28 ./Core/Phoropter/Src/Prism_hor_cmd.o
                0x08007860                Prism_hor_SubFun33
 .text.Prism_hor_SubFun34
                0x08007888       0x28 ./Core/Phoropter/Src/Prism_hor_cmd.o
                0x08007888                Prism_hor_SubFun34
 .text.Prism_hor_SubFun35
                0x080078b0       0x28 ./Core/Phoropter/Src/Prism_hor_cmd.o
                0x080078b0                Prism_hor_SubFun35
 .text.Prism_hor_SubFun36
                0x080078d8       0x28 ./Core/Phoropter/Src/Prism_hor_cmd.o
                0x080078d8                Prism_hor_SubFun36
 .text.Prism_hor_SubFun37
                0x08007900       0x28 ./Core/Phoropter/Src/Prism_hor_cmd.o
                0x08007900                Prism_hor_SubFun37
 .text.Prism_hor_SubFun38
                0x08007928       0x28 ./Core/Phoropter/Src/Prism_hor_cmd.o
                0x08007928                Prism_hor_SubFun38
 .text.Prism_hor_SubFun39
                0x08007950       0x28 ./Core/Phoropter/Src/Prism_hor_cmd.o
                0x08007950                Prism_hor_SubFun39
 .text.Prism_hor_SubFun40
                0x08007978       0x28 ./Core/Phoropter/Src/Prism_hor_cmd.o
                0x08007978                Prism_hor_SubFun40
 .text.Prism_hor_SubFun41
                0x080079a0       0x28 ./Core/Phoropter/Src/Prism_hor_cmd.o
                0x080079a0                Prism_hor_SubFun41
 .text.Prism_hor_SubFun42
                0x080079c8       0x28 ./Core/Phoropter/Src/Prism_hor_cmd.o
                0x080079c8                Prism_hor_SubFun42
 .text.Prism_hor_SubFun43
                0x080079f0       0x28 ./Core/Phoropter/Src/Prism_hor_cmd.o
                0x080079f0                Prism_hor_SubFun43
 .text.Prism_hor_SubFun44
                0x08007a18       0x28 ./Core/Phoropter/Src/Prism_hor_cmd.o
                0x08007a18                Prism_hor_SubFun44
 .text.Prism_hor_SubFun45
                0x08007a40       0x28 ./Core/Phoropter/Src/Prism_hor_cmd.o
                0x08007a40                Prism_hor_SubFun45
 .text.Prism_hor_SubFun46
                0x08007a68       0x28 ./Core/Phoropter/Src/Prism_hor_cmd.o
                0x08007a68                Prism_hor_SubFun46
 .text.Prism_hor_SubFun47
                0x08007a90       0x28 ./Core/Phoropter/Src/Prism_hor_cmd.o
                0x08007a90                Prism_hor_SubFun47
 .text.Prism_hor_SubFun48
                0x08007ab8       0x28 ./Core/Phoropter/Src/Prism_hor_cmd.o
                0x08007ab8                Prism_hor_SubFun48
 .text.Prism_hor_SubFun49
                0x08007ae0       0x28 ./Core/Phoropter/Src/Prism_hor_cmd.o
                0x08007ae0                Prism_hor_SubFun49
 .text.Prism_hor_SubFun50
                0x08007b08       0x28 ./Core/Phoropter/Src/Prism_hor_cmd.o
                0x08007b08                Prism_hor_SubFun50
 .text.Prism_hor_SubFun51
                0x08007b30       0x28 ./Core/Phoropter/Src/Prism_hor_cmd.o
                0x08007b30                Prism_hor_SubFun51
 .text.Prism_hor_SubFun52
                0x08007b58       0x28 ./Core/Phoropter/Src/Prism_hor_cmd.o
                0x08007b58                Prism_hor_SubFun52
 .text.Prism_hor_SubFun53
                0x08007b80       0x28 ./Core/Phoropter/Src/Prism_hor_cmd.o
                0x08007b80                Prism_hor_SubFun53
 .text.Prism_hor_SubFun54
                0x08007ba8       0x28 ./Core/Phoropter/Src/Prism_hor_cmd.o
                0x08007ba8                Prism_hor_SubFun54
 .text.Prism_hor_SubFun55
                0x08007bd0       0x28 ./Core/Phoropter/Src/Prism_hor_cmd.o
                0x08007bd0                Prism_hor_SubFun55
 .text.Prism_hor_SubFun56
                0x08007bf8       0x28 ./Core/Phoropter/Src/Prism_hor_cmd.o
                0x08007bf8                Prism_hor_SubFun56
 .text.Prism_hor_SubFun57
                0x08007c20       0x28 ./Core/Phoropter/Src/Prism_hor_cmd.o
                0x08007c20                Prism_hor_SubFun57
 .text.Prism_hor_SubFun58
                0x08007c48       0x28 ./Core/Phoropter/Src/Prism_hor_cmd.o
                0x08007c48                Prism_hor_SubFun58
 .text.Prism_hor_SubFun59
                0x08007c70       0x28 ./Core/Phoropter/Src/Prism_hor_cmd.o
                0x08007c70                Prism_hor_SubFun59
 .text.Prism_hor_SubFun60
                0x08007c98       0x28 ./Core/Phoropter/Src/Prism_hor_cmd.o
                0x08007c98                Prism_hor_SubFun60
 .text.Prism_hor_SubFun61
                0x08007cc0       0x28 ./Core/Phoropter/Src/Prism_hor_cmd.o
                0x08007cc0                Prism_hor_SubFun61
 .text.Prism_hor_SubFun62
                0x08007ce8       0x28 ./Core/Phoropter/Src/Prism_hor_cmd.o
                0x08007ce8                Prism_hor_SubFun62
 .text.Prism_hor_SubFun63
                0x08007d10       0x28 ./Core/Phoropter/Src/Prism_hor_cmd.o
                0x08007d10                Prism_hor_SubFun63
 .text.Prism_hor_SubFun64
                0x08007d38       0x28 ./Core/Phoropter/Src/Prism_hor_cmd.o
                0x08007d38                Prism_hor_SubFun64
 .text.Prism_hor_SubFun65
                0x08007d60       0x28 ./Core/Phoropter/Src/Prism_hor_cmd.o
                0x08007d60                Prism_hor_SubFun65
 .text.Prism_hor_SubFun66
                0x08007d88       0x28 ./Core/Phoropter/Src/Prism_hor_cmd.o
                0x08007d88                Prism_hor_SubFun66
 .text.Prism_hor_SubFun67
                0x08007db0       0x28 ./Core/Phoropter/Src/Prism_hor_cmd.o
                0x08007db0                Prism_hor_SubFun67
 .text.Prism_hor_SubFun68
                0x08007dd8       0x28 ./Core/Phoropter/Src/Prism_hor_cmd.o
                0x08007dd8                Prism_hor_SubFun68
 .text.Prism_hor_SubFun69
                0x08007e00       0x28 ./Core/Phoropter/Src/Prism_hor_cmd.o
                0x08007e00                Prism_hor_SubFun69
 .text.Prism_hor_SubFun70
                0x08007e28       0x28 ./Core/Phoropter/Src/Prism_hor_cmd.o
                0x08007e28                Prism_hor_SubFun70
 .text.Prism_hor_SubFun71
                0x08007e50       0x28 ./Core/Phoropter/Src/Prism_hor_cmd.o
                0x08007e50                Prism_hor_SubFun71
 .text.Prism_hor_SubFun72
                0x08007e78       0x28 ./Core/Phoropter/Src/Prism_hor_cmd.o
                0x08007e78                Prism_hor_SubFun72
 .text.Prism_hor_SubFun73
                0x08007ea0       0x28 ./Core/Phoropter/Src/Prism_hor_cmd.o
                0x08007ea0                Prism_hor_SubFun73
 .text.Prism_hor_SubFun74
                0x08007ec8       0x28 ./Core/Phoropter/Src/Prism_hor_cmd.o
                0x08007ec8                Prism_hor_SubFun74
 .text.Prism_hor_SubFun75
                0x08007ef0       0x28 ./Core/Phoropter/Src/Prism_hor_cmd.o
                0x08007ef0                Prism_hor_SubFun75
 .text.Prism_hor_SubFun76
                0x08007f18       0x28 ./Core/Phoropter/Src/Prism_hor_cmd.o
                0x08007f18                Prism_hor_SubFun76
 .text.Prism_hor_SubFun77
                0x08007f40       0x28 ./Core/Phoropter/Src/Prism_hor_cmd.o
                0x08007f40                Prism_hor_SubFun77
 .text.Prism_hor_SubFun78
                0x08007f68       0x28 ./Core/Phoropter/Src/Prism_hor_cmd.o
                0x08007f68                Prism_hor_SubFun78
 .text.Prism_hor_SubFun79
                0x08007f90       0x28 ./Core/Phoropter/Src/Prism_hor_cmd.o
                0x08007f90                Prism_hor_SubFun79
 .text.Prism_hor_SubFun80
                0x08007fb8       0x28 ./Core/Phoropter/Src/Prism_hor_cmd.o
                0x08007fb8                Prism_hor_SubFun80
 .text.Prism_hor_SubFun81
                0x08007fe0       0x2c ./Core/Phoropter/Src/Prism_hor_cmd.o
                0x08007fe0                Prism_hor_SubFun81
 .text.Prism_hor_SubFun82
                0x0800800c       0x2c ./Core/Phoropter/Src/Prism_hor_cmd.o
                0x0800800c                Prism_hor_SubFun82
 .text.Prism_hor_SubFun83
                0x08008038       0x2c ./Core/Phoropter/Src/Prism_hor_cmd.o
                0x08008038                Prism_hor_SubFun83
 .text.Prism_hor_SubFun84
                0x08008064       0x2c ./Core/Phoropter/Src/Prism_hor_cmd.o
                0x08008064                Prism_hor_SubFun84
 .text.Prism_hor_SubFun85
                0x08008090       0x2c ./Core/Phoropter/Src/Prism_hor_cmd.o
                0x08008090                Prism_hor_SubFun85
 .text.Prism_hor_SubFun86
                0x080080bc       0x2c ./Core/Phoropter/Src/Prism_hor_cmd.o
                0x080080bc                Prism_hor_SubFun86
 .text.Prism_hor_SubFun87
                0x080080e8       0x2c ./Core/Phoropter/Src/Prism_hor_cmd.o
                0x080080e8                Prism_hor_SubFun87
 .text.Prism_hor_SubFun88
                0x08008114       0x2c ./Core/Phoropter/Src/Prism_hor_cmd.o
                0x08008114                Prism_hor_SubFun88
 .text.Prism_hor_SubFun89
                0x08008140       0x2c ./Core/Phoropter/Src/Prism_hor_cmd.o
                0x08008140                Prism_hor_SubFun89
 .text.Prism_hor_SubFun90
                0x0800816c       0x2c ./Core/Phoropter/Src/Prism_hor_cmd.o
                0x0800816c                Prism_hor_SubFun90
 .text.Prism_hor_SubFun91
                0x08008198       0x2c ./Core/Phoropter/Src/Prism_hor_cmd.o
                0x08008198                Prism_hor_SubFun91
 .text.Prism_hor_SubFun92
                0x080081c4       0x2c ./Core/Phoropter/Src/Prism_hor_cmd.o
                0x080081c4                Prism_hor_SubFun92
 .text.Prism_hor_SubFun93
                0x080081f0       0x2c ./Core/Phoropter/Src/Prism_hor_cmd.o
                0x080081f0                Prism_hor_SubFun93
 .text.Prism_hor_SubFun94
                0x0800821c       0x2c ./Core/Phoropter/Src/Prism_hor_cmd.o
                0x0800821c                Prism_hor_SubFun94
 .text.Prism_hor_SubFun95
                0x08008248       0x2c ./Core/Phoropter/Src/Prism_hor_cmd.o
                0x08008248                Prism_hor_SubFun95
 .text.Prism_hor_SubFun96
                0x08008274       0x2c ./Core/Phoropter/Src/Prism_hor_cmd.o
                0x08008274                Prism_hor_SubFun96
 .text.Prism_hor_SubFun97
                0x080082a0       0x2c ./Core/Phoropter/Src/Prism_hor_cmd.o
                0x080082a0                Prism_hor_SubFun97
 .text.Prism_hor_SubFun98
                0x080082cc       0x2c ./Core/Phoropter/Src/Prism_hor_cmd.o
                0x080082cc                Prism_hor_SubFun98
 .text.Prism_hor_SubFun99
                0x080082f8       0x2c ./Core/Phoropter/Src/Prism_hor_cmd.o
                0x080082f8                Prism_hor_SubFun99
 .text.Prism_hor_SubFun100
                0x08008324       0x2c ./Core/Phoropter/Src/Prism_hor_cmd.o
                0x08008324                Prism_hor_SubFun100
 .text.Prism_hor_SubFun101
                0x08008350       0x2c ./Core/Phoropter/Src/Prism_hor_cmd.o
                0x08008350                Prism_hor_SubFun101
 .text.Prism_hor_SubFun102
                0x0800837c       0x2c ./Core/Phoropter/Src/Prism_hor_cmd.o
                0x0800837c                Prism_hor_SubFun102
 .text.Prism_hor_SubFun103
                0x080083a8       0x2c ./Core/Phoropter/Src/Prism_hor_cmd.o
                0x080083a8                Prism_hor_SubFun103
 .text.Prism_hor_SubFun104
                0x080083d4       0x2c ./Core/Phoropter/Src/Prism_hor_cmd.o
                0x080083d4                Prism_hor_SubFun104
 .text.Prism_hor_SubFun105
                0x08008400       0x2c ./Core/Phoropter/Src/Prism_hor_cmd.o
                0x08008400                Prism_hor_SubFun105
 .text.Prism_hor_SubFun106
                0x0800842c       0x2c ./Core/Phoropter/Src/Prism_hor_cmd.o
                0x0800842c                Prism_hor_SubFun106
 .text.Prism_hor_SubFun107
                0x08008458       0x2c ./Core/Phoropter/Src/Prism_hor_cmd.o
                0x08008458                Prism_hor_SubFun107
 .text.Prism_hor_SubFun108
                0x08008484       0x2c ./Core/Phoropter/Src/Prism_hor_cmd.o
                0x08008484                Prism_hor_SubFun108
 .text.Prism_hor_SubFun109
                0x080084b0       0x2c ./Core/Phoropter/Src/Prism_hor_cmd.o
                0x080084b0                Prism_hor_SubFun109
 .text.Prism_hor_SubFun110
                0x080084dc       0x2c ./Core/Phoropter/Src/Prism_hor_cmd.o
                0x080084dc                Prism_hor_SubFun110
 .text.Prism_hor_SubFun111
                0x08008508       0x2c ./Core/Phoropter/Src/Prism_hor_cmd.o
                0x08008508                Prism_hor_SubFun111
 .text.Prism_hor_SubFun112
                0x08008534       0x2c ./Core/Phoropter/Src/Prism_hor_cmd.o
                0x08008534                Prism_hor_SubFun112
 .text.Prism_hor_SubFun113
                0x08008560       0x2c ./Core/Phoropter/Src/Prism_hor_cmd.o
                0x08008560                Prism_hor_SubFun113
 .text.Prism_hor_SubFun114
                0x0800858c       0x2c ./Core/Phoropter/Src/Prism_hor_cmd.o
                0x0800858c                Prism_hor_SubFun114
 .text.Prism_hor_SubFun115
                0x080085b8       0x2c ./Core/Phoropter/Src/Prism_hor_cmd.o
                0x080085b8                Prism_hor_SubFun115
 .text.Prism_hor_SubFun116
                0x080085e4       0x2c ./Core/Phoropter/Src/Prism_hor_cmd.o
                0x080085e4                Prism_hor_SubFun116
 .text.Prism_hor_SubFun117
                0x08008610       0x2c ./Core/Phoropter/Src/Prism_hor_cmd.o
                0x08008610                Prism_hor_SubFun117
 .text.Prism_hor_SubFun118
                0x0800863c       0x2c ./Core/Phoropter/Src/Prism_hor_cmd.o
                0x0800863c                Prism_hor_SubFun118
 .text.Prism_hor_SubFun119
                0x08008668       0x2c ./Core/Phoropter/Src/Prism_hor_cmd.o
                0x08008668                Prism_hor_SubFun119
 .text.Prism_hor_SubFun120
                0x08008694       0x2c ./Core/Phoropter/Src/Prism_hor_cmd.o
                0x08008694                Prism_hor_SubFun120
 .text.Prism_hor_SubFun121
                0x080086c0       0x2c ./Core/Phoropter/Src/Prism_hor_cmd.o
                0x080086c0                Prism_hor_SubFun121
 .text.Prism_hor_SubFun122
                0x080086ec       0x2c ./Core/Phoropter/Src/Prism_hor_cmd.o
                0x080086ec                Prism_hor_SubFun122
 .text.Prism_hor_SubFun123
                0x08008718       0x2c ./Core/Phoropter/Src/Prism_hor_cmd.o
                0x08008718                Prism_hor_SubFun123
 .text.Prism_hor_SubFun124
                0x08008744       0x2c ./Core/Phoropter/Src/Prism_hor_cmd.o
                0x08008744                Prism_hor_SubFun124
 .text.Prism_hor_SubFun125
                0x08008770       0x2c ./Core/Phoropter/Src/Prism_hor_cmd.o
                0x08008770                Prism_hor_SubFun125
 .text.Prism_hor_SubFun126
                0x0800879c       0x2c ./Core/Phoropter/Src/Prism_hor_cmd.o
                0x0800879c                Prism_hor_SubFun126
 .text.Prism_hor_SubFun127
                0x080087c8       0x2c ./Core/Phoropter/Src/Prism_hor_cmd.o
                0x080087c8                Prism_hor_SubFun127
 .text.Prism_hor_SubFun128
                0x080087f4       0x2c ./Core/Phoropter/Src/Prism_hor_cmd.o
                0x080087f4                Prism_hor_SubFun128
 .text.Prism_hor_SubFun129
                0x08008820       0x2c ./Core/Phoropter/Src/Prism_hor_cmd.o
                0x08008820                Prism_hor_SubFun129
 .text.Prism_hor_SubFun130
                0x0800884c       0x2c ./Core/Phoropter/Src/Prism_hor_cmd.o
                0x0800884c                Prism_hor_SubFun130
 .text.Prism_hor_SubFun131
                0x08008878       0x2c ./Core/Phoropter/Src/Prism_hor_cmd.o
                0x08008878                Prism_hor_SubFun131
 .text.Prism_hor_SubFun132
                0x080088a4       0x2c ./Core/Phoropter/Src/Prism_hor_cmd.o
                0x080088a4                Prism_hor_SubFun132
 .text.Prism_hor_SubFun133
                0x080088d0       0x2c ./Core/Phoropter/Src/Prism_hor_cmd.o
                0x080088d0                Prism_hor_SubFun133
 .text.Prism_hor_SubFun134
                0x080088fc       0x2c ./Core/Phoropter/Src/Prism_hor_cmd.o
                0x080088fc                Prism_hor_SubFun134
 .text.Prism_hor_SubFun135
                0x08008928       0x2c ./Core/Phoropter/Src/Prism_hor_cmd.o
                0x08008928                Prism_hor_SubFun135
 .text.Prism_hor_SubFun136
                0x08008954       0x2c ./Core/Phoropter/Src/Prism_hor_cmd.o
                0x08008954                Prism_hor_SubFun136
 .text.Prism_hor_SubFun137
                0x08008980       0x2c ./Core/Phoropter/Src/Prism_hor_cmd.o
                0x08008980                Prism_hor_SubFun137
 .text.Prism_hor_SubFun138
                0x080089ac       0x2c ./Core/Phoropter/Src/Prism_hor_cmd.o
                0x080089ac                Prism_hor_SubFun138
 .text.Prism_hor_SubFun139
                0x080089d8       0x2c ./Core/Phoropter/Src/Prism_hor_cmd.o
                0x080089d8                Prism_hor_SubFun139
 .text.Prism_hor_SubFun140
                0x08008a04       0x2c ./Core/Phoropter/Src/Prism_hor_cmd.o
                0x08008a04                Prism_hor_SubFun140
 .text.Prism_hor_SubFun141
                0x08008a30       0x2c ./Core/Phoropter/Src/Prism_hor_cmd.o
                0x08008a30                Prism_hor_SubFun141
 .text.Prism_hor_SubFun142
                0x08008a5c       0x2c ./Core/Phoropter/Src/Prism_hor_cmd.o
                0x08008a5c                Prism_hor_SubFun142
 .text.Prism_hor_SubFun143
                0x08008a88       0x2c ./Core/Phoropter/Src/Prism_hor_cmd.o
                0x08008a88                Prism_hor_SubFun143
 .text.Prism_hor_SubFun144
                0x08008ab4       0x2c ./Core/Phoropter/Src/Prism_hor_cmd.o
                0x08008ab4                Prism_hor_SubFun144
 .text.Prism_hor_SubFun145
                0x08008ae0       0x2c ./Core/Phoropter/Src/Prism_hor_cmd.o
                0x08008ae0                Prism_hor_SubFun145
 .text.Prism_hor_SubFun146
                0x08008b0c       0x2c ./Core/Phoropter/Src/Prism_hor_cmd.o
                0x08008b0c                Prism_hor_SubFun146
 .text.Prism_hor_SubFun147
                0x08008b38       0x2c ./Core/Phoropter/Src/Prism_hor_cmd.o
                0x08008b38                Prism_hor_SubFun147
 .text.Prism_hor_SubFun148
                0x08008b64       0x2c ./Core/Phoropter/Src/Prism_hor_cmd.o
                0x08008b64                Prism_hor_SubFun148
 .text.Prism_hor_SubFun149
                0x08008b90       0x2c ./Core/Phoropter/Src/Prism_hor_cmd.o
                0x08008b90                Prism_hor_SubFun149
 .text.Prism_hor_SubFun150
                0x08008bbc       0x2c ./Core/Phoropter/Src/Prism_hor_cmd.o
                0x08008bbc                Prism_hor_SubFun150
 .text.Prism_hor_SubFun151
                0x08008be8       0x2c ./Core/Phoropter/Src/Prism_hor_cmd.o
                0x08008be8                Prism_hor_SubFun151
 .text.Prism_hor_SubFun152
                0x08008c14       0x2c ./Core/Phoropter/Src/Prism_hor_cmd.o
                0x08008c14                Prism_hor_SubFun152
 .text.Prism_hor_SubFun153
                0x08008c40       0x2c ./Core/Phoropter/Src/Prism_hor_cmd.o
                0x08008c40                Prism_hor_SubFun153
 .text.Prism_hor_SubFun154
                0x08008c6c       0x2c ./Core/Phoropter/Src/Prism_hor_cmd.o
                0x08008c6c                Prism_hor_SubFun154
 .text.Prism_hor_SubFun155
                0x08008c98       0x2c ./Core/Phoropter/Src/Prism_hor_cmd.o
                0x08008c98                Prism_hor_SubFun155
 .text.Prism_hor_SubFun156
                0x08008cc4       0x2c ./Core/Phoropter/Src/Prism_hor_cmd.o
                0x08008cc4                Prism_hor_SubFun156
 .text.Prism_hor_SubFun157
                0x08008cf0       0x2c ./Core/Phoropter/Src/Prism_hor_cmd.o
                0x08008cf0                Prism_hor_SubFun157
 .text.Prism_hor_SubFun158
                0x08008d1c       0x2c ./Core/Phoropter/Src/Prism_hor_cmd.o
                0x08008d1c                Prism_hor_SubFun158
 .text.Prism_hor_SubFun159
                0x08008d48       0x2c ./Core/Phoropter/Src/Prism_hor_cmd.o
                0x08008d48                Prism_hor_SubFun159
 .text.Prism_hor_SubFun160
                0x08008d74       0x2c ./Core/Phoropter/Src/Prism_hor_cmd.o
                0x08008d74                Prism_hor_SubFun160
 .text.Prism_hor_SubFun161
                0x08008da0       0x28 ./Core/Phoropter/Src/Prism_hor_cmd.o
                0x08008da0                Prism_hor_SubFun161
 .text.Prism_hor_SubFun162
                0x08008dc8       0x3c ./Core/Phoropter/Src/Prism_hor_cmd.o
                0x08008dc8                Prism_hor_SubFun162
 .text.Prism_polar2_cmd
                0x08008e04       0x78 ./Core/Phoropter/Src/Prism_polar2_cmd.o
                0x08008e04                Prism_polar2_cmd
 .text.Prism_polar2_SubFun1
                0x08008e7c       0x28 ./Core/Phoropter/Src/Prism_polar2_cmd.o
                0x08008e7c                Prism_polar2_SubFun1
 .text.Prism_polar2_SubFun2
                0x08008ea4       0x28 ./Core/Phoropter/Src/Prism_polar2_cmd.o
                0x08008ea4                Prism_polar2_SubFun2
 .text.Prism_polar2_SubFun3
                0x08008ecc       0x28 ./Core/Phoropter/Src/Prism_polar2_cmd.o
                0x08008ecc                Prism_polar2_SubFun3
 .text.Prism_polar2_SubFun4
                0x08008ef4       0x28 ./Core/Phoropter/Src/Prism_polar2_cmd.o
                0x08008ef4                Prism_polar2_SubFun4
 .text.Prism_polar2_SubFun5
                0x08008f1c       0x28 ./Core/Phoropter/Src/Prism_polar2_cmd.o
                0x08008f1c                Prism_polar2_SubFun5
 .text.Prism_polar2_SubFun6
                0x08008f44       0x28 ./Core/Phoropter/Src/Prism_polar2_cmd.o
                0x08008f44                Prism_polar2_SubFun6
 .text.Prism_polar2_SubFun7
                0x08008f6c       0x28 ./Core/Phoropter/Src/Prism_polar2_cmd.o
                0x08008f6c                Prism_polar2_SubFun7
 .text.Prism_polar2_SubFun8
                0x08008f94       0x28 ./Core/Phoropter/Src/Prism_polar2_cmd.o
                0x08008f94                Prism_polar2_SubFun8
 .text.Prism_polar2_SubFun9
                0x08008fbc       0x28 ./Core/Phoropter/Src/Prism_polar2_cmd.o
                0x08008fbc                Prism_polar2_SubFun9
 .text.Prism_polar2_SubFun10
                0x08008fe4       0x28 ./Core/Phoropter/Src/Prism_polar2_cmd.o
                0x08008fe4                Prism_polar2_SubFun10
 .text.Prism_polar2_SubFun11
                0x0800900c       0x28 ./Core/Phoropter/Src/Prism_polar2_cmd.o
                0x0800900c                Prism_polar2_SubFun11
 .text.Prism_polar2_SubFun12
                0x08009034       0x28 ./Core/Phoropter/Src/Prism_polar2_cmd.o
                0x08009034                Prism_polar2_SubFun12
 .text.Prism_polar2_SubFun13
                0x0800905c       0x28 ./Core/Phoropter/Src/Prism_polar2_cmd.o
                0x0800905c                Prism_polar2_SubFun13
 .text.Prism_polar2_SubFun14
                0x08009084       0x28 ./Core/Phoropter/Src/Prism_polar2_cmd.o
                0x08009084                Prism_polar2_SubFun14
 .text.Prism_polar2_SubFun15
                0x080090ac       0x28 ./Core/Phoropter/Src/Prism_polar2_cmd.o
                0x080090ac                Prism_polar2_SubFun15
 .text.Prism_polar2_SubFun16
                0x080090d4       0x28 ./Core/Phoropter/Src/Prism_polar2_cmd.o
                0x080090d4                Prism_polar2_SubFun16
 .text.Prism_polar2_SubFun17
                0x080090fc       0x28 ./Core/Phoropter/Src/Prism_polar2_cmd.o
                0x080090fc                Prism_polar2_SubFun17
 .text.Prism_polar2_SubFun18
                0x08009124       0x28 ./Core/Phoropter/Src/Prism_polar2_cmd.o
                0x08009124                Prism_polar2_SubFun18
 .text.Prism_polar2_SubFun19
                0x0800914c       0x28 ./Core/Phoropter/Src/Prism_polar2_cmd.o
                0x0800914c                Prism_polar2_SubFun19
 .text.Prism_polar2_SubFun20
                0x08009174       0x28 ./Core/Phoropter/Src/Prism_polar2_cmd.o
                0x08009174                Prism_polar2_SubFun20
 .text.Prism_polar2_SubFun21
                0x0800919c       0x28 ./Core/Phoropter/Src/Prism_polar2_cmd.o
                0x0800919c                Prism_polar2_SubFun21
 .text.Prism_polar2_SubFun22
                0x080091c4       0x28 ./Core/Phoropter/Src/Prism_polar2_cmd.o
                0x080091c4                Prism_polar2_SubFun22
 .text.Prism_polar2_SubFun23
                0x080091ec       0x28 ./Core/Phoropter/Src/Prism_polar2_cmd.o
                0x080091ec                Prism_polar2_SubFun23
 .text.Prism_polar2_SubFun24
                0x08009214       0x28 ./Core/Phoropter/Src/Prism_polar2_cmd.o
                0x08009214                Prism_polar2_SubFun24
 .text.Prism_polar2_SubFun25
                0x0800923c       0x28 ./Core/Phoropter/Src/Prism_polar2_cmd.o
                0x0800923c                Prism_polar2_SubFun25
 .text.Prism_polar2_SubFun26
                0x08009264       0x28 ./Core/Phoropter/Src/Prism_polar2_cmd.o
                0x08009264                Prism_polar2_SubFun26
 .text.Prism_polar2_SubFun27
                0x0800928c       0x28 ./Core/Phoropter/Src/Prism_polar2_cmd.o
                0x0800928c                Prism_polar2_SubFun27
 .text.Prism_polar2_SubFun28
                0x080092b4       0x28 ./Core/Phoropter/Src/Prism_polar2_cmd.o
                0x080092b4                Prism_polar2_SubFun28
 .text.Prism_polar2_SubFun29
                0x080092dc       0x28 ./Core/Phoropter/Src/Prism_polar2_cmd.o
                0x080092dc                Prism_polar2_SubFun29
 .text.Prism_polar2_SubFun30
                0x08009304       0x28 ./Core/Phoropter/Src/Prism_polar2_cmd.o
                0x08009304                Prism_polar2_SubFun30
 .text.Prism_polar2_SubFun31
                0x0800932c       0x28 ./Core/Phoropter/Src/Prism_polar2_cmd.o
                0x0800932c                Prism_polar2_SubFun31
 .text.Prism_polar2_SubFun32
                0x08009354       0x28 ./Core/Phoropter/Src/Prism_polar2_cmd.o
                0x08009354                Prism_polar2_SubFun32
 .text.Prism_polar2_SubFun33
                0x0800937c       0x28 ./Core/Phoropter/Src/Prism_polar2_cmd.o
                0x0800937c                Prism_polar2_SubFun33
 .text.Prism_polar2_SubFun34
                0x080093a4       0x28 ./Core/Phoropter/Src/Prism_polar2_cmd.o
                0x080093a4                Prism_polar2_SubFun34
 .text.Prism_polar2_SubFun35
                0x080093cc       0x28 ./Core/Phoropter/Src/Prism_polar2_cmd.o
                0x080093cc                Prism_polar2_SubFun35
 .text.Prism_polar2_SubFun36
                0x080093f4       0x28 ./Core/Phoropter/Src/Prism_polar2_cmd.o
                0x080093f4                Prism_polar2_SubFun36
 .text.Prism_polar2_SubFun37
                0x0800941c       0x28 ./Core/Phoropter/Src/Prism_polar2_cmd.o
                0x0800941c                Prism_polar2_SubFun37
 .text.Prism_polar2_SubFun38
                0x08009444       0x28 ./Core/Phoropter/Src/Prism_polar2_cmd.o
                0x08009444                Prism_polar2_SubFun38
 .text.Prism_polar2_SubFun39
                0x0800946c       0x28 ./Core/Phoropter/Src/Prism_polar2_cmd.o
                0x0800946c                Prism_polar2_SubFun39
 .text.Prism_polar2_SubFun40
                0x08009494       0x28 ./Core/Phoropter/Src/Prism_polar2_cmd.o
                0x08009494                Prism_polar2_SubFun40
 .text.Prism_polar2_SubFun41
                0x080094bc       0x28 ./Core/Phoropter/Src/Prism_polar2_cmd.o
                0x080094bc                Prism_polar2_SubFun41
 .text.Prism_polar2_SubFun42
                0x080094e4       0x28 ./Core/Phoropter/Src/Prism_polar2_cmd.o
                0x080094e4                Prism_polar2_SubFun42
 .text.Prism_polar2_SubFun43
                0x0800950c       0x28 ./Core/Phoropter/Src/Prism_polar2_cmd.o
                0x0800950c                Prism_polar2_SubFun43
 .text.Prism_polar2_SubFun44
                0x08009534       0x28 ./Core/Phoropter/Src/Prism_polar2_cmd.o
                0x08009534                Prism_polar2_SubFun44
 .text.Prism_polar2_SubFun45
                0x0800955c       0x28 ./Core/Phoropter/Src/Prism_polar2_cmd.o
                0x0800955c                Prism_polar2_SubFun45
 .text.Prism_polar2_SubFun46
                0x08009584       0x28 ./Core/Phoropter/Src/Prism_polar2_cmd.o
                0x08009584                Prism_polar2_SubFun46
 .text.Prism_polar2_SubFun47
                0x080095ac       0x28 ./Core/Phoropter/Src/Prism_polar2_cmd.o
                0x080095ac                Prism_polar2_SubFun47
 .text.Prism_polar2_SubFun48
                0x080095d4       0x28 ./Core/Phoropter/Src/Prism_polar2_cmd.o
                0x080095d4                Prism_polar2_SubFun48
 .text.Prism_polar2_SubFun49
                0x080095fc       0x28 ./Core/Phoropter/Src/Prism_polar2_cmd.o
                0x080095fc                Prism_polar2_SubFun49
 .text.Prism_polar2_SubFun50
                0x08009624       0x28 ./Core/Phoropter/Src/Prism_polar2_cmd.o
                0x08009624                Prism_polar2_SubFun50
 .text.Prism_polar2_SubFun51
                0x0800964c       0x28 ./Core/Phoropter/Src/Prism_polar2_cmd.o
                0x0800964c                Prism_polar2_SubFun51
 .text.Prism_polar2_SubFun52
                0x08009674       0x28 ./Core/Phoropter/Src/Prism_polar2_cmd.o
                0x08009674                Prism_polar2_SubFun52
 .text.Prism_polar2_SubFun53
                0x0800969c       0x28 ./Core/Phoropter/Src/Prism_polar2_cmd.o
                0x0800969c                Prism_polar2_SubFun53
 .text.Prism_polar2_SubFun54
                0x080096c4       0x28 ./Core/Phoropter/Src/Prism_polar2_cmd.o
                0x080096c4                Prism_polar2_SubFun54
 .text.Prism_polar2_SubFun55
                0x080096ec       0x28 ./Core/Phoropter/Src/Prism_polar2_cmd.o
                0x080096ec                Prism_polar2_SubFun55
 .text.Prism_polar2_SubFun56
                0x08009714       0x28 ./Core/Phoropter/Src/Prism_polar2_cmd.o
                0x08009714                Prism_polar2_SubFun56
 .text.Prism_polar2_SubFun57
                0x0800973c       0x28 ./Core/Phoropter/Src/Prism_polar2_cmd.o
                0x0800973c                Prism_polar2_SubFun57
 .text.Prism_polar2_SubFun58
                0x08009764       0x28 ./Core/Phoropter/Src/Prism_polar2_cmd.o
                0x08009764                Prism_polar2_SubFun58
 .text.Prism_polar2_SubFun59
                0x0800978c       0x28 ./Core/Phoropter/Src/Prism_polar2_cmd.o
                0x0800978c                Prism_polar2_SubFun59
 .text.Prism_polar2_SubFun60
                0x080097b4       0x28 ./Core/Phoropter/Src/Prism_polar2_cmd.o
                0x080097b4                Prism_polar2_SubFun60
 .text.Prism_polar2_SubFun61
                0x080097dc       0x28 ./Core/Phoropter/Src/Prism_polar2_cmd.o
                0x080097dc                Prism_polar2_SubFun61
 .text.Prism_polar2_SubFun62
                0x08009804       0x28 ./Core/Phoropter/Src/Prism_polar2_cmd.o
                0x08009804                Prism_polar2_SubFun62
 .text.Prism_polar2_SubFun63
                0x0800982c       0x28 ./Core/Phoropter/Src/Prism_polar2_cmd.o
                0x0800982c                Prism_polar2_SubFun63
 .text.Prism_polar2_SubFun64
                0x08009854       0x28 ./Core/Phoropter/Src/Prism_polar2_cmd.o
                0x08009854                Prism_polar2_SubFun64
 .text.Prism_polar2_SubFun65
                0x0800987c       0x28 ./Core/Phoropter/Src/Prism_polar2_cmd.o
                0x0800987c                Prism_polar2_SubFun65
 .text.Prism_polar2_SubFun66
                0x080098a4       0x28 ./Core/Phoropter/Src/Prism_polar2_cmd.o
                0x080098a4                Prism_polar2_SubFun66
 .text.Prism_polar2_SubFun67
                0x080098cc       0x28 ./Core/Phoropter/Src/Prism_polar2_cmd.o
                0x080098cc                Prism_polar2_SubFun67
 .text.Prism_polar2_SubFun68
                0x080098f4       0x28 ./Core/Phoropter/Src/Prism_polar2_cmd.o
                0x080098f4                Prism_polar2_SubFun68
 .text.Prism_polar2_SubFun69
                0x0800991c       0x28 ./Core/Phoropter/Src/Prism_polar2_cmd.o
                0x0800991c                Prism_polar2_SubFun69
 .text.Prism_polar2_SubFun70
                0x08009944       0x28 ./Core/Phoropter/Src/Prism_polar2_cmd.o
                0x08009944                Prism_polar2_SubFun70
 .text.Prism_polar2_SubFun71
                0x0800996c       0x28 ./Core/Phoropter/Src/Prism_polar2_cmd.o
                0x0800996c                Prism_polar2_SubFun71
 .text.Prism_polar2_SubFun72
                0x08009994       0x28 ./Core/Phoropter/Src/Prism_polar2_cmd.o
                0x08009994                Prism_polar2_SubFun72
 .text.Prism_polar2_SubFun73
                0x080099bc       0x28 ./Core/Phoropter/Src/Prism_polar2_cmd.o
                0x080099bc                Prism_polar2_SubFun73
 .text.Prism_polar2_SubFun74
                0x080099e4       0x28 ./Core/Phoropter/Src/Prism_polar2_cmd.o
                0x080099e4                Prism_polar2_SubFun74
 .text.Prism_polar2_SubFun75
                0x08009a0c       0x28 ./Core/Phoropter/Src/Prism_polar2_cmd.o
                0x08009a0c                Prism_polar2_SubFun75
 .text.Prism_polar2_SubFun76
                0x08009a34       0x2c ./Core/Phoropter/Src/Prism_polar2_cmd.o
                0x08009a34                Prism_polar2_SubFun76
 .text.Prism_polar2_SubFun77
                0x08009a60       0x2c ./Core/Phoropter/Src/Prism_polar2_cmd.o
                0x08009a60                Prism_polar2_SubFun77
 .text.Prism_polar2_SubFun78
                0x08009a8c       0x2c ./Core/Phoropter/Src/Prism_polar2_cmd.o
                0x08009a8c                Prism_polar2_SubFun78
 .text.Prism_polar2_SubFun79
                0x08009ab8       0x2c ./Core/Phoropter/Src/Prism_polar2_cmd.o
                0x08009ab8                Prism_polar2_SubFun79
 .text.Prism_polar2_SubFun80
                0x08009ae4       0x2c ./Core/Phoropter/Src/Prism_polar2_cmd.o
                0x08009ae4                Prism_polar2_SubFun80
 .text.Prism_polar2_SubFun81
                0x08009b10       0x2c ./Core/Phoropter/Src/Prism_polar2_cmd.o
                0x08009b10                Prism_polar2_SubFun81
 .text.Prism_polar2_SubFun82
                0x08009b3c       0x2c ./Core/Phoropter/Src/Prism_polar2_cmd.o
                0x08009b3c                Prism_polar2_SubFun82
 .text.Prism_polar2_SubFun83
                0x08009b68       0x2c ./Core/Phoropter/Src/Prism_polar2_cmd.o
                0x08009b68                Prism_polar2_SubFun83
 .text.Prism_polar2_SubFun84
                0x08009b94       0x2c ./Core/Phoropter/Src/Prism_polar2_cmd.o
                0x08009b94                Prism_polar2_SubFun84
 .text.Prism_polar2_SubFun85
                0x08009bc0       0x2c ./Core/Phoropter/Src/Prism_polar2_cmd.o
                0x08009bc0                Prism_polar2_SubFun85
 .text.Prism_polar2_SubFun86
                0x08009bec       0x2c ./Core/Phoropter/Src/Prism_polar2_cmd.o
                0x08009bec                Prism_polar2_SubFun86
 .text.Prism_polar2_SubFun87
                0x08009c18       0x2c ./Core/Phoropter/Src/Prism_polar2_cmd.o
                0x08009c18                Prism_polar2_SubFun87
 .text.Prism_polar2_SubFun88
                0x08009c44       0x2c ./Core/Phoropter/Src/Prism_polar2_cmd.o
                0x08009c44                Prism_polar2_SubFun88
 .text.Prism_polar2_SubFun89
                0x08009c70       0x2c ./Core/Phoropter/Src/Prism_polar2_cmd.o
                0x08009c70                Prism_polar2_SubFun89
 .text.Prism_polar2_SubFun90
                0x08009c9c       0x2c ./Core/Phoropter/Src/Prism_polar2_cmd.o
                0x08009c9c                Prism_polar2_SubFun90
 .text.Prism_polar2_SubFun91
                0x08009cc8       0x2c ./Core/Phoropter/Src/Prism_polar2_cmd.o
                0x08009cc8                Prism_polar2_SubFun91
 .text.Prism_polar2_SubFun92
                0x08009cf4       0x2c ./Core/Phoropter/Src/Prism_polar2_cmd.o
                0x08009cf4                Prism_polar2_SubFun92
 .text.Prism_polar2_SubFun93
                0x08009d20       0x2c ./Core/Phoropter/Src/Prism_polar2_cmd.o
                0x08009d20                Prism_polar2_SubFun93
 .text.Prism_polar2_SubFun94
                0x08009d4c       0x2c ./Core/Phoropter/Src/Prism_polar2_cmd.o
                0x08009d4c                Prism_polar2_SubFun94
 .text.Prism_polar2_SubFun95
                0x08009d78       0x2c ./Core/Phoropter/Src/Prism_polar2_cmd.o
                0x08009d78                Prism_polar2_SubFun95
 .text.Prism_polar2_SubFun96
                0x08009da4       0x2c ./Core/Phoropter/Src/Prism_polar2_cmd.o
                0x08009da4                Prism_polar2_SubFun96
 .text.Prism_polar2_SubFun97
                0x08009dd0       0x2c ./Core/Phoropter/Src/Prism_polar2_cmd.o
                0x08009dd0                Prism_polar2_SubFun97
 .text.Prism_polar2_SubFun98
                0x08009dfc       0x2c ./Core/Phoropter/Src/Prism_polar2_cmd.o
                0x08009dfc                Prism_polar2_SubFun98
 .text.Prism_polar2_SubFun99
                0x08009e28       0x2c ./Core/Phoropter/Src/Prism_polar2_cmd.o
                0x08009e28                Prism_polar2_SubFun99
 .text.Prism_polar2_SubFun100
                0x08009e54       0x2c ./Core/Phoropter/Src/Prism_polar2_cmd.o
                0x08009e54                Prism_polar2_SubFun100
 .text.Prism_polar2_SubFun101
                0x08009e80       0x2c ./Core/Phoropter/Src/Prism_polar2_cmd.o
                0x08009e80                Prism_polar2_SubFun101
 .text.Prism_polar2_SubFun102
                0x08009eac       0x2c ./Core/Phoropter/Src/Prism_polar2_cmd.o
                0x08009eac                Prism_polar2_SubFun102
 .text.Prism_polar2_SubFun103
                0x08009ed8       0x2c ./Core/Phoropter/Src/Prism_polar2_cmd.o
                0x08009ed8                Prism_polar2_SubFun103
 .text.Prism_polar2_SubFun104
                0x08009f04       0x2c ./Core/Phoropter/Src/Prism_polar2_cmd.o
                0x08009f04                Prism_polar2_SubFun104
 .text.Prism_polar2_SubFun105
                0x08009f30       0x2c ./Core/Phoropter/Src/Prism_polar2_cmd.o
                0x08009f30                Prism_polar2_SubFun105
 .text.Prism_polar2_SubFun106
                0x08009f5c       0x2c ./Core/Phoropter/Src/Prism_polar2_cmd.o
                0x08009f5c                Prism_polar2_SubFun106
 .text.Prism_polar2_SubFun107
                0x08009f88       0x2c ./Core/Phoropter/Src/Prism_polar2_cmd.o
                0x08009f88                Prism_polar2_SubFun107
 .text.Prism_polar2_SubFun108
                0x08009fb4       0x2c ./Core/Phoropter/Src/Prism_polar2_cmd.o
                0x08009fb4                Prism_polar2_SubFun108
 .text.Prism_polar2_SubFun109
                0x08009fe0       0x2c ./Core/Phoropter/Src/Prism_polar2_cmd.o
                0x08009fe0                Prism_polar2_SubFun109
 .text.Prism_polar2_SubFun110
                0x0800a00c       0x2c ./Core/Phoropter/Src/Prism_polar2_cmd.o
                0x0800a00c                Prism_polar2_SubFun110
 .text.Prism_polar2_SubFun111
                0x0800a038       0x2c ./Core/Phoropter/Src/Prism_polar2_cmd.o
                0x0800a038                Prism_polar2_SubFun111
 .text.Prism_polar2_SubFun112
                0x0800a064       0x2c ./Core/Phoropter/Src/Prism_polar2_cmd.o
                0x0800a064                Prism_polar2_SubFun112
 .text.Prism_polar2_SubFun113
                0x0800a090       0x2c ./Core/Phoropter/Src/Prism_polar2_cmd.o
                0x0800a090                Prism_polar2_SubFun113
 .text.Prism_polar2_SubFun114
                0x0800a0bc       0x2c ./Core/Phoropter/Src/Prism_polar2_cmd.o
                0x0800a0bc                Prism_polar2_SubFun114
 .text.Prism_polar2_SubFun116
                0x0800a0e8       0x2c ./Core/Phoropter/Src/Prism_polar2_cmd.o
                0x0800a0e8                Prism_polar2_SubFun116
 .text.Prism_polar2_SubFun117
                0x0800a114       0x2c ./Core/Phoropter/Src/Prism_polar2_cmd.o
                0x0800a114                Prism_polar2_SubFun117
 .text.Prism_polar2_SubFun118
                0x0800a140       0x2c ./Core/Phoropter/Src/Prism_polar2_cmd.o
                0x0800a140                Prism_polar2_SubFun118
 .text.Prism_polar2_SubFun119
                0x0800a16c       0x2c ./Core/Phoropter/Src/Prism_polar2_cmd.o
                0x0800a16c                Prism_polar2_SubFun119
 .text.Prism_polar2_SubFun120
                0x0800a198       0x2c ./Core/Phoropter/Src/Prism_polar2_cmd.o
                0x0800a198                Prism_polar2_SubFun120
 .text.Prism_polar2_SubFun121
                0x0800a1c4       0x2c ./Core/Phoropter/Src/Prism_polar2_cmd.o
                0x0800a1c4                Prism_polar2_SubFun121
 .text.Prism_polar2_SubFun122
                0x0800a1f0       0x2c ./Core/Phoropter/Src/Prism_polar2_cmd.o
                0x0800a1f0                Prism_polar2_SubFun122
 .text.Prism_polar2_SubFun123
                0x0800a21c       0x2c ./Core/Phoropter/Src/Prism_polar2_cmd.o
                0x0800a21c                Prism_polar2_SubFun123
 .text.Prism_polar2_SubFun124
                0x0800a248       0x2c ./Core/Phoropter/Src/Prism_polar2_cmd.o
                0x0800a248                Prism_polar2_SubFun124
 .text.Prism_polar2_SubFun125
                0x0800a274       0x2c ./Core/Phoropter/Src/Prism_polar2_cmd.o
                0x0800a274                Prism_polar2_SubFun125
 .text.Prism_polar2_SubFun126
                0x0800a2a0       0x2c ./Core/Phoropter/Src/Prism_polar2_cmd.o
                0x0800a2a0                Prism_polar2_SubFun126
 .text.Prism_polar2_SubFun127
                0x0800a2cc       0x2c ./Core/Phoropter/Src/Prism_polar2_cmd.o
                0x0800a2cc                Prism_polar2_SubFun127
 .text.Prism_polar2_SubFun128
                0x0800a2f8       0x2c ./Core/Phoropter/Src/Prism_polar2_cmd.o
                0x0800a2f8                Prism_polar2_SubFun128
 .text.Prism_polar2_SubFun129
                0x0800a324       0x2c ./Core/Phoropter/Src/Prism_polar2_cmd.o
                0x0800a324                Prism_polar2_SubFun129
 .text.Prism_polar2_SubFun130
                0x0800a350       0x2c ./Core/Phoropter/Src/Prism_polar2_cmd.o
                0x0800a350                Prism_polar2_SubFun130
 .text.Prism_polar2_SubFun131
                0x0800a37c       0x2c ./Core/Phoropter/Src/Prism_polar2_cmd.o
                0x0800a37c                Prism_polar2_SubFun131
 .text.Prism_polar2_SubFun132
                0x0800a3a8       0x2c ./Core/Phoropter/Src/Prism_polar2_cmd.o
                0x0800a3a8                Prism_polar2_SubFun132
 .text.Prism_polar2_SubFun133
                0x0800a3d4       0x2c ./Core/Phoropter/Src/Prism_polar2_cmd.o
                0x0800a3d4                Prism_polar2_SubFun133
 .text.Prism_polar2_SubFun134
                0x0800a400       0x2c ./Core/Phoropter/Src/Prism_polar2_cmd.o
                0x0800a400                Prism_polar2_SubFun134
 .text.Prism_polar2_SubFun135
                0x0800a42c       0x2c ./Core/Phoropter/Src/Prism_polar2_cmd.o
                0x0800a42c                Prism_polar2_SubFun135
 .text.Prism_polar2_SubFun136
                0x0800a458       0x2c ./Core/Phoropter/Src/Prism_polar2_cmd.o
                0x0800a458                Prism_polar2_SubFun136
 .text.Prism_polar2_SubFun137
                0x0800a484       0x2c ./Core/Phoropter/Src/Prism_polar2_cmd.o
                0x0800a484                Prism_polar2_SubFun137
 .text.Prism_polar2_SubFun138
                0x0800a4b0       0x2c ./Core/Phoropter/Src/Prism_polar2_cmd.o
                0x0800a4b0                Prism_polar2_SubFun138
 .text.Prism_polar2_SubFun139
                0x0800a4dc       0x2c ./Core/Phoropter/Src/Prism_polar2_cmd.o
                0x0800a4dc                Prism_polar2_SubFun139
 .text.Prism_polar2_SubFun140
                0x0800a508       0x2c ./Core/Phoropter/Src/Prism_polar2_cmd.o
                0x0800a508                Prism_polar2_SubFun140
 .text.Prism_polar2_SubFun141
                0x0800a534       0x2c ./Core/Phoropter/Src/Prism_polar2_cmd.o
                0x0800a534                Prism_polar2_SubFun141
 .text.Prism_polar2_SubFun142
                0x0800a560       0x2c ./Core/Phoropter/Src/Prism_polar2_cmd.o
                0x0800a560                Prism_polar2_SubFun142
 .text.Prism_polar2_SubFun143
                0x0800a58c       0x2c ./Core/Phoropter/Src/Prism_polar2_cmd.o
                0x0800a58c                Prism_polar2_SubFun143
 .text.Prism_polar2_SubFun144
                0x0800a5b8       0x2c ./Core/Phoropter/Src/Prism_polar2_cmd.o
                0x0800a5b8                Prism_polar2_SubFun144
 .text.Prism_polar2_SubFun145
                0x0800a5e4       0x2c ./Core/Phoropter/Src/Prism_polar2_cmd.o
                0x0800a5e4                Prism_polar2_SubFun145
 .text.Prism_polar2_SubFun146
                0x0800a610       0x2c ./Core/Phoropter/Src/Prism_polar2_cmd.o
                0x0800a610                Prism_polar2_SubFun146
 .text.Prism_polar2_SubFun147
                0x0800a63c       0x2c ./Core/Phoropter/Src/Prism_polar2_cmd.o
                0x0800a63c                Prism_polar2_SubFun147
 .text.Prism_polar2_SubFun148
                0x0800a668       0x2c ./Core/Phoropter/Src/Prism_polar2_cmd.o
                0x0800a668                Prism_polar2_SubFun148
 .text.Prism_polar2_SubFun149
                0x0800a694       0x2c ./Core/Phoropter/Src/Prism_polar2_cmd.o
                0x0800a694                Prism_polar2_SubFun149
 .text.Prism_polar2_SubFun150
                0x0800a6c0       0x2c ./Core/Phoropter/Src/Prism_polar2_cmd.o
                0x0800a6c0                Prism_polar2_SubFun150
 .text.Prism_polar2_SubFun151
                0x0800a6ec       0x2c ./Core/Phoropter/Src/Prism_polar2_cmd.o
                0x0800a6ec                Prism_polar2_SubFun151
 .text.Prism_polar2_SubFun152
                0x0800a718       0x2c ./Core/Phoropter/Src/Prism_polar2_cmd.o
                0x0800a718                Prism_polar2_SubFun152
 .text.Prism_polar2_SubFun153
                0x0800a744       0x2c ./Core/Phoropter/Src/Prism_polar2_cmd.o
                0x0800a744                Prism_polar2_SubFun153
 .text.Prism_polar2_SubFun154
                0x0800a770       0x2c ./Core/Phoropter/Src/Prism_polar2_cmd.o
                0x0800a770                Prism_polar2_SubFun154
 .text.Prism_polar2_SubFun155
                0x0800a79c       0x2c ./Core/Phoropter/Src/Prism_polar2_cmd.o
                0x0800a79c                Prism_polar2_SubFun155
 .text.Prism_polar2_SubFun156
                0x0800a7c8       0x2c ./Core/Phoropter/Src/Prism_polar2_cmd.o
                0x0800a7c8                Prism_polar2_SubFun156
 .text.Prism_polar2_SubFun157
                0x0800a7f4       0x2c ./Core/Phoropter/Src/Prism_polar2_cmd.o
                0x0800a7f4                Prism_polar2_SubFun157
 .text.Prism_polar2_SubFun158
                0x0800a820       0x2c ./Core/Phoropter/Src/Prism_polar2_cmd.o
                0x0800a820                Prism_polar2_SubFun158
 .text.Prism_polar2_SubFun159
                0x0800a84c       0x2c ./Core/Phoropter/Src/Prism_polar2_cmd.o
                0x0800a84c                Prism_polar2_SubFun159
 .text.Prism_polar2_SubFun160
                0x0800a878       0x2c ./Core/Phoropter/Src/Prism_polar2_cmd.o
                0x0800a878                Prism_polar2_SubFun160
 .text.Prism_polar2_SubFun161
                0x0800a8a4       0x2c ./Core/Phoropter/Src/Prism_polar2_cmd.o
                0x0800a8a4                Prism_polar2_SubFun161
 .text.Prism_polar2_SubFun162
                0x0800a8d0       0x2c ./Core/Phoropter/Src/Prism_polar2_cmd.o
                0x0800a8d0                Prism_polar2_SubFun162
 .text.Prism_polar2_SubFun163
                0x0800a8fc       0x2c ./Core/Phoropter/Src/Prism_polar2_cmd.o
                0x0800a8fc                Prism_polar2_SubFun163
 .text.Prism_polar2_SubFun164
                0x0800a928       0x2c ./Core/Phoropter/Src/Prism_polar2_cmd.o
                0x0800a928                Prism_polar2_SubFun164
 .text.Prism_polar2_SubFun165
                0x0800a954       0x2c ./Core/Phoropter/Src/Prism_polar2_cmd.o
                0x0800a954                Prism_polar2_SubFun165
 .text.Prism_polar2_SubFun166
                0x0800a980       0x2c ./Core/Phoropter/Src/Prism_polar2_cmd.o
                0x0800a980                Prism_polar2_SubFun166
 .text.Prism_polar2_SubFun167
                0x0800a9ac       0x2c ./Core/Phoropter/Src/Prism_polar2_cmd.o
                0x0800a9ac                Prism_polar2_SubFun167
 .text.Prism_polar2_SubFun168
                0x0800a9d8       0x2c ./Core/Phoropter/Src/Prism_polar2_cmd.o
                0x0800a9d8                Prism_polar2_SubFun168
 .text.Prism_polar2_SubFun169
                0x0800aa04       0x2c ./Core/Phoropter/Src/Prism_polar2_cmd.o
                0x0800aa04                Prism_polar2_SubFun169
 .text.Prism_polar2_SubFun170
                0x0800aa30       0x2c ./Core/Phoropter/Src/Prism_polar2_cmd.o
                0x0800aa30                Prism_polar2_SubFun170
 .text.Prism_polar2_SubFun171
                0x0800aa5c       0x2c ./Core/Phoropter/Src/Prism_polar2_cmd.o
                0x0800aa5c                Prism_polar2_SubFun171
 .text.Prism_polar2_SubFun172
                0x0800aa88       0x2c ./Core/Phoropter/Src/Prism_polar2_cmd.o
                0x0800aa88                Prism_polar2_SubFun172
 .text.Prism_polar2_SubFun173
                0x0800aab4       0x2c ./Core/Phoropter/Src/Prism_polar2_cmd.o
                0x0800aab4                Prism_polar2_SubFun173
 .text.Prism_polar2_SubFun174
                0x0800aae0       0x2c ./Core/Phoropter/Src/Prism_polar2_cmd.o
                0x0800aae0                Prism_polar2_SubFun174
 .text.Prism_polar2_SubFun176
                0x0800ab0c       0x2c ./Core/Phoropter/Src/Prism_polar2_cmd.o
                0x0800ab0c                Prism_polar2_SubFun176
 .text.Prism_polar2_SubFun177
                0x0800ab38       0x2c ./Core/Phoropter/Src/Prism_polar2_cmd.o
                0x0800ab38                Prism_polar2_SubFun177
 .text.Prism_polar2_SubFun178
                0x0800ab64       0x2c ./Core/Phoropter/Src/Prism_polar2_cmd.o
                0x0800ab64                Prism_polar2_SubFun178
 .text.Prism_polar2_SubFun179
                0x0800ab90       0x2c ./Core/Phoropter/Src/Prism_polar2_cmd.o
                0x0800ab90                Prism_polar2_SubFun179
 .text.Prism_polar2_SubFun180
                0x0800abbc       0x28 ./Core/Phoropter/Src/Prism_polar2_cmd.o
                0x0800abbc                Prism_polar2_SubFun180
 .text.Prism_polar_cmd
                0x0800abe4       0x78 ./Core/Phoropter/Src/Prism_polar_cmd.o
                0x0800abe4                Prism_polar_cmd
 .text.Prism_polar_SubFun1
                0x0800ac5c       0x28 ./Core/Phoropter/Src/Prism_polar_cmd.o
                0x0800ac5c                Prism_polar_SubFun1
 .text.Prism_polar_SubFun2
                0x0800ac84       0x28 ./Core/Phoropter/Src/Prism_polar_cmd.o
                0x0800ac84                Prism_polar_SubFun2
 .text.Prism_polar_SubFun3
                0x0800acac       0x28 ./Core/Phoropter/Src/Prism_polar_cmd.o
                0x0800acac                Prism_polar_SubFun3
 .text.Prism_polar_SubFun4
                0x0800acd4       0x28 ./Core/Phoropter/Src/Prism_polar_cmd.o
                0x0800acd4                Prism_polar_SubFun4
 .text.Prism_polar_SubFun5
                0x0800acfc       0x28 ./Core/Phoropter/Src/Prism_polar_cmd.o
                0x0800acfc                Prism_polar_SubFun5
 .text.Prism_polar_SubFun6
                0x0800ad24       0x28 ./Core/Phoropter/Src/Prism_polar_cmd.o
                0x0800ad24                Prism_polar_SubFun6
 .text.Prism_polar_SubFun7
                0x0800ad4c       0x28 ./Core/Phoropter/Src/Prism_polar_cmd.o
                0x0800ad4c                Prism_polar_SubFun7
 .text.Prism_polar_SubFun8
                0x0800ad74       0x28 ./Core/Phoropter/Src/Prism_polar_cmd.o
                0x0800ad74                Prism_polar_SubFun8
 .text.Prism_polar_SubFun9
                0x0800ad9c       0x28 ./Core/Phoropter/Src/Prism_polar_cmd.o
                0x0800ad9c                Prism_polar_SubFun9
 .text.Prism_polar_SubFun10
                0x0800adc4       0x28 ./Core/Phoropter/Src/Prism_polar_cmd.o
                0x0800adc4                Prism_polar_SubFun10
 .text.Prism_polar_SubFun11
                0x0800adec       0x28 ./Core/Phoropter/Src/Prism_polar_cmd.o
                0x0800adec                Prism_polar_SubFun11
 .text.Prism_polar_SubFun12
                0x0800ae14       0x28 ./Core/Phoropter/Src/Prism_polar_cmd.o
                0x0800ae14                Prism_polar_SubFun12
 .text.Prism_polar_SubFun13
                0x0800ae3c       0x28 ./Core/Phoropter/Src/Prism_polar_cmd.o
                0x0800ae3c                Prism_polar_SubFun13
 .text.Prism_polar_SubFun14
                0x0800ae64       0x28 ./Core/Phoropter/Src/Prism_polar_cmd.o
                0x0800ae64                Prism_polar_SubFun14
 .text.Prism_polar_SubFun15
                0x0800ae8c       0x28 ./Core/Phoropter/Src/Prism_polar_cmd.o
                0x0800ae8c                Prism_polar_SubFun15
 .text.Prism_polar_SubFun16
                0x0800aeb4       0x28 ./Core/Phoropter/Src/Prism_polar_cmd.o
                0x0800aeb4                Prism_polar_SubFun16
 .text.Prism_polar_SubFun17
                0x0800aedc       0x28 ./Core/Phoropter/Src/Prism_polar_cmd.o
                0x0800aedc                Prism_polar_SubFun17
 .text.Prism_polar_SubFun18
                0x0800af04       0x28 ./Core/Phoropter/Src/Prism_polar_cmd.o
                0x0800af04                Prism_polar_SubFun18
 .text.Prism_polar_SubFun19
                0x0800af2c       0x28 ./Core/Phoropter/Src/Prism_polar_cmd.o
                0x0800af2c                Prism_polar_SubFun19
 .text.Prism_polar_SubFun20
                0x0800af54       0x28 ./Core/Phoropter/Src/Prism_polar_cmd.o
                0x0800af54                Prism_polar_SubFun20
 .text.Prism_polar_SubFun21
                0x0800af7c       0x28 ./Core/Phoropter/Src/Prism_polar_cmd.o
                0x0800af7c                Prism_polar_SubFun21
 .text.Prism_polar_SubFun22
                0x0800afa4       0x28 ./Core/Phoropter/Src/Prism_polar_cmd.o
                0x0800afa4                Prism_polar_SubFun22
 .text.Prism_polar_SubFun23
                0x0800afcc       0x28 ./Core/Phoropter/Src/Prism_polar_cmd.o
                0x0800afcc                Prism_polar_SubFun23
 .text.Prism_polar_SubFun24
                0x0800aff4       0x28 ./Core/Phoropter/Src/Prism_polar_cmd.o
                0x0800aff4                Prism_polar_SubFun24
 .text.Prism_polar_SubFun25
                0x0800b01c       0x28 ./Core/Phoropter/Src/Prism_polar_cmd.o
                0x0800b01c                Prism_polar_SubFun25
 .text.Prism_polar_SubFun26
                0x0800b044       0x28 ./Core/Phoropter/Src/Prism_polar_cmd.o
                0x0800b044                Prism_polar_SubFun26
 .text.Prism_polar_SubFun27
                0x0800b06c       0x28 ./Core/Phoropter/Src/Prism_polar_cmd.o
                0x0800b06c                Prism_polar_SubFun27
 .text.Prism_polar_SubFun28
                0x0800b094       0x28 ./Core/Phoropter/Src/Prism_polar_cmd.o
                0x0800b094                Prism_polar_SubFun28
 .text.Prism_polar_SubFun29
                0x0800b0bc       0x28 ./Core/Phoropter/Src/Prism_polar_cmd.o
                0x0800b0bc                Prism_polar_SubFun29
 .text.Prism_polar_SubFun30
                0x0800b0e4       0x28 ./Core/Phoropter/Src/Prism_polar_cmd.o
                0x0800b0e4                Prism_polar_SubFun30
 .text.Prism_polar_SubFun31
                0x0800b10c       0x28 ./Core/Phoropter/Src/Prism_polar_cmd.o
                0x0800b10c                Prism_polar_SubFun31
 .text.Prism_polar_SubFun32
                0x0800b134       0x28 ./Core/Phoropter/Src/Prism_polar_cmd.o
                0x0800b134                Prism_polar_SubFun32
 .text.Prism_polar_SubFun33
                0x0800b15c       0x28 ./Core/Phoropter/Src/Prism_polar_cmd.o
                0x0800b15c                Prism_polar_SubFun33
 .text.Prism_polar_SubFun34
                0x0800b184       0x28 ./Core/Phoropter/Src/Prism_polar_cmd.o
                0x0800b184                Prism_polar_SubFun34
 .text.Prism_polar_SubFun35
                0x0800b1ac       0x28 ./Core/Phoropter/Src/Prism_polar_cmd.o
                0x0800b1ac                Prism_polar_SubFun35
 .text.Prism_polar_SubFun36
                0x0800b1d4       0x28 ./Core/Phoropter/Src/Prism_polar_cmd.o
                0x0800b1d4                Prism_polar_SubFun36
 .text.Prism_polar_SubFun37
                0x0800b1fc       0x28 ./Core/Phoropter/Src/Prism_polar_cmd.o
                0x0800b1fc                Prism_polar_SubFun37
 .text.Prism_polar_SubFun38
                0x0800b224       0x28 ./Core/Phoropter/Src/Prism_polar_cmd.o
                0x0800b224                Prism_polar_SubFun38
 .text.Prism_polar_SubFun39
                0x0800b24c       0x28 ./Core/Phoropter/Src/Prism_polar_cmd.o
                0x0800b24c                Prism_polar_SubFun39
 .text.Prism_polar_SubFun40
                0x0800b274       0x28 ./Core/Phoropter/Src/Prism_polar_cmd.o
                0x0800b274                Prism_polar_SubFun40
 .text.Prism_polar_SubFun41
                0x0800b29c       0x28 ./Core/Phoropter/Src/Prism_polar_cmd.o
                0x0800b29c                Prism_polar_SubFun41
 .text.Prism_polar_SubFun42
                0x0800b2c4       0x28 ./Core/Phoropter/Src/Prism_polar_cmd.o
                0x0800b2c4                Prism_polar_SubFun42
 .text.Prism_polar_SubFun43
                0x0800b2ec       0x28 ./Core/Phoropter/Src/Prism_polar_cmd.o
                0x0800b2ec                Prism_polar_SubFun43
 .text.Prism_polar_SubFun44
                0x0800b314       0x28 ./Core/Phoropter/Src/Prism_polar_cmd.o
                0x0800b314                Prism_polar_SubFun44
 .text.Prism_polar_SubFun45
                0x0800b33c       0x28 ./Core/Phoropter/Src/Prism_polar_cmd.o
                0x0800b33c                Prism_polar_SubFun45
 .text.Prism_polar_SubFun46
                0x0800b364       0x28 ./Core/Phoropter/Src/Prism_polar_cmd.o
                0x0800b364                Prism_polar_SubFun46
 .text.Prism_polar_SubFun47
                0x0800b38c       0x28 ./Core/Phoropter/Src/Prism_polar_cmd.o
                0x0800b38c                Prism_polar_SubFun47
 .text.Prism_polar_SubFun48
                0x0800b3b4       0x28 ./Core/Phoropter/Src/Prism_polar_cmd.o
                0x0800b3b4                Prism_polar_SubFun48
 .text.Prism_polar_SubFun49
                0x0800b3dc       0x28 ./Core/Phoropter/Src/Prism_polar_cmd.o
                0x0800b3dc                Prism_polar_SubFun49
 .text.Prism_polar_SubFun50
                0x0800b404       0x28 ./Core/Phoropter/Src/Prism_polar_cmd.o
                0x0800b404                Prism_polar_SubFun50
 .text.Prism_polar_SubFun51
                0x0800b42c       0x28 ./Core/Phoropter/Src/Prism_polar_cmd.o