../Core/Phoropter/Src/Common.c:30:9:MBCmdReceivefunc	24	static
../Core/Phoropter/Src/Common.c:123:6:check_motor_status	80	static
../Core/Phoropter/Src/Common.c:181:6:Init_PV	8	static
../Core/Phoropter/Src/Common.c:213:6:Disc1_homing_position	8	static
../Core/Phoropter/Src/Common.c:267:6:Disc2_homing_position	8	static
../Core/Phoropter/Src/Common.c:320:6:Disc3_homing_position	8	static
../Core/Phoropter/Src/Common.c:372:6:Disc4_homing_position	8	static
../Core/Phoropter/Src/Common.c:426:6:Disc5_homing_position	8	static
../Core/Phoropter/Src/Common.c:478:6:Disc6_homing_position	8	static
../Core/Phoropter/Src/Common.c:532:6:PD_motor	8	static
../Core/Phoropter/Src/Common.c:589:6:Axis_motor_homing	8	static
../Core/Phoropter/Src/Common.c:764:6:Prism1_motor	8	static
../Core/Phoropter/Src/Common.c:842:6:Prism2_motor	8	static
../Core/Phoropter/Src/Common.c:916:6:DC_motor_In	8	static
../Core/Phoropter/Src/Common.c:934:6:DC_motor_Out	8	static
../Core/Phoropter/Src/Common.c:986:9:Disc_Motor_Rotation	24	static
../Core/Phoropter/Src/Common.c:1161:6:rotate_disc1	16	static
../Core/Phoropter/Src/Common.c:1210:6:rotate_disc2	16	static
../Core/Phoropter/Src/Common.c:1259:6:rotate_disc3	16	static
../Core/Phoropter/Src/Common.c:1308:6:rotate_disc4	16	static
../Core/Phoropter/Src/Common.c:1359:6:rotate_disc5	16	static
../Core/Phoropter/Src/Common.c:1411:6:rotate_disc6	16	static
../Core/Phoropter/Src/Common.c:1461:6:Axis_motor_rotation	16	static
../Core/Phoropter/Src/Common.c:1525:6:Axis_motor_rotation_calibration	16	static
../Core/Phoropter/Src/Common.c:1578:6:axis_xcyl	16	static
../Core/Phoropter/Src/Common.c:1647:6:Prism1_Motor_Rotation	16	static
../Core/Phoropter/Src/Common.c:1709:6:Prism2_Motor_Rotation	16	static
../Core/Phoropter/Src/Common.c:1762:6:prism_motor_rotation	16	static
../Core/Phoropter/Src/Common.c:1834:6:Prism_Polar	24	static
../Core/Phoropter/Src/Common.c:1857:6:Prism_XY	64	static
../Core/Phoropter/Src/Common.c:2141:6:prism_function	16	static
../Core/Phoropter/Src/Common.c:2161:6:PD1_motor	16	static
../Core/Phoropter/Src/Common.c:2223:6:Disc_motorspeed_cal	4	static
../Core/Phoropter/Src/Common.c:2282:6:Axis_motorspeed_cal	8	static
../Core/Phoropter/Src/Common.c:2368:6:PD_motorspeed_cal	4	static
../Core/Phoropter/Src/Common.c:2383:6:Prism_motorspeed_cal	4	static
../Core/Phoropter/Src/Common.c:2398:6:HAL_TIM_PeriodElapsedCallback	16	static
