../Core/Phoropter/Src/Spcl_cmd.c:23:9:spcl_cmd	16	static
../Core/Phoropter/Src/Spcl_cmd.c:57:6:spcl_SubFun1	8	static
../Core/Phoropter/Src/Spcl_cmd.c:77:6:spcl_SubFun2	8	static
../Core/Phoropter/Src/Spcl_cmd.c:97:6:spcl_SubFun3	8	static
../Core/Phoropter/Src/Spcl_cmd.c:117:6:spcl_SubFun4	8	static
../Core/Phoropter/Src/Spcl_cmd.c:137:6:spcl_SubFun5	8	static
../Core/Phoropter/Src/Spcl_cmd.c:157:6:spcl_SubFun6	8	static
../Core/Phoropter/Src/Spcl_cmd.c:177:6:spcl_SubFun7	8	static
../Core/Phoropter/Src/Spcl_cmd.c:197:6:spcl_SubFun8	8	static
../Core/Phoropter/Src/Spcl_cmd.c:217:6:spcl_SubFun9	8	static
