../Core/Src/main.c:87:5:main	2
../Core/Src/main.c:209:6:SystemClock_Config	4
../Core/Src/main.c:269:13:MX_I2C1_Init	4
../Core/Src/main.c:317:13:MX_TIM2_Init	9
../Core/Src/main.c:388:13:MX_TIM3_Init	9
../Core/Src/main.c:459:13:MX_TIM4_Init	6
../Core/Src/main.c:518:13:MX_TIM7_Init	3
../Core/Src/main.c:556:13:MX_TIM8_Init	7
../Core/Src/main.c:636:13:MX_UART4_Init	5
../Core/Src/main.c:684:13:MX_GPIO_Init	1
../Core/Src/main.c:792:6:HAL_UART4_RxCpltCallback	1
../Core/Src/main.c:804:6:dump_packet	2
../Core/Src/main.c:815:6:HAL_GPIO_EXTI_Callback	4
../Core/Src/main.c:861:6:Error_Handler	1
