../Core/Src/stm32h7xx_it.c:76:6:NMI_Handler	4	static
../Core/Src/stm32h7xx_it.c:91:6:HardFault_Handler	4	static
../Core/Src/stm32h7xx_it.c:106:6:MemManage_Handler	4	static
../Core/Src/stm32h7xx_it.c:121:6:BusFault_Handler	4	static
../Core/Src/stm32h7xx_it.c:136:6:UsageFault_Handler	4	static
../Core/Src/stm32h7xx_it.c:151:6:SVC_Handler	4	static
../Core/Src/stm32h7xx_it.c:164:6:DebugMon_Handler	4	static
../Core/Src/stm32h7xx_it.c:177:6:PendSV_Handler	4	static
../Core/Src/stm32h7xx_it.c:190:6:SysTick_Handler	8	static
../Core/Src/stm32h7xx_it.c:211:6:EXTI9_5_IRQHandler	16	static
../Core/Src/stm32h7xx_it.c:241:6:TIM2_IRQHandler	8	static
../Core/Src/stm32h7xx_it.c:255:6:TIM3_IRQHandler	8	static
../Core/Src/stm32h7xx_it.c:269:6:TIM4_IRQHandler	8	static
../Core/Src/stm32h7xx_it.c:283:6:EXTI15_10_IRQHandler	16	static
../Core/Src/stm32h7xx_it.c:302:6:TIM8_BRK_TIM12_IRQHandler	8	static
../Core/Src/stm32h7xx_it.c:316:6:TIM8_UP_TIM13_IRQHandler	8	static
../Core/Src/stm32h7xx_it.c:330:6:TIM8_TRG_COM_TIM14_IRQHandler	8	static
../Core/Src/stm32h7xx_it.c:344:6:TIM8_CC_IRQHandler	8	static
../Core/Src/stm32h7xx_it.c:358:6:UART4_IRQHandler	8	static
../Core/Src/stm32h7xx_it.c:372:6:TIM7_IRQHandler	8	static
