../Core/Phoropter/Src/PD_cmd.c:24:9:PD_cmd	16	static
../Core/Phoropter/Src/PD_cmd.c:65:6:PD1_SubFun1	8	static
../Core/Phoropter/Src/PD_cmd.c:87:6:PD1_SubFun2	8	static
../Core/Phoropter/Src/PD_cmd.c:109:6:PD1_SubFun3	8	static
../Core/Phoropter/Src/PD_cmd.c:131:6:PD1_SubFun4	8	static
../Core/Phoropter/Src/PD_cmd.c:153:6:PD1_SubFun5	8	static
../Core/Phoropter/Src/PD_cmd.c:175:6:PD1_SubFun6	8	static
../Core/Phoropter/Src/PD_cmd.c:198:6:PD1_SubFun7	8	static
../Core/Phoropter/Src/PD_cmd.c:220:6:PD1_SubFun8	8	static
../Core/Phoropter/Src/PD_cmd.c:242:6:PD1_SubFun9	8	static
../Core/Phoropter/Src/PD_cmd.c:264:6:PD1_SubFun10	8	static
../Core/Phoropter/Src/PD_cmd.c:286:6:PD1_SubFun11	8	static
../Core/Phoropter/Src/PD_cmd.c:308:6:PD1_SubFun12	8	static
../Core/Phoropter/Src/PD_cmd.c:330:6:PD1_SubFun13	8	static
../Core/Phoropter/Src/PD_cmd.c:352:6:PD1_SubFun14	8	static
../Core/Phoropter/Src/PD_cmd.c:374:6:PD1_SubFun15	8	static
../Core/Phoropter/Src/PD_cmd.c:396:6:PD1_SubFun16	8	static
../Core/Phoropter/Src/PD_cmd.c:418:6:PD1_SubFun17	8	static
../Core/Phoropter/Src/PD_cmd.c:440:6:PD1_SubFun18	8	static
../Core/Phoropter/Src/PD_cmd.c:462:6:PD1_SubFun19	8	static
../Core/Phoropter/Src/PD_cmd.c:484:6:PD1_SubFun20	8	static
../Core/Phoropter/Src/PD_cmd.c:506:6:PD1_SubFun21	8	static
../Core/Phoropter/Src/PD_cmd.c:528:6:PD1_SubFun22	8	static
../Core/Phoropter/Src/PD_cmd.c:550:6:PD1_SubFun23	8	static
../Core/Phoropter/Src/PD_cmd.c:572:6:PD1_SubFun24	8	static
../Core/Phoropter/Src/PD_cmd.c:594:6:PD1_SubFun25	8	static
../Core/Phoropter/Src/PD_cmd.c:616:6:PD1_SubFun26	8	static
../Core/Phoropter/Src/PD_cmd.c:638:6:PD1_SubFun27	8	static
../Core/Phoropter/Src/PD_cmd.c:660:6:PD1_SubFun28	8	static
../Core/Phoropter/Src/PD_cmd.c:682:6:PD1_SubFun29	8	static
../Core/Phoropter/Src/PD_cmd.c:704:6:PD1_SubFun30	8	static
../Core/Phoropter/Src/PD_cmd.c:726:6:PD1_SubFun31	8	static
../Core/Phoropter/Src/PD_cmd.c:747:6:PD1_SubFun32	8	static
../Core/Phoropter/Src/PD_cmd.c:769:6:PD1_SubFun33	8	static
../Core/Phoropter/Src/PD_cmd.c:791:6:PD1_SubFun34	8	static
../Core/Phoropter/Src/PD_cmd.c:813:6:PD1_SubFun35	8	static
../Core/Phoropter/Src/PD_cmd.c:835:6:PD1_SubFun36	8	static
../Core/Phoropter/Src/PD_cmd.c:857:6:PD1_SubFun37	8	static
../Core/Phoropter/Src/PD_cmd.c:879:6:PD1_SubFun38	8	static
../Core/Phoropter/Src/PD_cmd.c:901:6:PD1_SubFun39	8	static
../Core/Phoropter/Src/PD_cmd.c:923:6:PD1_SubFun40	8	static
../Core/Phoropter/Src/PD_cmd.c:945:6:PD1_SubFun41	8	static
../Core/Phoropter/Src/PD_cmd.c:967:6:PD1_SubFun42	8	static
../Core/Phoropter/Src/PD_cmd.c:989:6:PD1_SubFun43	8	static
../Core/Phoropter/Src/PD_cmd.c:1011:6:PD1_SubFun44	8	static
../Core/Phoropter/Src/PD_cmd.c:1033:6:PD1_SubFun45	8	static
../Core/Phoropter/Src/PD_cmd.c:1055:6:PD1_SubFun46	8	static
../Core/Phoropter/Src/PD_cmd.c:1077:6:PD1_SubFun47	8	static
../Core/Phoropter/Src/PD_cmd.c:1099:6:PD1_SubFun48	8	static
../Core/Phoropter/Src/PD_cmd.c:1121:6:PD1_SubFun49	8	static
../Core/Phoropter/Src/PD_cmd.c:1143:6:PD1_SubFun50	8	static
../Core/Phoropter/Src/PD_cmd.c:1165:6:PD1_SubFun51	8	static
../Core/Phoropter/Src/PD_cmd.c:1187:6:PD1_SubFun52	8	static
../Core/Phoropter/Src/PD_cmd.c:1209:6:PD1_SubFun53	8	static
../Core/Phoropter/Src/PD_cmd.c:1231:6:PD1_SubFun54	8	static
../Core/Phoropter/Src/PD_cmd.c:1253:6:PD1_SubFun55	8	static
../Core/Phoropter/Src/PD_cmd.c:1275:6:PD1_SubFun56	8	static
../Core/Phoropter/Src/PD_cmd.c:1297:6:PD1_SubFun57	8	static
../Core/Phoropter/Src/PD_cmd.c:1319:6:PD1_SubFun58	8	static
../Core/Phoropter/Src/PD_cmd.c:1341:6:PD1_SubFun59	8	static
../Core/Phoropter/Src/PD_cmd.c:1363:6:PD1_SubFun60	8	static
../Core/Phoropter/Src/PD_cmd.c:1383:6:PD1_SubFun61	8	static
../Core/Phoropter/Src/PD_cmd.c:1398:6:PD1_SubFun62	8	static
