../Core/Phoropter/Src/Prism_ver_cmd.c:24:9:Prism_ver_cmd	16	static
../Core/Phoropter/Src/Prism_ver_cmd.c:63:6:Prism_ver_SubFun1	8	static
../Core/Phoropter/Src/Prism_ver_cmd.c:85:6:Prism_ver_SubFun2	8	static
../Core/Phoropter/Src/Prism_ver_cmd.c:105:6:Prism_ver_SubFun3	8	static
../Core/Phoropter/Src/Prism_ver_cmd.c:126:6:Prism_ver_SubFun4	8	static
../Core/Phoropter/Src/Prism_ver_cmd.c:147:6:Prism_ver_SubFun5	8	static
../Core/Phoropter/Src/Prism_ver_cmd.c:167:6:Prism_ver_SubFun6	8	static
../Core/Phoropter/Src/Prism_ver_cmd.c:187:6:Prism_ver_SubFun7	8	static
../Core/Phoropter/Src/Prism_ver_cmd.c:208:6:Prism_ver_SubFun8	8	static
../Core/Phoropter/Src/Prism_ver_cmd.c:229:6:Prism_ver_SubFun9	8	static
../Core/Phoropter/Src/Prism_ver_cmd.c:250:6:Prism_ver_SubFun10	8	static
../Core/Phoropter/Src/Prism_ver_cmd.c:271:6:Prism_ver_SubFun11	8	static
../Core/Phoropter/Src/Prism_ver_cmd.c:293:6:Prism_ver_SubFun12	8	static
../Core/Phoropter/Src/Prism_ver_cmd.c:314:6:Prism_ver_SubFun13	8	static
../Core/Phoropter/Src/Prism_ver_cmd.c:335:6:Prism_ver_SubFun14	8	static
../Core/Phoropter/Src/Prism_ver_cmd.c:356:6:Prism_ver_SubFun15	8	static
../Core/Phoropter/Src/Prism_ver_cmd.c:377:6:Prism_ver_SubFun16	8	static
../Core/Phoropter/Src/Prism_ver_cmd.c:398:6:Prism_ver_SubFun17	8	static
../Core/Phoropter/Src/Prism_ver_cmd.c:419:6:Prism_ver_SubFun18	8	static
../Core/Phoropter/Src/Prism_ver_cmd.c:440:6:Prism_ver_SubFun19	8	static
../Core/Phoropter/Src/Prism_ver_cmd.c:461:6:Prism_ver_SubFun20	8	static
../Core/Phoropter/Src/Prism_ver_cmd.c:483:6:Prism_ver_SubFun21	8	static
../Core/Phoropter/Src/Prism_ver_cmd.c:505:6:Prism_ver_SubFun22	8	static
../Core/Phoropter/Src/Prism_ver_cmd.c:526:6:Prism_ver_SubFun23	8	static
../Core/Phoropter/Src/Prism_ver_cmd.c:547:6:Prism_ver_SubFun24	8	static
../Core/Phoropter/Src/Prism_ver_cmd.c:568:6:Prism_ver_SubFun25	8	static
../Core/Phoropter/Src/Prism_ver_cmd.c:589:6:Prism_ver_SubFun26	8	static
../Core/Phoropter/Src/Prism_ver_cmd.c:610:6:Prism_ver_SubFun27	8	static
../Core/Phoropter/Src/Prism_ver_cmd.c:631:6:Prism_ver_SubFun28	8	static
../Core/Phoropter/Src/Prism_ver_cmd.c:652:6:Prism_ver_SubFun29	8	static
../Core/Phoropter/Src/Prism_ver_cmd.c:673:6:Prism_ver_SubFun30	8	static
../Core/Phoropter/Src/Prism_ver_cmd.c:694:6:Prism_ver_SubFun31	8	static
../Core/Phoropter/Src/Prism_ver_cmd.c:716:6:Prism_ver_SubFun32	8	static
../Core/Phoropter/Src/Prism_ver_cmd.c:738:6:Prism_ver_SubFun33	8	static
../Core/Phoropter/Src/Prism_ver_cmd.c:759:6:Prism_ver_SubFun34	8	static
../Core/Phoropter/Src/Prism_ver_cmd.c:781:6:Prism_ver_SubFun35	8	static
../Core/Phoropter/Src/Prism_ver_cmd.c:803:6:Prism_ver_SubFun36	8	static
../Core/Phoropter/Src/Prism_ver_cmd.c:825:6:Prism_ver_SubFun37	8	static
../Core/Phoropter/Src/Prism_ver_cmd.c:847:6:Prism_ver_SubFun38	8	static
../Core/Phoropter/Src/Prism_ver_cmd.c:869:6:Prism_ver_SubFun39	8	static
../Core/Phoropter/Src/Prism_ver_cmd.c:891:6:Prism_ver_SubFun40	8	static
../Core/Phoropter/Src/Prism_ver_cmd.c:913:6:Prism_ver_SubFun41	8	static
../Core/Phoropter/Src/Prism_ver_cmd.c:935:6:Prism_ver_SubFun42	8	static
../Core/Phoropter/Src/Prism_ver_cmd.c:957:6:Prism_ver_SubFun43	8	static
../Core/Phoropter/Src/Prism_ver_cmd.c:979:6:Prism_ver_SubFun44	8	static
../Core/Phoropter/Src/Prism_ver_cmd.c:1001:6:Prism_ver_SubFun45	8	static
../Core/Phoropter/Src/Prism_ver_cmd.c:1023:6:Prism_ver_SubFun46	8	static
../Core/Phoropter/Src/Prism_ver_cmd.c:1045:6:Prism_ver_SubFun47	8	static
../Core/Phoropter/Src/Prism_ver_cmd.c:1067:6:Prism_ver_SubFun48	8	static
../Core/Phoropter/Src/Prism_ver_cmd.c:1089:6:Prism_ver_SubFun49	8	static
../Core/Phoropter/Src/Prism_ver_cmd.c:1111:6:Prism_ver_SubFun50	8	static
../Core/Phoropter/Src/Prism_ver_cmd.c:1133:6:Prism_ver_SubFun51	8	static
../Core/Phoropter/Src/Prism_ver_cmd.c:1155:6:Prism_ver_SubFun52	8	static
../Core/Phoropter/Src/Prism_ver_cmd.c:1177:6:Prism_ver_SubFun53	8	static
../Core/Phoropter/Src/Prism_ver_cmd.c:1199:6:Prism_ver_SubFun54	8	static
../Core/Phoropter/Src/Prism_ver_cmd.c:1221:6:Prism_ver_SubFun55	8	static
../Core/Phoropter/Src/Prism_ver_cmd.c:1243:6:Prism_ver_SubFun56	8	static
../Core/Phoropter/Src/Prism_ver_cmd.c:1265:6:Prism_ver_SubFun57	8	static
../Core/Phoropter/Src/Prism_ver_cmd.c:1287:6:Prism_ver_SubFun58	8	static
../Core/Phoropter/Src/Prism_ver_cmd.c:1309:6:Prism_ver_SubFun59	8	static
../Core/Phoropter/Src/Prism_ver_cmd.c:1331:6:Prism_ver_SubFun60	8	static
../Core/Phoropter/Src/Prism_ver_cmd.c:1353:6:Prism_ver_SubFun61	8	static
../Core/Phoropter/Src/Prism_ver_cmd.c:1375:6:Prism_ver_SubFun62	8	static
../Core/Phoropter/Src/Prism_ver_cmd.c:1397:6:Prism_ver_SubFun63	8	static
../Core/Phoropter/Src/Prism_ver_cmd.c:1419:6:Prism_ver_SubFun64	8	static
../Core/Phoropter/Src/Prism_ver_cmd.c:1441:6:Prism_ver_SubFun65	8	static
../Core/Phoropter/Src/Prism_ver_cmd.c:1463:6:Prism_ver_SubFun66	8	static
../Core/Phoropter/Src/Prism_ver_cmd.c:1485:6:Prism_ver_SubFun67	8	static
../Core/Phoropter/Src/Prism_ver_cmd.c:1507:6:Prism_ver_SubFun68	8	static
../Core/Phoropter/Src/Prism_ver_cmd.c:1529:6:Prism_ver_SubFun69	8	static
../Core/Phoropter/Src/Prism_ver_cmd.c:1551:6:Prism_ver_SubFun70	8	static
../Core/Phoropter/Src/Prism_ver_cmd.c:1573:6:Prism_ver_SubFun71	8	static
../Core/Phoropter/Src/Prism_ver_cmd.c:1595:6:Prism_ver_SubFun72	8	static
../Core/Phoropter/Src/Prism_ver_cmd.c:1617:6:Prism_ver_SubFun73	8	static
../Core/Phoropter/Src/Prism_ver_cmd.c:1639:6:Prism_ver_SubFun74	8	static
../Core/Phoropter/Src/Prism_ver_cmd.c:1661:6:Prism_ver_SubFun75	8	static
../Core/Phoropter/Src/Prism_ver_cmd.c:1683:6:Prism_ver_SubFun76	8	static
../Core/Phoropter/Src/Prism_ver_cmd.c:1705:6:Prism_ver_SubFun77	8	static
../Core/Phoropter/Src/Prism_ver_cmd.c:1727:6:Prism_ver_SubFun78	8	static
../Core/Phoropter/Src/Prism_ver_cmd.c:1749:6:Prism_ver_SubFun79	8	static
../Core/Phoropter/Src/Prism_ver_cmd.c:1771:6:Prism_ver_SubFun80	8	static
../Core/Phoropter/Src/Prism_ver_cmd.c:1793:6:Prism_ver_SubFun81	8	static
../Core/Phoropter/Src/Prism_ver_cmd.c:1815:6:Prism_ver_SubFun82	8	static
../Core/Phoropter/Src/Prism_ver_cmd.c:1837:6:Prism_ver_SubFun83	8	static
../Core/Phoropter/Src/Prism_ver_cmd.c:1859:6:Prism_ver_SubFun84	8	static
../Core/Phoropter/Src/Prism_ver_cmd.c:1881:6:Prism_ver_SubFun85	8	static
../Core/Phoropter/Src/Prism_ver_cmd.c:1903:6:Prism_ver_SubFun86	8	static
../Core/Phoropter/Src/Prism_ver_cmd.c:1925:6:Prism_ver_SubFun87	8	static
../Core/Phoropter/Src/Prism_ver_cmd.c:1947:6:Prism_ver_SubFun88	8	static
../Core/Phoropter/Src/Prism_ver_cmd.c:1969:6:Prism_ver_SubFun89	8	static
../Core/Phoropter/Src/Prism_ver_cmd.c:1991:6:Prism_ver_SubFun90	8	static
../Core/Phoropter/Src/Prism_ver_cmd.c:2013:6:Prism_ver_SubFun91	8	static
../Core/Phoropter/Src/Prism_ver_cmd.c:2035:6:Prism_ver_SubFun92	8	static
../Core/Phoropter/Src/Prism_ver_cmd.c:2057:6:Prism_ver_SubFun93	8	static
../Core/Phoropter/Src/Prism_ver_cmd.c:2079:6:Prism_ver_SubFun94	8	static
../Core/Phoropter/Src/Prism_ver_cmd.c:2101:6:Prism_ver_SubFun95	8	static
../Core/Phoropter/Src/Prism_ver_cmd.c:2123:6:Prism_ver_SubFun96	8	static
../Core/Phoropter/Src/Prism_ver_cmd.c:2145:6:Prism_ver_SubFun97	8	static
../Core/Phoropter/Src/Prism_ver_cmd.c:2167:6:Prism_ver_SubFun98	8	static
../Core/Phoropter/Src/Prism_ver_cmd.c:2189:6:Prism_ver_SubFun99	8	static
../Core/Phoropter/Src/Prism_ver_cmd.c:2211:6:Prism_ver_SubFun100	8	static
../Core/Phoropter/Src/Prism_ver_cmd.c:2233:6:Prism_ver_SubFun101	8	static
../Core/Phoropter/Src/Prism_ver_cmd.c:2255:6:Prism_ver_SubFun102	8	static
../Core/Phoropter/Src/Prism_ver_cmd.c:2277:6:Prism_ver_SubFun103	8	static
../Core/Phoropter/Src/Prism_ver_cmd.c:2299:6:Prism_ver_SubFun104	8	static
../Core/Phoropter/Src/Prism_ver_cmd.c:2321:6:Prism_ver_SubFun105	8	static
../Core/Phoropter/Src/Prism_ver_cmd.c:2343:6:Prism_ver_SubFun106	8	static
../Core/Phoropter/Src/Prism_ver_cmd.c:2365:6:Prism_ver_SubFun107	8	static
../Core/Phoropter/Src/Prism_ver_cmd.c:2387:6:Prism_ver_SubFun108	8	static
../Core/Phoropter/Src/Prism_ver_cmd.c:2409:6:Prism_ver_SubFun109	8	static
../Core/Phoropter/Src/Prism_ver_cmd.c:2431:6:Prism_ver_SubFun110	8	static
../Core/Phoropter/Src/Prism_ver_cmd.c:2453:6:Prism_ver_SubFun111	8	static
../Core/Phoropter/Src/Prism_ver_cmd.c:2475:6:Prism_ver_SubFun112	8	static
../Core/Phoropter/Src/Prism_ver_cmd.c:2497:6:Prism_ver_SubFun113	8	static
../Core/Phoropter/Src/Prism_ver_cmd.c:2519:6:Prism_ver_SubFun114	8	static
../Core/Phoropter/Src/Prism_ver_cmd.c:2541:6:Prism_ver_SubFun115	8	static
../Core/Phoropter/Src/Prism_ver_cmd.c:2563:6:Prism_ver_SubFun116	8	static
../Core/Phoropter/Src/Prism_ver_cmd.c:2585:6:Prism_ver_SubFun117	8	static
../Core/Phoropter/Src/Prism_ver_cmd.c:2607:6:Prism_ver_SubFun118	8	static
../Core/Phoropter/Src/Prism_ver_cmd.c:2629:6:Prism_ver_SubFun119	8	static
../Core/Phoropter/Src/Prism_ver_cmd.c:2651:6:Prism_ver_SubFun120	8	static
../Core/Phoropter/Src/Prism_ver_cmd.c:2673:6:Prism_ver_SubFun121	8	static
../Core/Phoropter/Src/Prism_ver_cmd.c:2695:6:Prism_ver_SubFun122	8	static
../Core/Phoropter/Src/Prism_ver_cmd.c:2717:6:Prism_ver_SubFun123	8	static
../Core/Phoropter/Src/Prism_ver_cmd.c:2739:6:Prism_ver_SubFun124	8	static
../Core/Phoropter/Src/Prism_ver_cmd.c:2761:6:Prism_ver_SubFun125	8	static
../Core/Phoropter/Src/Prism_ver_cmd.c:2783:6:Prism_ver_SubFun126	8	static
../Core/Phoropter/Src/Prism_ver_cmd.c:2805:6:Prism_ver_SubFun127	8	static
../Core/Phoropter/Src/Prism_ver_cmd.c:2827:6:Prism_ver_SubFun128	8	static
../Core/Phoropter/Src/Prism_ver_cmd.c:2849:6:Prism_ver_SubFun129	8	static
../Core/Phoropter/Src/Prism_ver_cmd.c:2871:6:Prism_ver_SubFun130	8	static
../Core/Phoropter/Src/Prism_ver_cmd.c:2893:6:Prism_ver_SubFun131	8	static
../Core/Phoropter/Src/Prism_ver_cmd.c:2915:6:Prism_ver_SubFun132	8	static
../Core/Phoropter/Src/Prism_ver_cmd.c:2937:6:Prism_ver_SubFun133	8	static
../Core/Phoropter/Src/Prism_ver_cmd.c:2959:6:Prism_ver_SubFun134	8	static
../Core/Phoropter/Src/Prism_ver_cmd.c:2981:6:Prism_ver_SubFun135	8	static
../Core/Phoropter/Src/Prism_ver_cmd.c:3003:6:Prism_ver_SubFun136	8	static
../Core/Phoropter/Src/Prism_ver_cmd.c:3025:6:Prism_ver_SubFun137	8	static
../Core/Phoropter/Src/Prism_ver_cmd.c:3047:6:Prism_ver_SubFun138	8	static
../Core/Phoropter/Src/Prism_ver_cmd.c:3069:6:Prism_ver_SubFun139	8	static
../Core/Phoropter/Src/Prism_ver_cmd.c:3091:6:Prism_ver_SubFun140	8	static
../Core/Phoropter/Src/Prism_ver_cmd.c:3113:6:Prism_ver_SubFun141	8	static
../Core/Phoropter/Src/Prism_ver_cmd.c:3135:6:Prism_ver_SubFun142	8	static
../Core/Phoropter/Src/Prism_ver_cmd.c:3157:6:Prism_ver_SubFun143	8	static
../Core/Phoropter/Src/Prism_ver_cmd.c:3179:6:Prism_ver_SubFun144	8	static
../Core/Phoropter/Src/Prism_ver_cmd.c:3201:6:Prism_ver_SubFun145	8	static
../Core/Phoropter/Src/Prism_ver_cmd.c:3223:6:Prism_ver_SubFun146	8	static
../Core/Phoropter/Src/Prism_ver_cmd.c:3245:6:Prism_ver_SubFun147	8	static
../Core/Phoropter/Src/Prism_ver_cmd.c:3267:6:Prism_ver_SubFun148	8	static
../Core/Phoropter/Src/Prism_ver_cmd.c:3289:6:Prism_ver_SubFun149	8	static
../Core/Phoropter/Src/Prism_ver_cmd.c:3311:6:Prism_ver_SubFun150	8	static
../Core/Phoropter/Src/Prism_ver_cmd.c:3333:6:Prism_ver_SubFun151	8	static
../Core/Phoropter/Src/Prism_ver_cmd.c:3355:6:Prism_ver_SubFun152	8	static
../Core/Phoropter/Src/Prism_ver_cmd.c:3377:6:Prism_ver_SubFun153	8	static
../Core/Phoropter/Src/Prism_ver_cmd.c:3399:6:Prism_ver_SubFun154	8	static
../Core/Phoropter/Src/Prism_ver_cmd.c:3421:6:Prism_ver_SubFun155	8	static
../Core/Phoropter/Src/Prism_ver_cmd.c:3443:6:Prism_ver_SubFun156	8	static
../Core/Phoropter/Src/Prism_ver_cmd.c:3465:6:Prism_ver_SubFun157	8	static
../Core/Phoropter/Src/Prism_ver_cmd.c:3487:6:Prism_ver_SubFun158	8	static
../Core/Phoropter/Src/Prism_ver_cmd.c:3509:6:Prism_ver_SubFun159	8	static
../Core/Phoropter/Src/Prism_ver_cmd.c:3531:6:Prism_ver_SubFun160	8	static
../Core/Phoropter/Src/Prism_ver_cmd.c:3553:6:Prism_ver_SubFun161	8	static
../Core/Phoropter/Src/Prism_ver_cmd.c:3569:6:Prism_ver_SubFun162	8	static
